09:53:26 **** Incremental Build of configuration Debug for project simpleExampleBareMetal ****
make -r -j8 all 
Building file: ../src/main.c
Invoking: MCU C Compiler
arm-none-eabi-gcc -std=gnu99 -D__REDLIB__ -DCPU_LPC55S16JBD100 -DCPU_LPC55S16JBD100_cm33 -DMCUXPRESSO_SDK -DSDK_DEBUGCONSOLE=1 -DCR_INTEGER_PRINTF -DPRINTF_FLOAT_ENABLE=0 -D__MCUXPRESSO -D__USE_CMSIS -DDEBUG -I"/media/olivier/DATADISK/GAW-R/04-Projets/11-serialDataMonitor/ecu/exampleLPC55S16BareMetal/simpleExampleBareMetal/utilities" -I"/media/olivier/DATADISK/GAW-R/04-Projets/11-serialDataMonitor/ecu/exampleLPC55S16BareMetal/simpleExampleBareMetal/drivers" -I"/media/olivier/DATADISK/GAW-R/04-Projets/11-serialDataMonitor/ecu/exampleLPC55S16BareMetal/simpleExampleBareMetal/LPC55S16/drivers" -I"/media/olivier/DATADISK/GAW-R/04-Projets/11-serialDataMonitor/ecu/exampleLPC55S16BareMetal/simpleExampleBareMetal/component/uart" -I"/media/olivier/DATADISK/GAW-R/04-Projets/11-serialDataMonitor/ecu/exampleLPC55S16BareMetal/simpleExampleBareMetal/component/lists" -I"/media/olivier/DATADISK/GAW-R/04-Projets/11-serialDataMonitor/ecu/exampleLPC55S16BareMetal/simpleExampleBareMetal/device" -I"/media/olivier/DATADISK/GAW-R/04-Projets/11-serialDataMonitor/ecu/exampleLPC55S16BareMetal/simpleExampleBareMetal/CMSIS" -I"/media/olivier/DATADISK/GAW-R/04-Projets/11-serialDataMonitor/ecu/exampleLPC55S16BareMetal/simpleExampleBareMetal/board" -I"/media/olivier/DATADISK/GAW-R/04-Projets/11-serialDataMonitor/ecu/exampleLPC55S16BareMetal/simpleExampleBareMetal/inc" -I"/media/olivier/DATADISK/GAW-R/04-Projets/11-serialDataMonitor/ecu/exampleLPC55S16BareMetal/simpleExampleBareMetal/utilities" -I"/media/olivier/DATADISK/GAW-R/04-Projets/11-serialDataMonitor/ecu/exampleLPC55S16BareMetal/simpleExampleBareMetal/drivers" -I"/media/olivier/DATADISK/GAW-R/04-Projets/11-serialDataMonitor/ecu/exampleLPC55S16BareMetal/simpleExampleBareMetal/LPC55S16/drivers" -I"/media/olivier/DATADISK/GAW-R/04-Projets/11-serialDataMonitor/ecu/exampleLPC55S16BareMetal/simpleExampleBareMetal/device" -I"/media/olivier/DATADISK/GAW-R/04-Projets/11-serialDataMonitor/ecu/exampleLPC55S16BareMetal/simpleExampleBareMetal/component/uart" -I"/media/olivier/DATADISK/GAW-R/04-Projets/11-serialDataMonitor/ecu/exampleLPC55S16BareMetal/simpleExampleBareMetal/component/lists" -I"/media/olivier/DATADISK/GAW-R/04-Projets/11-serialDataMonitor/ecu/exampleLPC55S16BareMetal/simpleExampleBareMetal/CMSIS" -O0 -fno-common -g3 -mcpu=cortex-m33 -c -ffunction-sections -fdata-sections -ffreestanding -fno-builtin -fmerge-constants -fmacro-prefix-map="../src/"=. -mcpu=cortex-m33 -mfpu=fpv5-sp-d16 -mfloat-abi=hard -mthumb -D__REDLIB__ -fstack-usage -specs=redlib.specs -MMD -MP -MF"src/main.d" -MT"src/main.o" -MT"src/main.d" -o "src/main.o" "../src/main.c"
Finished building: ../src/main.c
 
Building target: simpleExampleBareMetal.axf
Invoking: MCU Linker
arm-none-eabi-gcc -nostdlib -L"/media/olivier/DATADISK/GAW-R/04-Projets/11-serialDataMonitor/ecu/exampleLPC55S16BareMetal/simpleExampleBareMetal/LPC55S16/mcuxpresso" -Xlinker -Map="simpleExampleBareMetal.map" -Xlinker --gc-sections -Xlinker -print-memory-usage -Xlinker --sort-section=alignment -Xlinker --cref -mcpu=cortex-m33 -mfpu=fpv5-sp-d16 -mfloat-abi=hard -mthumb -T "simpleExampleBareMetal_Debug.ld" -o "simpleExampleBareMetal.axf"  ./utilities/fsl_assert.o ./utilities/fsl_debug_console.o  ./startup/startup_lpc55s16.o  ./src/main.o ./src/monitoring.o ./src/uart.o  ./drivers/fsl_clock.o ./drivers/fsl_common.o ./drivers/fsl_common_arm.o ./drivers/fsl_ctimer.o ./drivers/fsl_flexcomm.o ./drivers/fsl_gpio.o ./drivers/fsl_inputmux.o ./drivers/fsl_reset.o ./drivers/fsl_usart.o  ./device/system_LPC55S16.o  ./component/uart/fsl_adapter_usart.o  ./component/lists/fsl_component_generic_list.o  ./board/clock_config.o ./board/peripherals.o ./board/pin_mux.o  ./LPC55S16/drivers/fsl_power.o   -lpower_hardabi
Memory region         Used Size  Region Size  %age Used
   PROGRAM_FLASH:       21852 B       224 KB      9.53%
            SRAM:        9108 B        64 KB     13.90%
         USB_RAM:          0 GB        16 KB      0.00%
           SRAMX:          0 GB        16 KB      0.00%
Finished building target: simpleExampleBareMetal.axf
 
make --no-print-directory post-build
Performing post-build steps
arm-none-eabi-size "simpleExampleBareMetal.axf"; # arm-none-eabi-objcopy -v -O binary "simpleExampleBareMetal.axf" "simpleExampleBareMetal.bin" ; # checksum -p LPC55S16 -d "simpleExampleBareMetal.bin";
   text	   data	    bss	    dec	    hex	filename
  21564	    288	   8820	  30672	   77d0	simpleExampleBareMetal.axf
 
09:53:30 **** Incremental Build of configuration Debug for project simpleExampleBareMetal ****
make -r -j8 all 
make: rien à faire pour « all ».
09:57:58 **** Incremental Build of configuration Debug for project simpleExampleBareMetal ****
make -r -j8 all 
Building file: ../src/main.c
Invoking: MCU C Compiler
arm-none-eabi-gcc -std=gnu99 -D__REDLIB__ -DCPU_LPC55S16JBD100 -DCPU_LPC55S16JBD100_cm33 -DMCUXPRESSO_SDK -DSDK_DEBUGCONSOLE=1 -DCR_INTEGER_PRINTF -DPRINTF_FLOAT_ENABLE=0 -D__MCUXPRESSO -D__USE_CMSIS -DDEBUG -I"/media/olivier/DATADISK/GAW-R/04-Projets/11-serialDataMonitor/ecu/exampleLPC55S16BareMetal/simpleExampleBareMetal/utilities" -I"/media/olivier/DATADISK/GAW-R/04-Projets/11-serialDataMonitor/ecu/exampleLPC55S16BareMetal/simpleExampleBareMetal/drivers" -I"/media/olivier/DATADISK/GAW-R/04-Projets/11-serialDataMonitor/ecu/exampleLPC55S16BareMetal/simpleExampleBareMetal/LPC55S16/drivers" -I"/media/olivier/DATADISK/GAW-R/04-Projets/11-serialDataMonitor/ecu/exampleLPC55S16BareMetal/simpleExampleBareMetal/component/uart" -I"/media/olivier/DATADISK/GAW-R/04-Projets/11-serialDataMonitor/ecu/exampleLPC55S16BareMetal/simpleExampleBareMetal/component/lists" -I"/media/olivier/DATADISK/GAW-R/04-Projets/11-serialDataMonitor/ecu/exampleLPC55S16BareMetal/simpleExampleBareMetal/device" -I"/media/olivier/DATADISK/GAW-R/04-Projets/11-serialDataMonitor/ecu/exampleLPC55S16BareMetal/simpleExampleBareMetal/CMSIS" -I"/media/olivier/DATADISK/GAW-R/04-Projets/11-serialDataMonitor/ecu/exampleLPC55S16BareMetal/simpleExampleBareMetal/board" -I"/media/olivier/DATADISK/GAW-R/04-Projets/11-serialDataMonitor/ecu/exampleLPC55S16BareMetal/simpleExampleBareMetal/inc" -I"/media/olivier/DATADISK/GAW-R/04-Projets/11-serialDataMonitor/ecu/exampleLPC55S16BareMetal/simpleExampleBareMetal/utilities" -I"/media/olivier/DATADISK/GAW-R/04-Projets/11-serialDataMonitor/ecu/exampleLPC55S16BareMetal/simpleExampleBareMetal/drivers" -I"/media/olivier/DATADISK/GAW-R/04-Projets/11-serialDataMonitor/ecu/exampleLPC55S16BareMetal/simpleExampleBareMetal/LPC55S16/drivers" -I"/media/olivier/DATADISK/GAW-R/04-Projets/11-serialDataMonitor/ecu/exampleLPC55S16BareMetal/simpleExampleBareMetal/device" -I"/media/olivier/DATADISK/GAW-R/04-Projets/11-serialDataMonitor/ecu/exampleLPC55S16BareMetal/simpleExampleBareMetal/component/uart" -I"/media/olivier/DATADISK/GAW-R/04-Projets/11-serialDataMonitor/ecu/exampleLPC55S16BareMetal/simpleExampleBareMetal/component/lists" -I"/media/olivier/DATADISK/GAW-R/04-Projets/11-serialDataMonitor/ecu/exampleLPC55S16BareMetal/simpleExampleBareMetal/CMSIS" -O0 -fno-common -g3 -mcpu=cortex-m33 -c -ffunction-sections -fdata-sections -ffreestanding -fno-builtin -fmerge-constants -fmacro-prefix-map="../src/"=. -mcpu=cortex-m33 -mfpu=fpv5-sp-d16 -mfloat-abi=hard -mthumb -D__REDLIB__ -fstack-usage -specs=redlib.specs -MMD -MP -MF"src/main.d" -MT"src/main.o" -MT"src/main.d" -o "src/main.o" "../src/main.c"
Finished building: ../src/main.c
 
Building target: simpleExampleBareMetal.axf
Invoking: MCU Linker
arm-none-eabi-gcc -nostdlib -L"/media/olivier/DATADISK/GAW-R/04-Projets/11-serialDataMonitor/ecu/exampleLPC55S16BareMetal/simpleExampleBareMetal/LPC55S16/mcuxpresso" -Xlinker -Map="simpleExampleBareMetal.map" -Xlinker --gc-sections -Xlinker -print-memory-usage -Xlinker --sort-section=alignment -Xlinker --cref -mcpu=cortex-m33 -mfpu=fpv5-sp-d16 -mfloat-abi=hard -mthumb -T "simpleExampleBareMetal_Debug.ld" -o "simpleExampleBareMetal.axf"  ./utilities/fsl_assert.o ./utilities/fsl_debug_console.o  ./startup/startup_lpc55s16.o  ./src/main.o ./src/monitoring.o ./src/uart.o  ./drivers/fsl_clock.o ./drivers/fsl_common.o ./drivers/fsl_common_arm.o ./drivers/fsl_ctimer.o ./drivers/fsl_flexcomm.o ./drivers/fsl_gpio.o ./drivers/fsl_inputmux.o ./drivers/fsl_reset.o ./drivers/fsl_usart.o  ./device/system_LPC55S16.o  ./component/uart/fsl_adapter_usart.o  ./component/lists/fsl_component_generic_list.o  ./board/clock_config.o ./board/peripherals.o ./board/pin_mux.o  ./LPC55S16/drivers/fsl_power.o   -lpower_hardabi
Memory region         Used Size  Region Size  %age Used
   PROGRAM_FLASH:       21852 B       224 KB      9.53%
            SRAM:        9108 B        64 KB     13.90%
         USB_RAM:          0 GB        16 KB      0.00%
           SRAMX:          0 GB        16 KB      0.00%
Finished building target: simpleExampleBareMetal.axf
 
make --no-print-directory post-build
Performing post-build steps
arm-none-eabi-size "simpleExampleBareMetal.axf"; # arm-none-eabi-objcopy -v -O binary "simpleExampleBareMetal.axf" "simpleExampleBareMetal.bin" ; # checksum -p LPC55S16 -d "simpleExampleBareMetal.bin";
   text	   data	    bss	    dec	    hex	filename
  21564	    288	   8820	  30672	   77d0	simpleExampleBareMetal.axf
 
10:02:45 **** Incremental Build of configuration Debug for project simpleExampleBareMetal ****
make -r -j8 all 
Building file: ../src/main.c
Invoking: MCU C Compiler
arm-none-eabi-gcc -std=gnu99 -D__REDLIB__ -DCPU_LPC55S16JBD100 -DCPU_LPC55S16JBD100_cm33 -DMCUXPRESSO_SDK -DSDK_DEBUGCONSOLE=1 -DCR_INTEGER_PRINTF -DPRINTF_FLOAT_ENABLE=0 -D__MCUXPRESSO -D__USE_CMSIS -DDEBUG -I"/media/olivier/DATADISK/GAW-R/04-Projets/11-serialDataMonitor/ecu/exampleLPC55S16BareMetal/simpleExampleBareMetal/utilities" -I"/media/olivier/DATADISK/GAW-R/04-Projets/11-serialDataMonitor/ecu/exampleLPC55S16BareMetal/simpleExampleBareMetal/drivers" -I"/media/olivier/DATADISK/GAW-R/04-Projets/11-serialDataMonitor/ecu/exampleLPC55S16BareMetal/simpleExampleBareMetal/LPC55S16/drivers" -I"/media/olivier/DATADISK/GAW-R/04-Projets/11-serialDataMonitor/ecu/exampleLPC55S16BareMetal/simpleExampleBareMetal/component/uart" -I"/media/olivier/DATADISK/GAW-R/04-Projets/11-serialDataMonitor/ecu/exampleLPC55S16BareMetal/simpleExampleBareMetal/component/lists" -I"/media/olivier/DATADISK/GAW-R/04-Projets/11-serialDataMonitor/ecu/exampleLPC55S16BareMetal/simpleExampleBareMetal/device" -I"/media/olivier/DATADISK/GAW-R/04-Projets/11-serialDataMonitor/ecu/exampleLPC55S16BareMetal/simpleExampleBareMetal/CMSIS" -I"/media/olivier/DATADISK/GAW-R/04-Projets/11-serialDataMonitor/ecu/exampleLPC55S16BareMetal/simpleExampleBareMetal/board" -I"/media/olivier/DATADISK/GAW-R/04-Projets/11-serialDataMonitor/ecu/exampleLPC55S16BareMetal/simpleExampleBareMetal/inc" -I"/media/olivier/DATADISK/GAW-R/04-Projets/11-serialDataMonitor/ecu/exampleLPC55S16BareMetal/simpleExampleBareMetal/utilities" -I"/media/olivier/DATADISK/GAW-R/04-Projets/11-serialDataMonitor/ecu/exampleLPC55S16BareMetal/simpleExampleBareMetal/drivers" -I"/media/olivier/DATADISK/GAW-R/04-Projets/11-serialDataMonitor/ecu/exampleLPC55S16BareMetal/simpleExampleBareMetal/LPC55S16/drivers" -I"/media/olivier/DATADISK/GAW-R/04-Projets/11-serialDataMonitor/ecu/exampleLPC55S16BareMetal/simpleExampleBareMetal/device" -I"/media/olivier/DATADISK/GAW-R/04-Projets/11-serialDataMonitor/ecu/exampleLPC55S16BareMetal/simpleExampleBareMetal/component/uart" -I"/media/olivier/DATADISK/GAW-R/04-Projets/11-serialDataMonitor/ecu/exampleLPC55S16BareMetal/simpleExampleBareMetal/component/lists" -I"/media/olivier/DATADISK/GAW-R/04-Projets/11-serialDataMonitor/ecu/exampleLPC55S16BareMetal/simpleExampleBareMetal/CMSIS" -O0 -fno-common -g3 -mcpu=cortex-m33 -c -ffunction-sections -fdata-sections -ffreestanding -fno-builtin -fmerge-constants -fmacro-prefix-map="../src/"=. -mcpu=cortex-m33 -mfpu=fpv5-sp-d16 -mfloat-abi=hard -mthumb -D__REDLIB__ -fstack-usage -specs=redlib.specs -MMD -MP -MF"src/main.d" -MT"src/main.o" -MT"src/main.d" -o "src/main.o" "../src/main.c"
Finished building: ../src/main.c
 
Building target: simpleExampleBareMetal.axf
Invoking: MCU Linker
arm-none-eabi-gcc -nostdlib -L"/media/olivier/DATADISK/GAW-R/04-Projets/11-serialDataMonitor/ecu/exampleLPC55S16BareMetal/simpleExampleBareMetal/LPC55S16/mcuxpresso" -Xlinker -Map="simpleExampleBareMetal.map" -Xlinker --gc-sections -Xlinker -print-memory-usage -Xlinker --sort-section=alignment -Xlinker --cref -mcpu=cortex-m33 -mfpu=fpv5-sp-d16 -mfloat-abi=hard -mthumb -T "simpleExampleBareMetal_Debug.ld" -o "simpleExampleBareMetal.axf"  ./utilities/fsl_assert.o ./utilities/fsl_debug_console.o  ./startup/startup_lpc55s16.o  ./src/main.o ./src/monitoring.o ./src/uart.o  ./drivers/fsl_clock.o ./drivers/fsl_common.o ./drivers/fsl_common_arm.o ./drivers/fsl_ctimer.o ./drivers/fsl_flexcomm.o ./drivers/fsl_gpio.o ./drivers/fsl_inputmux.o ./drivers/fsl_reset.o ./drivers/fsl_usart.o  ./device/system_LPC55S16.o  ./component/uart/fsl_adapter_usart.o  ./component/lists/fsl_component_generic_list.o  ./board/clock_config.o ./board/peripherals.o ./board/pin_mux.o  ./LPC55S16/drivers/fsl_power.o   -lpower_hardabi
Memory region         Used Size  Region Size  %age Used
   PROGRAM_FLASH:       21852 B       224 KB      9.53%
            SRAM:        9108 B        64 KB     13.90%
         USB_RAM:          0 GB        16 KB      0.00%
           SRAMX:          0 GB        16 KB      0.00%
Finished building target: simpleExampleBareMetal.axf
 
make --no-print-directory post-build
Performing post-build steps
arm-none-eabi-size "simpleExampleBareMetal.axf"; # arm-none-eabi-objcopy -v -O binary "simpleExampleBareMetal.axf" "simpleExampleBareMetal.bin" ; # checksum -p LPC55S16 -d "simpleExampleBareMetal.bin";
   text	   data	    bss	    dec	    hex	filename
  21564	    288	   8820	  30672	   77d0	simpleExampleBareMetal.axf
 
10:03:09 **** Incremental Build of configuration Debug for project simpleExampleBareMetal ****
make -r -j8 all 
Building file: ../src/main.c
Invoking: MCU C Compiler
arm-none-eabi-gcc -std=gnu99 -D__REDLIB__ -DCPU_LPC55S16JBD100 -DCPU_LPC55S16JBD100_cm33 -DMCUXPRESSO_SDK -DSDK_DEBUGCONSOLE=1 -DCR_INTEGER_PRINTF -DPRINTF_FLOAT_ENABLE=0 -D__MCUXPRESSO -D__USE_CMSIS -DDEBUG -I"/media/olivier/DATADISK/GAW-R/04-Projets/11-serialDataMonitor/ecu/exampleLPC55S16BareMetal/simpleExampleBareMetal/utilities" -I"/media/olivier/DATADISK/GAW-R/04-Projets/11-serialDataMonitor/ecu/exampleLPC55S16BareMetal/simpleExampleBareMetal/drivers" -I"/media/olivier/DATADISK/GAW-R/04-Projets/11-serialDataMonitor/ecu/exampleLPC55S16BareMetal/simpleExampleBareMetal/LPC55S16/drivers" -I"/media/olivier/DATADISK/GAW-R/04-Projets/11-serialDataMonitor/ecu/exampleLPC55S16BareMetal/simpleExampleBareMetal/component/uart" -I"/media/olivier/DATADISK/GAW-R/04-Projets/11-serialDataMonitor/ecu/exampleLPC55S16BareMetal/simpleExampleBareMetal/component/lists" -I"/media/olivier/DATADISK/GAW-R/04-Projets/11-serialDataMonitor/ecu/exampleLPC55S16BareMetal/simpleExampleBareMetal/device" -I"/media/olivier/DATADISK/GAW-R/04-Projets/11-serialDataMonitor/ecu/exampleLPC55S16BareMetal/simpleExampleBareMetal/CMSIS" -I"/media/olivier/DATADISK/GAW-R/04-Projets/11-serialDataMonitor/ecu/exampleLPC55S16BareMetal/simpleExampleBareMetal/board" -I"/media/olivier/DATADISK/GAW-R/04-Projets/11-serialDataMonitor/ecu/exampleLPC55S16BareMetal/simpleExampleBareMetal/inc" -I"/media/olivier/DATADISK/GAW-R/04-Projets/11-serialDataMonitor/ecu/exampleLPC55S16BareMetal/simpleExampleBareMetal/utilities" -I"/media/olivier/DATADISK/GAW-R/04-Projets/11-serialDataMonitor/ecu/exampleLPC55S16BareMetal/simpleExampleBareMetal/drivers" -I"/media/olivier/DATADISK/GAW-R/04-Projets/11-serialDataMonitor/ecu/exampleLPC55S16BareMetal/simpleExampleBareMetal/LPC55S16/drivers" -I"/media/olivier/DATADISK/GAW-R/04-Projets/11-serialDataMonitor/ecu/exampleLPC55S16BareMetal/simpleExampleBareMetal/device" -I"/media/olivier/DATADISK/GAW-R/04-Projets/11-serialDataMonitor/ecu/exampleLPC55S16BareMetal/simpleExampleBareMetal/component/uart" -I"/media/olivier/DATADISK/GAW-R/04-Projets/11-serialDataMonitor/ecu/exampleLPC55S16BareMetal/simpleExampleBareMetal/component/lists" -I"/media/olivier/DATADISK/GAW-R/04-Projets/11-serialDataMonitor/ecu/exampleLPC55S16BareMetal/simpleExampleBareMetal/CMSIS" -O0 -fno-common -g3 -mcpu=cortex-m33 -c -ffunction-sections -fdata-sections -ffreestanding -fno-builtin -fmerge-constants -fmacro-prefix-map="../src/"=. -mcpu=cortex-m33 -mfpu=fpv5-sp-d16 -mfloat-abi=hard -mthumb -D__REDLIB__ -fstack-usage -specs=redlib.specs -MMD -MP -MF"src/main.d" -MT"src/main.o" -MT"src/main.d" -o "src/main.o" "../src/main.c"
Finished building: ../src/main.c
 
Building target: simpleExampleBareMetal.axf
Invoking: MCU Linker
arm-none-eabi-gcc -nostdlib -L"/media/olivier/DATADISK/GAW-R/04-Projets/11-serialDataMonitor/ecu/exampleLPC55S16BareMetal/simpleExampleBareMetal/LPC55S16/mcuxpresso" -Xlinker -Map="simpleExampleBareMetal.map" -Xlinker --gc-sections -Xlinker -print-memory-usage -Xlinker --sort-section=alignment -Xlinker --cref -mcpu=cortex-m33 -mfpu=fpv5-sp-d16 -mfloat-abi=hard -mthumb -T "simpleExampleBareMetal_Debug.ld" -o "simpleExampleBareMetal.axf"  ./utilities/fsl_assert.o ./utilities/fsl_debug_console.o  ./startup/startup_lpc55s16.o  ./src/main.o ./src/monitoring.o ./src/uart.o  ./drivers/fsl_clock.o ./drivers/fsl_common.o ./drivers/fsl_common_arm.o ./drivers/fsl_ctimer.o ./drivers/fsl_flexcomm.o ./drivers/fsl_gpio.o ./drivers/fsl_inputmux.o ./drivers/fsl_reset.o ./drivers/fsl_usart.o  ./device/system_LPC55S16.o  ./component/uart/fsl_adapter_usart.o  ./component/lists/fsl_component_generic_list.o  ./board/clock_config.o ./board/peripherals.o ./board/pin_mux.o  ./LPC55S16/drivers/fsl_power.o   -lpower_hardabi
Memory region         Used Size  Region Size  %age Used
   PROGRAM_FLASH:       21860 B       224 KB      9.53%
            SRAM:        9108 B        64 KB     13.90%
         USB_RAM:          0 GB        16 KB      0.00%
           SRAMX:          0 GB        16 KB      0.00%
Finished building target: simpleExampleBareMetal.axf
 
make --no-print-directory post-build
Performing post-build steps
arm-none-eabi-size "simpleExampleBareMetal.axf"; # arm-none-eabi-objcopy -v -O binary "simpleExampleBareMetal.axf" "simpleExampleBareMetal.bin" ; # checksum -p LPC55S16 -d "simpleExampleBareMetal.bin";
   text	   data	    bss	    dec	    hex	filename
  21572	    288	   8820	  30680	   77d8	simpleExampleBareMetal.axf
 
10:41:44 **** Incremental Build of configuration Debug for project simpleExampleBareMetal ****
make -r -j8 all 
Building file: ../src/main.c
Invoking: MCU C Compiler
arm-none-eabi-gcc -std=gnu99 -D__REDLIB__ -DCPU_LPC55S16JBD100 -DCPU_LPC55S16JBD100_cm33 -DMCUXPRESSO_SDK -DSDK_DEBUGCONSOLE=1 -DCR_INTEGER_PRINTF -DPRINTF_FLOAT_ENABLE=0 -D__MCUXPRESSO -D__USE_CMSIS -DDEBUG -I"/media/olivier/DATADISK/GAW-R/04-Projets/11-serialDataMonitor/ecu/exampleLPC55S16BareMetal/simpleExampleBareMetal/utilities" -I"/media/olivier/DATADISK/GAW-R/04-Projets/11-serialDataMonitor/ecu/exampleLPC55S16BareMetal/simpleExampleBareMetal/drivers" -I"/media/olivier/DATADISK/GAW-R/04-Projets/11-serialDataMonitor/ecu/exampleLPC55S16BareMetal/simpleExampleBareMetal/LPC55S16/drivers" -I"/media/olivier/DATADISK/GAW-R/04-Projets/11-serialDataMonitor/ecu/exampleLPC55S16BareMetal/simpleExampleBareMetal/component/uart" -I"/media/olivier/DATADISK/GAW-R/04-Projets/11-serialDataMonitor/ecu/exampleLPC55S16BareMetal/simpleExampleBareMetal/component/lists" -I"/media/olivier/DATADISK/GAW-R/04-Projets/11-serialDataMonitor/ecu/exampleLPC55S16BareMetal/simpleExampleBareMetal/device" -I"/media/olivier/DATADISK/GAW-R/04-Projets/11-serialDataMonitor/ecu/exampleLPC55S16BareMetal/simpleExampleBareMetal/CMSIS" -I"/media/olivier/DATADISK/GAW-R/04-Projets/11-serialDataMonitor/ecu/exampleLPC55S16BareMetal/simpleExampleBareMetal/board" -I"/media/olivier/DATADISK/GAW-R/04-Projets/11-serialDataMonitor/ecu/exampleLPC55S16BareMetal/simpleExampleBareMetal/inc" -I"/media/olivier/DATADISK/GAW-R/04-Projets/11-serialDataMonitor/ecu/exampleLPC55S16BareMetal/simpleExampleBareMetal/utilities" -I"/media/olivier/DATADISK/GAW-R/04-Projets/11-serialDataMonitor/ecu/exampleLPC55S16BareMetal/simpleExampleBareMetal/drivers" -I"/media/olivier/DATADISK/GAW-R/04-Projets/11-serialDataMonitor/ecu/exampleLPC55S16BareMetal/simpleExampleBareMetal/LPC55S16/drivers" -I"/media/olivier/DATADISK/GAW-R/04-Projets/11-serialDataMonitor/ecu/exampleLPC55S16BareMetal/simpleExampleBareMetal/device" -I"/media/olivier/DATADISK/GAW-R/04-Projets/11-serialDataMonitor/ecu/exampleLPC55S16BareMetal/simpleExampleBareMetal/component/uart" -I"/media/olivier/DATADISK/GAW-R/04-Projets/11-serialDataMonitor/ecu/exampleLPC55S16BareMetal/simpleExampleBareMetal/component/lists" -I"/media/olivier/DATADISK/GAW-R/04-Projets/11-serialDataMonitor/ecu/exampleLPC55S16BareMetal/simpleExampleBareMetal/CMSIS" -O0 -fno-common -g3 -mcpu=cortex-m33 -c -ffunction-sections -fdata-sections -ffreestanding -fno-builtin -fmerge-constants -fmacro-prefix-map="../src/"=. -mcpu=cortex-m33 -mfpu=fpv5-sp-d16 -mfloat-abi=hard -mthumb -D__REDLIB__ -fstack-usage -specs=redlib.specs -MMD -MP -MF"src/main.d" -MT"src/main.o" -MT"src/main.d" -o "src/main.o" "../src/main.c"
Finished building: ../src/main.c
 
Building target: simpleExampleBareMetal.axf
Invoking: MCU Linker
arm-none-eabi-gcc -nostdlib -L"/media/olivier/DATADISK/GAW-R/04-Projets/11-serialDataMonitor/ecu/exampleLPC55S16BareMetal/simpleExampleBareMetal/LPC55S16/mcuxpresso" -Xlinker -Map="simpleExampleBareMetal.map" -Xlinker --gc-sections -Xlinker -print-memory-usage -Xlinker --sort-section=alignment -Xlinker --cref -mcpu=cortex-m33 -mfpu=fpv5-sp-d16 -mfloat-abi=hard -mthumb -T "simpleExampleBareMetal_Debug.ld" -o "simpleExampleBareMetal.axf"  ./utilities/fsl_assert.o ./utilities/fsl_debug_console.o  ./startup/startup_lpc55s16.o  ./src/main.o ./src/monitoring.o ./src/uart.o  ./drivers/fsl_clock.o ./drivers/fsl_common.o ./drivers/fsl_common_arm.o ./drivers/fsl_ctimer.o ./drivers/fsl_flexcomm.o ./drivers/fsl_gpio.o ./drivers/fsl_inputmux.o ./drivers/fsl_reset.o ./drivers/fsl_usart.o  ./device/system_LPC55S16.o  ./component/uart/fsl_adapter_usart.o  ./component/lists/fsl_component_generic_list.o  ./board/clock_config.o ./board/peripherals.o ./board/pin_mux.o  ./LPC55S16/drivers/fsl_power.o   -lpower_hardabi
Memory region         Used Size  Region Size  %age Used
   PROGRAM_FLASH:       21932 B       224 KB      9.56%
            SRAM:        9108 B        64 KB     13.90%
         USB_RAM:          0 GB        16 KB      0.00%
           SRAMX:          0 GB        16 KB      0.00%
Finished building target: simpleExampleBareMetal.axf
 
make --no-print-directory post-build
Performing post-build steps
arm-none-eabi-size "simpleExampleBareMetal.axf"; # arm-none-eabi-objcopy -v -O binary "simpleExampleBareMetal.axf" "simpleExampleBareMetal.bin" ; # checksum -p LPC55S16 -d "simpleExampleBareMetal.bin";
   text	   data	    bss	    dec	    hex	filename
  21644	    288	   8820	  30752	   7820	simpleExampleBareMetal.axf
 
10:45:26 **** Incremental Build of configuration Debug for project simpleExampleBareMetal ****
make -r -j8 all 
Building file: ../src/main.c
Invoking: MCU C Compiler
arm-none-eabi-gcc -std=gnu99 -D__REDLIB__ -DCPU_LPC55S16JBD100 -DCPU_LPC55S16JBD100_cm33 -DMCUXPRESSO_SDK -DSDK_DEBUGCONSOLE=1 -DCR_INTEGER_PRINTF -DPRINTF_FLOAT_ENABLE=0 -D__MCUXPRESSO -D__USE_CMSIS -DDEBUG -I"/media/olivier/DATADISK/GAW-R/04-Projets/11-serialDataMonitor/ecu/exampleLPC55S16BareMetal/simpleExampleBareMetal/utilities" -I"/media/olivier/DATADISK/GAW-R/04-Projets/11-serialDataMonitor/ecu/exampleLPC55S16BareMetal/simpleExampleBareMetal/drivers" -I"/media/olivier/DATADISK/GAW-R/04-Projets/11-serialDataMonitor/ecu/exampleLPC55S16BareMetal/simpleExampleBareMetal/LPC55S16/drivers" -I"/media/olivier/DATADISK/GAW-R/04-Projets/11-serialDataMonitor/ecu/exampleLPC55S16BareMetal/simpleExampleBareMetal/component/uart" -I"/media/olivier/DATADISK/GAW-R/04-Projets/11-serialDataMonitor/ecu/exampleLPC55S16BareMetal/simpleExampleBareMetal/component/lists" -I"/media/olivier/DATADISK/GAW-R/04-Projets/11-serialDataMonitor/ecu/exampleLPC55S16BareMetal/simpleExampleBareMetal/device" -I"/media/olivier/DATADISK/GAW-R/04-Projets/11-serialDataMonitor/ecu/exampleLPC55S16BareMetal/simpleExampleBareMetal/CMSIS" -I"/media/olivier/DATADISK/GAW-R/04-Projets/11-serialDataMonitor/ecu/exampleLPC55S16BareMetal/simpleExampleBareMetal/board" -I"/media/olivier/DATADISK/GAW-R/04-Projets/11-serialDataMonitor/ecu/exampleLPC55S16BareMetal/simpleExampleBareMetal/inc" -I"/media/olivier/DATADISK/GAW-R/04-Projets/11-serialDataMonitor/ecu/exampleLPC55S16BareMetal/simpleExampleBareMetal/utilities" -I"/media/olivier/DATADISK/GAW-R/04-Projets/11-serialDataMonitor/ecu/exampleLPC55S16BareMetal/simpleExampleBareMetal/drivers" -I"/media/olivier/DATADISK/GAW-R/04-Projets/11-serialDataMonitor/ecu/exampleLPC55S16BareMetal/simpleExampleBareMetal/LPC55S16/drivers" -I"/media/olivier/DATADISK/GAW-R/04-Projets/11-serialDataMonitor/ecu/exampleLPC55S16BareMetal/simpleExampleBareMetal/device" -I"/media/olivier/DATADISK/GAW-R/04-Projets/11-serialDataMonitor/ecu/exampleLPC55S16BareMetal/simpleExampleBareMetal/component/uart" -I"/media/olivier/DATADISK/GAW-R/04-Projets/11-serialDataMonitor/ecu/exampleLPC55S16BareMetal/simpleExampleBareMetal/component/lists" -I"/media/olivier/DATADISK/GAW-R/04-Projets/11-serialDataMonitor/ecu/exampleLPC55S16BareMetal/simpleExampleBareMetal/CMSIS" -O0 -fno-common -g3 -mcpu=cortex-m33 -c -ffunction-sections -fdata-sections -ffreestanding -fno-builtin -fmerge-constants -fmacro-prefix-map="../src/"=. -mcpu=cortex-m33 -mfpu=fpv5-sp-d16 -mfloat-abi=hard -mthumb -D__REDLIB__ -fstack-usage -specs=redlib.specs -MMD -MP -MF"src/main.d" -MT"src/main.o" -MT"src/main.d" -o "src/main.o" "../src/main.c"
Finished building: ../src/main.c
 
Building target: simpleExampleBareMetal.axf
Invoking: MCU Linker
arm-none-eabi-gcc -nostdlib -L"/media/olivier/DATADISK/GAW-R/04-Projets/11-serialDataMonitor/ecu/exampleLPC55S16BareMetal/simpleExampleBareMetal/LPC55S16/mcuxpresso" -Xlinker -Map="simpleExampleBareMetal.map" -Xlinker --gc-sections -Xlinker -print-memory-usage -Xlinker --sort-section=alignment -Xlinker --cref -mcpu=cortex-m33 -mfpu=fpv5-sp-d16 -mfloat-abi=hard -mthumb -T "simpleExampleBareMetal_Debug.ld" -o "simpleExampleBareMetal.axf"  ./utilities/fsl_assert.o ./utilities/fsl_debug_console.o  ./startup/startup_lpc55s16.o  ./src/main.o ./src/monitoring.o ./src/uart.o  ./drivers/fsl_clock.o ./drivers/fsl_common.o ./drivers/fsl_common_arm.o ./drivers/fsl_ctimer.o ./drivers/fsl_flexcomm.o ./drivers/fsl_gpio.o ./drivers/fsl_inputmux.o ./drivers/fsl_reset.o ./drivers/fsl_usart.o  ./device/system_LPC55S16.o  ./component/uart/fsl_adapter_usart.o  ./component/lists/fsl_component_generic_list.o  ./board/clock_config.o ./board/peripherals.o ./board/pin_mux.o  ./LPC55S16/drivers/fsl_power.o   -lpower_hardabi
Memory region         Used Size  Region Size  %age Used
   PROGRAM_FLASH:       22288 B       224 KB      9.72%
            SRAM:        9336 B        64 KB     14.25%
         USB_RAM:          0 GB        16 KB      0.00%
           SRAMX:          0 GB        16 KB      0.00%
Finished building target: simpleExampleBareMetal.axf
 
make --no-print-directory post-build
Performing post-build steps
arm-none-eabi-size "simpleExampleBareMetal.axf"; # arm-none-eabi-objcopy -v -O binary "simpleExampleBareMetal.axf" "simpleExampleBareMetal.bin" ; # checksum -p LPC55S16 -d "simpleExampleBareMetal.bin";
   text	   data	    bss	    dec	    hex	filename
  21772	    516	   8820	  31108	   7984	simpleExampleBareMetal.axf
 
10:46:35 **** Incremental Build of configuration Debug for project simpleExampleBareMetal ****
make -r -j8 all 
Building file: ../src/main.c
Invoking: MCU C Compiler
arm-none-eabi-gcc -std=gnu99 -D__REDLIB__ -DCPU_LPC55S16JBD100 -DCPU_LPC55S16JBD100_cm33 -DMCUXPRESSO_SDK -DSDK_DEBUGCONSOLE=1 -DCR_INTEGER_PRINTF -DPRINTF_FLOAT_ENABLE=0 -D__MCUXPRESSO -D__USE_CMSIS -DDEBUG -I"/media/olivier/DATADISK/GAW-R/04-Projets/11-serialDataMonitor/ecu/exampleLPC55S16BareMetal/simpleExampleBareMetal/utilities" -I"/media/olivier/DATADISK/GAW-R/04-Projets/11-serialDataMonitor/ecu/exampleLPC55S16BareMetal/simpleExampleBareMetal/drivers" -I"/media/olivier/DATADISK/GAW-R/04-Projets/11-serialDataMonitor/ecu/exampleLPC55S16BareMetal/simpleExampleBareMetal/LPC55S16/drivers" -I"/media/olivier/DATADISK/GAW-R/04-Projets/11-serialDataMonitor/ecu/exampleLPC55S16BareMetal/simpleExampleBareMetal/component/uart" -I"/media/olivier/DATADISK/GAW-R/04-Projets/11-serialDataMonitor/ecu/exampleLPC55S16BareMetal/simpleExampleBareMetal/component/lists" -I"/media/olivier/DATADISK/GAW-R/04-Projets/11-serialDataMonitor/ecu/exampleLPC55S16BareMetal/simpleExampleBareMetal/device" -I"/media/olivier/DATADISK/GAW-R/04-Projets/11-serialDataMonitor/ecu/exampleLPC55S16BareMetal/simpleExampleBareMetal/CMSIS" -I"/media/olivier/DATADISK/GAW-R/04-Projets/11-serialDataMonitor/ecu/exampleLPC55S16BareMetal/simpleExampleBareMetal/board" -I"/media/olivier/DATADISK/GAW-R/04-Projets/11-serialDataMonitor/ecu/exampleLPC55S16BareMetal/simpleExampleBareMetal/inc" -I"/media/olivier/DATADISK/GAW-R/04-Projets/11-serialDataMonitor/ecu/exampleLPC55S16BareMetal/simpleExampleBareMetal/utilities" -I"/media/olivier/DATADISK/GAW-R/04-Projets/11-serialDataMonitor/ecu/exampleLPC55S16BareMetal/simpleExampleBareMetal/drivers" -I"/media/olivier/DATADISK/GAW-R/04-Projets/11-serialDataMonitor/ecu/exampleLPC55S16BareMetal/simpleExampleBareMetal/LPC55S16/drivers" -I"/media/olivier/DATADISK/GAW-R/04-Projets/11-serialDataMonitor/ecu/exampleLPC55S16BareMetal/simpleExampleBareMetal/device" -I"/media/olivier/DATADISK/GAW-R/04-Projets/11-serialDataMonitor/ecu/exampleLPC55S16BareMetal/simpleExampleBareMetal/component/uart" -I"/media/olivier/DATADISK/GAW-R/04-Projets/11-serialDataMonitor/ecu/exampleLPC55S16BareMetal/simpleExampleBareMetal/component/lists" -I"/media/olivier/DATADISK/GAW-R/04-Projets/11-serialDataMonitor/ecu/exampleLPC55S16BareMetal/simpleExampleBareMetal/CMSIS" -O0 -fno-common -g3 -mcpu=cortex-m33 -c -ffunction-sections -fdata-sections -ffreestanding -fno-builtin -fmerge-constants -fmacro-prefix-map="../src/"=. -mcpu=cortex-m33 -mfpu=fpv5-sp-d16 -mfloat-abi=hard -mthumb -D__REDLIB__ -fstack-usage -specs=redlib.specs -MMD -MP -MF"src/main.d" -MT"src/main.o" -MT"src/main.d" -o "src/main.o" "../src/main.c"
Finished building: ../src/main.c
 
Building target: simpleExampleBareMetal.axf
Invoking: MCU Linker
arm-none-eabi-gcc -nostdlib -L"/media/olivier/DATADISK/GAW-R/04-Projets/11-serialDataMonitor/ecu/exampleLPC55S16BareMetal/simpleExampleBareMetal/LPC55S16/mcuxpresso" -Xlinker -Map="simpleExampleBareMetal.map" -Xlinker --gc-sections -Xlinker -print-memory-usage -Xlinker --sort-section=alignment -Xlinker --cref -mcpu=cortex-m33 -mfpu=fpv5-sp-d16 -mfloat-abi=hard -mthumb -T "simpleExampleBareMetal_Debug.ld" -o "simpleExampleBareMetal.axf"  ./utilities/fsl_assert.o ./utilities/fsl_debug_console.o  ./startup/startup_lpc55s16.o  ./src/main.o ./src/monitoring.o ./src/uart.o  ./drivers/fsl_clock.o ./drivers/fsl_common.o ./drivers/fsl_common_arm.o ./drivers/fsl_ctimer.o ./drivers/fsl_flexcomm.o ./drivers/fsl_gpio.o ./drivers/fsl_inputmux.o ./drivers/fsl_reset.o ./drivers/fsl_usart.o  ./device/system_LPC55S16.o  ./component/uart/fsl_adapter_usart.o  ./component/lists/fsl_component_generic_list.o  ./board/clock_config.o ./board/peripherals.o ./board/pin_mux.o  ./LPC55S16/drivers/fsl_power.o   -lpower_hardabi
Memory region         Used Size  Region Size  %age Used
   PROGRAM_FLASH:       22288 B       224 KB      9.72%
            SRAM:        9336 B        64 KB     14.25%
         USB_RAM:          0 GB        16 KB      0.00%
           SRAMX:          0 GB        16 KB      0.00%
Finished building target: simpleExampleBareMetal.axf
 
make --no-print-directory post-build
Performing post-build steps
arm-none-eabi-size "simpleExampleBareMetal.axf"; # arm-none-eabi-objcopy -v -O binary "simpleExampleBareMetal.axf" "simpleExampleBareMetal.bin" ; # checksum -p LPC55S16 -d "simpleExampleBareMetal.bin";
   text	   data	    bss	    dec	    hex	filename
  21772	    516	   8820	  31108	   7984	simpleExampleBareMetal.axf
 
10:47:21 **** Incremental Build of configuration Debug for project simpleExampleBareMetal ****
make -r -j8 all 
Building file: ../src/main.c
Invoking: MCU C Compiler
arm-none-eabi-gcc -std=gnu99 -D__REDLIB__ -DCPU_LPC55S16JBD100 -DCPU_LPC55S16JBD100_cm33 -DMCUXPRESSO_SDK -DSDK_DEBUGCONSOLE=1 -DCR_INTEGER_PRINTF -DPRINTF_FLOAT_ENABLE=0 -D__MCUXPRESSO -D__USE_CMSIS -DDEBUG -I"/media/olivier/DATADISK/GAW-R/04-Projets/11-serialDataMonitor/ecu/exampleLPC55S16BareMetal/simpleExampleBareMetal/utilities" -I"/media/olivier/DATADISK/GAW-R/04-Projets/11-serialDataMonitor/ecu/exampleLPC55S16BareMetal/simpleExampleBareMetal/drivers" -I"/media/olivier/DATADISK/GAW-R/04-Projets/11-serialDataMonitor/ecu/exampleLPC55S16BareMetal/simpleExampleBareMetal/LPC55S16/drivers" -I"/media/olivier/DATADISK/GAW-R/04-Projets/11-serialDataMonitor/ecu/exampleLPC55S16BareMetal/simpleExampleBareMetal/component/uart" -I"/media/olivier/DATADISK/GAW-R/04-Projets/11-serialDataMonitor/ecu/exampleLPC55S16BareMetal/simpleExampleBareMetal/component/lists" -I"/media/olivier/DATADISK/GAW-R/04-Projets/11-serialDataMonitor/ecu/exampleLPC55S16BareMetal/simpleExampleBareMetal/device" -I"/media/olivier/DATADISK/GAW-R/04-Projets/11-serialDataMonitor/ecu/exampleLPC55S16BareMetal/simpleExampleBareMetal/CMSIS" -I"/media/olivier/DATADISK/GAW-R/04-Projets/11-serialDataMonitor/ecu/exampleLPC55S16BareMetal/simpleExampleBareMetal/board" -I"/media/olivier/DATADISK/GAW-R/04-Projets/11-serialDataMonitor/ecu/exampleLPC55S16BareMetal/simpleExampleBareMetal/inc" -I"/media/olivier/DATADISK/GAW-R/04-Projets/11-serialDataMonitor/ecu/exampleLPC55S16BareMetal/simpleExampleBareMetal/utilities" -I"/media/olivier/DATADISK/GAW-R/04-Projets/11-serialDataMonitor/ecu/exampleLPC55S16BareMetal/simpleExampleBareMetal/drivers" -I"/media/olivier/DATADISK/GAW-R/04-Projets/11-serialDataMonitor/ecu/exampleLPC55S16BareMetal/simpleExampleBareMetal/LPC55S16/drivers" -I"/media/olivier/DATADISK/GAW-R/04-Projets/11-serialDataMonitor/ecu/exampleLPC55S16BareMetal/simpleExampleBareMetal/device" -I"/media/olivier/DATADISK/GAW-R/04-Projets/11-serialDataMonitor/ecu/exampleLPC55S16BareMetal/simpleExampleBareMetal/component/uart" -I"/media/olivier/DATADISK/GAW-R/04-Projets/11-serialDataMonitor/ecu/exampleLPC55S16BareMetal/simpleExampleBareMetal/component/lists" -I"/media/olivier/DATADISK/GAW-R/04-Projets/11-serialDataMonitor/ecu/exampleLPC55S16BareMetal/simpleExampleBareMetal/CMSIS" -O0 -fno-common -g3 -mcpu=cortex-m33 -c -ffunction-sections -fdata-sections -ffreestanding -fno-builtin -fmerge-constants -fmacro-prefix-map="../src/"=. -mcpu=cortex-m33 -mfpu=fpv5-sp-d16 -mfloat-abi=hard -mthumb -D__REDLIB__ -fstack-usage -specs=redlib.specs -MMD -MP -MF"src/main.d" -MT"src/main.o" -MT"src/main.d" -o "src/main.o" "../src/main.c"
Finished building: ../src/main.c
 
Building target: simpleExampleBareMetal.axf
Invoking: MCU Linker
arm-none-eabi-gcc -nostdlib -L"/media/olivier/DATADISK/GAW-R/04-Projets/11-serialDataMonitor/ecu/exampleLPC55S16BareMetal/simpleExampleBareMetal/LPC55S16/mcuxpresso" -Xlinker -Map="simpleExampleBareMetal.map" -Xlinker --gc-sections -Xlinker -print-memory-usage -Xlinker --sort-section=alignment -Xlinker --cref -mcpu=cortex-m33 -mfpu=fpv5-sp-d16 -mfloat-abi=hard -mthumb -T "simpleExampleBareMetal_Debug.ld" -o "simpleExampleBareMetal.axf"  ./utilities/fsl_assert.o ./utilities/fsl_debug_console.o  ./startup/startup_lpc55s16.o  ./src/main.o ./src/monitoring.o ./src/uart.o  ./drivers/fsl_clock.o ./drivers/fsl_common.o ./drivers/fsl_common_arm.o ./drivers/fsl_ctimer.o ./drivers/fsl_flexcomm.o ./drivers/fsl_gpio.o ./drivers/fsl_inputmux.o ./drivers/fsl_reset.o ./drivers/fsl_usart.o  ./device/system_LPC55S16.o  ./component/uart/fsl_adapter_usart.o  ./component/lists/fsl_component_generic_list.o  ./board/clock_config.o ./board/peripherals.o ./board/pin_mux.o  ./LPC55S16/drivers/fsl_power.o   -lpower_hardabi
Memory region         Used Size  Region Size  %age Used
   PROGRAM_FLASH:       22288 B       224 KB      9.72%
            SRAM:        9336 B        64 KB     14.25%
         USB_RAM:          0 GB        16 KB      0.00%
           SRAMX:          0 GB        16 KB      0.00%
Finished building target: simpleExampleBareMetal.axf
 
make --no-print-directory post-build
Performing post-build steps
arm-none-eabi-size "simpleExampleBareMetal.axf"; # arm-none-eabi-objcopy -v -O binary "simpleExampleBareMetal.axf" "simpleExampleBareMetal.bin" ; # checksum -p LPC55S16 -d "simpleExampleBareMetal.bin";
   text	   data	    bss	    dec	    hex	filename
  21772	    516	   8820	  31108	   7984	simpleExampleBareMetal.axf
 
10:48:09 **** Incremental Build of configuration Debug for project simpleExampleBareMetal ****
make -r -j8 all 
Building file: ../src/main.c
Invoking: MCU C Compiler
arm-none-eabi-gcc -std=gnu99 -D__REDLIB__ -DCPU_LPC55S16JBD100 -DCPU_LPC55S16JBD100_cm33 -DMCUXPRESSO_SDK -DSDK_DEBUGCONSOLE=1 -DCR_INTEGER_PRINTF -DPRINTF_FLOAT_ENABLE=0 -D__MCUXPRESSO -D__USE_CMSIS -DDEBUG -I"/media/olivier/DATADISK/GAW-R/04-Projets/11-serialDataMonitor/ecu/exampleLPC55S16BareMetal/simpleExampleBareMetal/utilities" -I"/media/olivier/DATADISK/GAW-R/04-Projets/11-serialDataMonitor/ecu/exampleLPC55S16BareMetal/simpleExampleBareMetal/drivers" -I"/media/olivier/DATADISK/GAW-R/04-Projets/11-serialDataMonitor/ecu/exampleLPC55S16BareMetal/simpleExampleBareMetal/LPC55S16/drivers" -I"/media/olivier/DATADISK/GAW-R/04-Projets/11-serialDataMonitor/ecu/exampleLPC55S16BareMetal/simpleExampleBareMetal/component/uart" -I"/media/olivier/DATADISK/GAW-R/04-Projets/11-serialDataMonitor/ecu/exampleLPC55S16BareMetal/simpleExampleBareMetal/component/lists" -I"/media/olivier/DATADISK/GAW-R/04-Projets/11-serialDataMonitor/ecu/exampleLPC55S16BareMetal/simpleExampleBareMetal/device" -I"/media/olivier/DATADISK/GAW-R/04-Projets/11-serialDataMonitor/ecu/exampleLPC55S16BareMetal/simpleExampleBareMetal/CMSIS" -I"/media/olivier/DATADISK/GAW-R/04-Projets/11-serialDataMonitor/ecu/exampleLPC55S16BareMetal/simpleExampleBareMetal/board" -I"/media/olivier/DATADISK/GAW-R/04-Projets/11-serialDataMonitor/ecu/exampleLPC55S16BareMetal/simpleExampleBareMetal/inc" -I"/media/olivier/DATADISK/GAW-R/04-Projets/11-serialDataMonitor/ecu/exampleLPC55S16BareMetal/simpleExampleBareMetal/utilities" -I"/media/olivier/DATADISK/GAW-R/04-Projets/11-serialDataMonitor/ecu/exampleLPC55S16BareMetal/simpleExampleBareMetal/drivers" -I"/media/olivier/DATADISK/GAW-R/04-Projets/11-serialDataMonitor/ecu/exampleLPC55S16BareMetal/simpleExampleBareMetal/LPC55S16/drivers" -I"/media/olivier/DATADISK/GAW-R/04-Projets/11-serialDataMonitor/ecu/exampleLPC55S16BareMetal/simpleExampleBareMetal/device" -I"/media/olivier/DATADISK/GAW-R/04-Projets/11-serialDataMonitor/ecu/exampleLPC55S16BareMetal/simpleExampleBareMetal/component/uart" -I"/media/olivier/DATADISK/GAW-R/04-Projets/11-serialDataMonitor/ecu/exampleLPC55S16BareMetal/simpleExampleBareMetal/component/lists" -I"/media/olivier/DATADISK/GAW-R/04-Projets/11-serialDataMonitor/ecu/exampleLPC55S16BareMetal/simpleExampleBareMetal/CMSIS" -O0 -fno-common -g3 -mcpu=cortex-m33 -c -ffunction-sections -fdata-sections -ffreestanding -fno-builtin -fmerge-constants -fmacro-prefix-map="../src/"=. -mcpu=cortex-m33 -mfpu=fpv5-sp-d16 -mfloat-abi=hard -mthumb -D__REDLIB__ -fstack-usage -specs=redlib.specs -MMD -MP -MF"src/main.d" -MT"src/main.o" -MT"src/main.d" -o "src/main.o" "../src/main.c"
Finished building: ../src/main.c
 
Building target: simpleExampleBareMetal.axf
Invoking: MCU Linker
arm-none-eabi-gcc -nostdlib -L"/media/olivier/DATADISK/GAW-R/04-Projets/11-serialDataMonitor/ecu/exampleLPC55S16BareMetal/simpleExampleBareMetal/LPC55S16/mcuxpresso" -Xlinker -Map="simpleExampleBareMetal.map" -Xlinker --gc-sections -Xlinker -print-memory-usage -Xlinker --sort-section=alignment -Xlinker --cref -mcpu=cortex-m33 -mfpu=fpv5-sp-d16 -mfloat-abi=hard -mthumb -T "simpleExampleBareMetal_Debug.ld" -o "simpleExampleBareMetal.axf"  ./utilities/fsl_assert.o ./utilities/fsl_debug_console.o  ./startup/startup_lpc55s16.o  ./src/main.o ./src/monitoring.o ./src/uart.o  ./drivers/fsl_clock.o ./drivers/fsl_common.o ./drivers/fsl_common_arm.o ./drivers/fsl_ctimer.o ./drivers/fsl_flexcomm.o ./drivers/fsl_gpio.o ./drivers/fsl_inputmux.o ./drivers/fsl_reset.o ./drivers/fsl_usart.o  ./device/system_LPC55S16.o  ./component/uart/fsl_adapter_usart.o  ./component/lists/fsl_component_generic_list.o  ./board/clock_config.o ./board/peripherals.o ./board/pin_mux.o  ./LPC55S16/drivers/fsl_power.o   -lpower_hardabi
Memory region         Used Size  Region Size  %age Used
   PROGRAM_FLASH:       22288 B       224 KB      9.72%
            SRAM:        9336 B        64 KB     14.25%
         USB_RAM:          0 GB        16 KB      0.00%
           SRAMX:          0 GB        16 KB      0.00%
Finished building target: simpleExampleBareMetal.axf
 
make --no-print-directory post-build
Performing post-build steps
arm-none-eabi-size "simpleExampleBareMetal.axf"; # arm-none-eabi-objcopy -v -O binary "simpleExampleBareMetal.axf" "simpleExampleBareMetal.bin" ; # checksum -p LPC55S16 -d "simpleExampleBareMetal.bin";
   text	   data	    bss	    dec	    hex	filename
  21772	    516	   8820	  31108	   7984	simpleExampleBareMetal.axf
 
15:57:41 **** Clean-only build of configuration Debug for project simpleExampleBareMetal ****
make -r -j8 clean 
rm -rf  ./utilities/fsl_assert.o ./utilities/fsl_debug_console.o  ./startup/startup_lpc55s16.o  ./src/main.o ./src/monitoring.o ./src/uart.o  ./drivers/fsl_clock.o ./drivers/fsl_common.o ./drivers/fsl_common_arm.o ./drivers/fsl_ctimer.o ./drivers/fsl_flexcomm.o ./drivers/fsl_gpio.o ./drivers/fsl_inputmux.o ./drivers/fsl_reset.o ./drivers/fsl_usart.o  ./device/system_LPC55S16.o  ./component/uart/fsl_adapter_usart.o  ./component/lists/fsl_component_generic_list.o  ./board/clock_config.o ./board/peripherals.o ./board/pin_mux.o  ./LPC55S16/drivers/fsl_power.o  ./utilities/fsl_assert.d ./utilities/fsl_debug_console.d  ./startup/startup_lpc55s16.d  ./src/main.d ./src/monitoring.d ./src/uart.d  ./drivers/fsl_clock.d ./drivers/fsl_common.d ./drivers/fsl_common_arm.d ./drivers/fsl_ctimer.d ./drivers/fsl_flexcomm.d ./drivers/fsl_gpio.d ./drivers/fsl_inputmux.d ./drivers/fsl_reset.d ./drivers/fsl_usart.d  ./device/system_LPC55S16.d  ./component/uart/fsl_adapter_usart.d  ./component/lists/fsl_component_generic_list.d  ./board/clock_config.d ./board/peripherals.d ./board/pin_mux.d  ./LPC55S16/drivers/fsl_power.d  simpleExampleBareMetal.axf
 
15:57:43 **** Build of configuration Debug for project simpleExampleBareMetal ****
make -r -j8 all 
Building file: ../utilities/fsl_assert.c
Building file: ../utilities/fsl_debug_console.c
Building file: ../startup/startup_lpc55s16.c
Building file: ../src/main.c
Invoking: MCU C Compiler
Invoking: MCU C Compiler
arm-none-eabi-gcc -std=gnu99 -D__REDLIB__ -DCPU_LPC55S16JBD100 -DCPU_LPC55S16JBD100_cm33 -DMCUXPRESSO_SDK -DSDK_DEBUGCONSOLE=1 -DCR_INTEGER_PRINTF -DPRINTF_FLOAT_ENABLE=0 -D__MCUXPRESSO -D__USE_CMSIS -DDEBUG -I"/media/olivier/DATADISK/GAW-R/04-Projets/11-serialDataMonitor/ecu/exampleLPC55S16BareMetal/simpleExampleBareMetal/utilities" -I"/media/olivier/DATADISK/GAW-R/04-Projets/11-serialDataMonitor/ecu/exampleLPC55S16BareMetal/simpleExampleBareMetal/drivers" -I"/media/olivier/DATADISK/GAW-R/04-Projets/11-serialDataMonitor/ecu/exampleLPC55S16BareMetal/simpleExampleBareMetal/LPC55S16/drivers" -I"/media/olivier/DATADISK/GAW-R/04-Projets/11-serialDataMonitor/ecu/exampleLPC55S16BareMetal/simpleExampleBareMetal/component/uart" -I"/media/olivier/DATADISK/GAW-R/04-Projets/11-serialDataMonitor/ecu/exampleLPC55S16BareMetal/simpleExampleBareMetal/component/lists" -I"/media/olivier/DATADISK/GAW-R/04-Projets/11-serialDataMonitor/ecu/exampleLPC55S16BareMetal/simpleExampleBareMetal/device" -I"/media/olivier/DATADISK/GAW-R/04-Projets/11-serialDataMonitor/ecu/exampleLPC55S16BareMetal/simpleExampleBareMetal/CMSIS" -I"/media/olivier/DATADISK/GAW-R/04-Projets/11-serialDataMonitor/ecu/exampleLPC55S16BareMetal/simpleExampleBareMetal/board" -I"/media/olivier/DATADISK/GAW-R/04-Projets/11-serialDataMonitor/ecu/exampleLPC55S16BareMetal/simpleExampleBareMetal/inc" -I"/media/olivier/DATADISK/GAW-R/04-Projets/11-serialDataMonitor/ecu/exampleLPC55S16BareMetal/simpleExampleBareMetal/utilities" -I"/media/olivier/DATADISK/GAW-R/04-Projets/11-serialDataMonitor/ecu/exampleLPC55S16BareMetal/simpleExampleBareMetal/drivers" -I"/media/olivier/DATADISK/GAW-R/04-Projets/11-serialDataMonitor/ecu/exampleLPC55S16BareMetal/simpleExampleBareMetal/LPC55S16/drivers" -I"/media/olivier/DATADISK/GAW-R/04-Projets/11-serialDataMonitor/ecu/exampleLPC55S16BareMetal/simpleExampleBareMetal/device" -I"/media/olivier/DATADISK/GAW-R/04-Projets/11-serialDataMonitor/ecu/exampleLPC55S16BareMetal/simpleExampleBareMetal/component/uart" -I"/media/olivier/DATADISK/GAW-R/04-Projets/11-serialDataMonitor/ecu/exampleLPC55S16BareMetal/simpleExampleBareMetal/component/lists" -I"/media/olivier/DATADISK/GAW-R/04-Projets/11-serialDataMonitor/ecu/exampleLPC55S16BareMetal/simpleExampleBareMetal/CMSIS" -O0 -fno-common -g3 -mcpu=cortex-m33 -c -ffunction-sections -fdata-sections -ffreestanding -fno-builtin -fmerge-constants -fmacro-prefix-map="../utilities/"=. -mcpu=cortex-m33 -mfpu=fpv5-sp-d16 -mfloat-abi=hard -mthumb -D__REDLIB__ -fstack-usage -specs=redlib.specs -MMD -MP -MF"utilities/fsl_assert.d" -MT"utilities/fsl_assert.o" -MT"utilities/fsl_assert.d" -o "utilities/fsl_assert.o" "../utilities/fsl_assert.c"
Invoking: MCU C Compiler
Invoking: MCU C Compiler
arm-none-eabi-gcc -std=gnu99 -D__REDLIB__ -DCPU_LPC55S16JBD100 -DCPU_LPC55S16JBD100_cm33 -DMCUXPRESSO_SDK -DSDK_DEBUGCONSOLE=1 -DCR_INTEGER_PRINTF -DPRINTF_FLOAT_ENABLE=0 -D__MCUXPRESSO -D__USE_CMSIS -DDEBUG -I"/media/olivier/DATADISK/GAW-R/04-Projets/11-serialDataMonitor/ecu/exampleLPC55S16BareMetal/simpleExampleBareMetal/utilities" -I"/media/olivier/DATADISK/GAW-R/04-Projets/11-serialDataMonitor/ecu/exampleLPC55S16BareMetal/simpleExampleBareMetal/drivers" -I"/media/olivier/DATADISK/GAW-R/04-Projets/11-serialDataMonitor/ecu/exampleLPC55S16BareMetal/simpleExampleBareMetal/LPC55S16/drivers" -I"/media/olivier/DATADISK/GAW-R/04-Projets/11-serialDataMonitor/ecu/exampleLPC55S16BareMetal/simpleExampleBareMetal/component/uart" -I"/media/olivier/DATADISK/GAW-R/04-Projets/11-serialDataMonitor/ecu/exampleLPC55S16BareMetal/simpleExampleBareMetal/component/lists" -I"/media/olivier/DATADISK/GAW-R/04-Projets/11-serialDataMonitor/ecu/exampleLPC55S16BareMetal/simpleExampleBareMetal/device" -I"/media/olivier/DATADISK/GAW-R/04-Projets/11-serialDataMonitor/ecu/exampleLPC55S16BareMetal/simpleExampleBareMetal/CMSIS" -I"/media/olivier/DATADISK/GAW-R/04-Projets/11-serialDataMonitor/ecu/exampleLPC55S16BareMetal/simpleExampleBareMetal/board" -I"/media/olivier/DATADISK/GAW-R/04-Projets/11-serialDataMonitor/ecu/exampleLPC55S16BareMetal/simpleExampleBareMetal/inc" -I"/media/olivier/DATADISK/GAW-R/04-Projets/11-serialDataMonitor/ecu/exampleLPC55S16BareMetal/simpleExampleBareMetal/utilities" -I"/media/olivier/DATADISK/GAW-R/04-Projets/11-serialDataMonitor/ecu/exampleLPC55S16BareMetal/simpleExampleBareMetal/drivers" -I"/media/olivier/DATADISK/GAW-R/04-Projets/11-serialDataMonitor/ecu/exampleLPC55S16BareMetal/simpleExampleBareMetal/LPC55S16/drivers" -I"/media/olivier/DATADISK/GAW-R/04-Projets/11-serialDataMonitor/ecu/exampleLPC55S16BareMetal/simpleExampleBareMetal/device" -I"/media/olivier/DATADISK/GAW-R/04-Projets/11-serialDataMonitor/ecu/exampleLPC55S16BareMetal/simpleExampleBareMetal/component/uart" -I"/media/olivier/DATADISK/GAW-R/04-Projets/11-serialDataMonitor/ecu/exampleLPC55S16BareMetal/simpleExampleBareMetal/component/lists" -I"/media/olivier/DATADISK/GAW-R/04-Projets/11-serialDataMonitor/ecu/exampleLPC55S16BareMetal/simpleExampleBareMetal/CMSIS" -O0 -fno-common -g3 -mcpu=cortex-m33 -c -ffunction-sections -fdata-sections -ffreestanding -fno-builtin -fmerge-constants -fmacro-prefix-map="../utilities/"=. -mcpu=cortex-m33 -mfpu=fpv5-sp-d16 -mfloat-abi=hard -mthumb -D__REDLIB__ -fstack-usage -specs=redlib.specs -MMD -MP -MF"utilities/fsl_debug_console.d" -MT"utilities/fsl_debug_console.o" -MT"utilities/fsl_debug_console.d" -o "utilities/fsl_debug_console.o" "../utilities/fsl_debug_console.c"
arm-none-eabi-gcc -std=gnu99 -D__REDLIB__ -DCPU_LPC55S16JBD100 -DCPU_LPC55S16JBD100_cm33 -DMCUXPRESSO_SDK -DSDK_DEBUGCONSOLE=1 -DCR_INTEGER_PRINTF -DPRINTF_FLOAT_ENABLE=0 -D__MCUXPRESSO -D__USE_CMSIS -DDEBUG -I"/media/olivier/DATADISK/GAW-R/04-Projets/11-serialDataMonitor/ecu/exampleLPC55S16BareMetal/simpleExampleBareMetal/utilities" -I"/media/olivier/DATADISK/GAW-R/04-Projets/11-serialDataMonitor/ecu/exampleLPC55S16BareMetal/simpleExampleBareMetal/drivers" -I"/media/olivier/DATADISK/GAW-R/04-Projets/11-serialDataMonitor/ecu/exampleLPC55S16BareMetal/simpleExampleBareMetal/LPC55S16/drivers" -I"/media/olivier/DATADISK/GAW-R/04-Projets/11-serialDataMonitor/ecu/exampleLPC55S16BareMetal/simpleExampleBareMetal/component/uart" -I"/media/olivier/DATADISK/GAW-R/04-Projets/11-serialDataMonitor/ecu/exampleLPC55S16BareMetal/simpleExampleBareMetal/component/lists" -I"/media/olivier/DATADISK/GAW-R/04-Projets/11-serialDataMonitor/ecu/exampleLPC55S16BareMetal/simpleExampleBareMetal/device" -I"/media/olivier/DATADISK/GAW-R/04-Projets/11-serialDataMonitor/ecu/exampleLPC55S16BareMetal/simpleExampleBareMetal/CMSIS" -I"/media/olivier/DATADISK/GAW-R/04-Projets/11-serialDataMonitor/ecu/exampleLPC55S16BareMetal/simpleExampleBareMetal/board" -I"/media/olivier/DATADISK/GAW-R/04-Projets/11-serialDataMonitor/ecu/exampleLPC55S16BareMetal/simpleExampleBareMetal/inc" -I"/media/olivier/DATADISK/GAW-R/04-Projets/11-serialDataMonitor/ecu/exampleLPC55S16BareMetal/simpleExampleBareMetal/utilities" -I"/media/olivier/DATADISK/GAW-R/04-Projets/11-serialDataMonitor/ecu/exampleLPC55S16BareMetal/simpleExampleBareMetal/drivers" -I"/media/olivier/DATADISK/GAW-R/04-Projets/11-serialDataMonitor/ecu/exampleLPC55S16BareMetal/simpleExampleBareMetal/LPC55S16/drivers" -I"/media/olivier/DATADISK/GAW-R/04-Projets/11-serialDataMonitor/ecu/exampleLPC55S16BareMetal/simpleExampleBareMetal/device" -I"/media/olivier/DATADISK/GAW-R/04-Projets/11-serialDataMonitor/ecu/exampleLPC55S16BareMetal/simpleExampleBareMetal/component/uart" -I"/media/olivier/DATADISK/GAW-R/04-Projets/11-serialDataMonitor/ecu/exampleLPC55S16BareMetal/simpleExampleBareMetal/component/lists" -I"/media/olivier/DATADISK/GAW-R/04-Projets/11-serialDataMonitor/ecu/exampleLPC55S16BareMetal/simpleExampleBareMetal/CMSIS" -O0 -fno-common -g3 -mcpu=cortex-m33 -c -ffunction-sections -fdata-sections -ffreestanding -fno-builtin -fmerge-constants -fmacro-prefix-map="../startup/"=. -mcpu=cortex-m33 -mfpu=fpv5-sp-d16 -mfloat-abi=hard -mthumb -D__REDLIB__ -fstack-usage -specs=redlib.specs -MMD -MP -MF"startup/startup_lpc55s16.d" -MT"startup/startup_lpc55s16.o" -MT"startup/startup_lpc55s16.d" -o "startup/startup_lpc55s16.o" "../startup/startup_lpc55s16.c"
arm-none-eabi-gcc -std=gnu99 -D__REDLIB__ -DCPU_LPC55S16JBD100 -DCPU_LPC55S16JBD100_cm33 -DMCUXPRESSO_SDK -DSDK_DEBUGCONSOLE=1 -DCR_INTEGER_PRINTF -DPRINTF_FLOAT_ENABLE=0 -D__MCUXPRESSO -D__USE_CMSIS -DDEBUG -I"/media/olivier/DATADISK/GAW-R/04-Projets/11-serialDataMonitor/ecu/exampleLPC55S16BareMetal/simpleExampleBareMetal/utilities" -I"/media/olivier/DATADISK/GAW-R/04-Projets/11-serialDataMonitor/ecu/exampleLPC55S16BareMetal/simpleExampleBareMetal/drivers" -I"/media/olivier/DATADISK/GAW-R/04-Projets/11-serialDataMonitor/ecu/exampleLPC55S16BareMetal/simpleExampleBareMetal/LPC55S16/drivers" -I"/media/olivier/DATADISK/GAW-R/04-Projets/11-serialDataMonitor/ecu/exampleLPC55S16BareMetal/simpleExampleBareMetal/component/uart" -I"/media/olivier/DATADISK/GAW-R/04-Projets/11-serialDataMonitor/ecu/exampleLPC55S16BareMetal/simpleExampleBareMetal/component/lists" -I"/media/olivier/DATADISK/GAW-R/04-Projets/11-serialDataMonitor/ecu/exampleLPC55S16BareMetal/simpleExampleBareMetal/device" -I"/media/olivier/DATADISK/GAW-R/04-Projets/11-serialDataMonitor/ecu/exampleLPC55S16BareMetal/simpleExampleBareMetal/CMSIS" -I"/media/olivier/DATADISK/GAW-R/04-Projets/11-serialDataMonitor/ecu/exampleLPC55S16BareMetal/simpleExampleBareMetal/board" -I"/media/olivier/DATADISK/GAW-R/04-Projets/11-serialDataMonitor/ecu/exampleLPC55S16BareMetal/simpleExampleBareMetal/inc" -I"/media/olivier/DATADISK/GAW-R/04-Projets/11-serialDataMonitor/ecu/exampleLPC55S16BareMetal/simpleExampleBareMetal/utilities" -I"/media/olivier/DATADISK/GAW-R/04-Projets/11-serialDataMonitor/ecu/exampleLPC55S16BareMetal/simpleExampleBareMetal/drivers" -I"/media/olivier/DATADISK/GAW-R/04-Projets/11-serialDataMonitor/ecu/exampleLPC55S16BareMetal/simpleExampleBareMetal/LPC55S16/drivers" -I"/media/olivier/DATADISK/GAW-R/04-Projets/11-serialDataMonitor/ecu/exampleLPC55S16BareMetal/simpleExampleBareMetal/device" -I"/media/olivier/DATADISK/GAW-R/04-Projets/11-serialDataMonitor/ecu/exampleLPC55S16BareMetal/simpleExampleBareMetal/component/uart" -I"/media/olivier/DATADISK/GAW-R/04-Projets/11-serialDataMonitor/ecu/exampleLPC55S16BareMetal/simpleExampleBareMetal/component/lists" -I"/media/olivier/DATADISK/GAW-R/04-Projets/11-serialDataMonitor/ecu/exampleLPC55S16BareMetal/simpleExampleBareMetal/CMSIS" -O0 -fno-common -g3 -mcpu=cortex-m33 -c -ffunction-sections -fdata-sections -ffreestanding -fno-builtin -fmerge-constants -fmacro-prefix-map="../src/"=. -mcpu=cortex-m33 -mfpu=fpv5-sp-d16 -mfloat-abi=hard -mthumb -D__REDLIB__ -fstack-usage -specs=redlib.specs -MMD -MP -MF"src/main.d" -MT"src/main.o" -MT"src/main.d" -o "src/main.o" "../src/main.c"
Building file: ../src/monitoring.c
Building file: ../src/uart.c
Invoking: MCU C Compiler
arm-none-eabi-gcc -std=gnu99 -D__REDLIB__ -DCPU_LPC55S16JBD100 -DCPU_LPC55S16JBD100_cm33 -DMCUXPRESSO_SDK -DSDK_DEBUGCONSOLE=1 -DCR_INTEGER_PRINTF -DPRINTF_FLOAT_ENABLE=0 -D__MCUXPRESSO -D__USE_CMSIS -DDEBUG -I"/media/olivier/DATADISK/GAW-R/04-Projets/11-serialDataMonitor/ecu/exampleLPC55S16BareMetal/simpleExampleBareMetal/utilities" -I"/media/olivier/DATADISK/GAW-R/04-Projets/11-serialDataMonitor/ecu/exampleLPC55S16BareMetal/simpleExampleBareMetal/drivers" -I"/media/olivier/DATADISK/GAW-R/04-Projets/11-serialDataMonitor/ecu/exampleLPC55S16BareMetal/simpleExampleBareMetal/LPC55S16/drivers" -I"/media/olivier/DATADISK/GAW-R/04-Projets/11-serialDataMonitor/ecu/exampleLPC55S16BareMetal/simpleExampleBareMetal/component/uart" -I"/media/olivier/DATADISK/GAW-R/04-Projets/11-serialDataMonitor/ecu/exampleLPC55S16BareMetal/simpleExampleBareMetal/component/lists" -I"/media/olivier/DATADISK/GAW-R/04-Projets/11-serialDataMonitor/ecu/exampleLPC55S16BareMetal/simpleExampleBareMetal/device" -I"/media/olivier/DATADISK/GAW-R/04-Projets/11-serialDataMonitor/ecu/exampleLPC55S16BareMetal/simpleExampleBareMetal/CMSIS" -I"/media/olivier/DATADISK/GAW-R/04-Projets/11-serialDataMonitor/ecu/exampleLPC55S16BareMetal/simpleExampleBareMetal/board" -I"/media/olivier/DATADISK/GAW-R/04-Projets/11-serialDataMonitor/ecu/exampleLPC55S16BareMetal/simpleExampleBareMetal/inc" -I"/media/olivier/DATADISK/GAW-R/04-Projets/11-serialDataMonitor/ecu/exampleLPC55S16BareMetal/simpleExampleBareMetal/utilities" -I"/media/olivier/DATADISK/GAW-R/04-Projets/11-serialDataMonitor/ecu/exampleLPC55S16BareMetal/simpleExampleBareMetal/drivers" -I"/media/olivier/DATADISK/GAW-R/04-Projets/11-serialDataMonitor/ecu/exampleLPC55S16BareMetal/simpleExampleBareMetal/LPC55S16/drivers" -I"/media/olivier/DATADISK/GAW-R/04-Projets/11-serialDataMonitor/ecu/exampleLPC55S16BareMetal/simpleExampleBareMetal/device" -I"/media/olivier/DATADISK/GAW-R/04-Projets/11-serialDataMonitor/ecu/exampleLPC55S16BareMetal/simpleExampleBareMetal/component/uart" -I"/media/olivier/DATADISK/GAW-R/04-Projets/11-serialDataMonitor/ecu/exampleLPC55S16BareMetal/simpleExampleBareMetal/component/lists" -I"/media/olivier/DATADISK/GAW-R/04-Projets/11-serialDataMonitor/ecu/exampleLPC55S16BareMetal/simpleExampleBareMetal/CMSIS" -O0 -fno-common -g3 -mcpu=cortex-m33 -c -ffunction-sections -fdata-sections -ffreestanding -fno-builtin -fmerge-constants -fmacro-prefix-map="../src/"=. -mcpu=cortex-m33 -mfpu=fpv5-sp-d16 -mfloat-abi=hard -mthumb -D__REDLIB__ -fstack-usage -specs=redlib.specs -MMD -MP -MF"src/monitoring.d" -MT"src/monitoring.o" -MT"src/monitoring.d" -o "src/monitoring.o" "../src/monitoring.c"
Invoking: MCU C Compiler
arm-none-eabi-gcc -std=gnu99 -D__REDLIB__ -DCPU_LPC55S16JBD100 -DCPU_LPC55S16JBD100_cm33 -DMCUXPRESSO_SDK -DSDK_DEBUGCONSOLE=1 -DCR_INTEGER_PRINTF -DPRINTF_FLOAT_ENABLE=0 -D__MCUXPRESSO -D__USE_CMSIS -DDEBUG -I"/media/olivier/DATADISK/GAW-R/04-Projets/11-serialDataMonitor/ecu/exampleLPC55S16BareMetal/simpleExampleBareMetal/utilities" -I"/media/olivier/DATADISK/GAW-R/04-Projets/11-serialDataMonitor/ecu/exampleLPC55S16BareMetal/simpleExampleBareMetal/drivers" -I"/media/olivier/DATADISK/GAW-R/04-Projets/11-serialDataMonitor/ecu/exampleLPC55S16BareMetal/simpleExampleBareMetal/LPC55S16/drivers" -I"/media/olivier/DATADISK/GAW-R/04-Projets/11-serialDataMonitor/ecu/exampleLPC55S16BareMetal/simpleExampleBareMetal/component/uart" -I"/media/olivier/DATADISK/GAW-R/04-Projets/11-serialDataMonitor/ecu/exampleLPC55S16BareMetal/simpleExampleBareMetal/component/lists" -I"/media/olivier/DATADISK/GAW-R/04-Projets/11-serialDataMonitor/ecu/exampleLPC55S16BareMetal/simpleExampleBareMetal/device" -I"/media/olivier/DATADISK/GAW-R/04-Projets/11-serialDataMonitor/ecu/exampleLPC55S16BareMetal/simpleExampleBareMetal/CMSIS" -I"/media/olivier/DATADISK/GAW-R/04-Projets/11-serialDataMonitor/ecu/exampleLPC55S16BareMetal/simpleExampleBareMetal/board" -I"/media/olivier/DATADISK/GAW-R/04-Projets/11-serialDataMonitor/ecu/exampleLPC55S16BareMetal/simpleExampleBareMetal/inc" -I"/media/olivier/DATADISK/GAW-R/04-Projets/11-serialDataMonitor/ecu/exampleLPC55S16BareMetal/simpleExampleBareMetal/utilities" -I"/media/olivier/DATADISK/GAW-R/04-Projets/11-serialDataMonitor/ecu/exampleLPC55S16BareMetal/simpleExampleBareMetal/drivers" -I"/media/olivier/DATADISK/GAW-R/04-Projets/11-serialDataMonitor/ecu/exampleLPC55S16BareMetal/simpleExampleBareMetal/LPC55S16/drivers" -I"/media/olivier/DATADISK/GAW-R/04-Projets/11-serialDataMonitor/ecu/exampleLPC55S16BareMetal/simpleExampleBareMetal/device" -I"/media/olivier/DATADISK/GAW-R/04-Projets/11-serialDataMonitor/ecu/exampleLPC55S16BareMetal/simpleExampleBareMetal/component/uart" -I"/media/olivier/DATADISK/GAW-R/04-Projets/11-serialDataMonitor/ecu/exampleLPC55S16BareMetal/simpleExampleBareMetal/component/lists" -I"/media/olivier/DATADISK/GAW-R/04-Projets/11-serialDataMonitor/ecu/exampleLPC55S16BareMetal/simpleExampleBareMetal/CMSIS" -O0 -fno-common -g3 -mcpu=cortex-m33 -c -ffunction-sections -fdata-sections -ffreestanding -fno-builtin -fmerge-constants -fmacro-prefix-map="../src/"=. -mcpu=cortex-m33 -mfpu=fpv5-sp-d16 -mfloat-abi=hard -mthumb -D__REDLIB__ -fstack-usage -specs=redlib.specs -MMD -MP -MF"src/uart.d" -MT"src/uart.o" -MT"src/uart.d" -o "src/uart.o" "../src/uart.c"
Building file: ../drivers/fsl_clock.c
Building file: ../drivers/fsl_common.c
Invoking: MCU C Compiler
arm-none-eabi-gcc -std=gnu99 -D__REDLIB__ -DCPU_LPC55S16JBD100 -DCPU_LPC55S16JBD100_cm33 -DMCUXPRESSO_SDK -DSDK_DEBUGCONSOLE=1 -DCR_INTEGER_PRINTF -DPRINTF_FLOAT_ENABLE=0 -D__MCUXPRESSO -D__USE_CMSIS -DDEBUG -I"/media/olivier/DATADISK/GAW-R/04-Projets/11-serialDataMonitor/ecu/exampleLPC55S16BareMetal/simpleExampleBareMetal/utilities" -I"/media/olivier/DATADISK/GAW-R/04-Projets/11-serialDataMonitor/ecu/exampleLPC55S16BareMetal/simpleExampleBareMetal/drivers" -I"/media/olivier/DATADISK/GAW-R/04-Projets/11-serialDataMonitor/ecu/exampleLPC55S16BareMetal/simpleExampleBareMetal/LPC55S16/drivers" -I"/media/olivier/DATADISK/GAW-R/04-Projets/11-serialDataMonitor/ecu/exampleLPC55S16BareMetal/simpleExampleBareMetal/component/uart" -I"/media/olivier/DATADISK/GAW-R/04-Projets/11-serialDataMonitor/ecu/exampleLPC55S16BareMetal/simpleExampleBareMetal/component/lists" -I"/media/olivier/DATADISK/GAW-R/04-Projets/11-serialDataMonitor/ecu/exampleLPC55S16BareMetal/simpleExampleBareMetal/device" -I"/media/olivier/DATADISK/GAW-R/04-Projets/11-serialDataMonitor/ecu/exampleLPC55S16BareMetal/simpleExampleBareMetal/CMSIS" -I"/media/olivier/DATADISK/GAW-R/04-Projets/11-serialDataMonitor/ecu/exampleLPC55S16BareMetal/simpleExampleBareMetal/board" -I"/media/olivier/DATADISK/GAW-R/04-Projets/11-serialDataMonitor/ecu/exampleLPC55S16BareMetal/simpleExampleBareMetal/inc" -I"/media/olivier/DATADISK/GAW-R/04-Projets/11-serialDataMonitor/ecu/exampleLPC55S16BareMetal/simpleExampleBareMetal/utilities" -I"/media/olivier/DATADISK/GAW-R/04-Projets/11-serialDataMonitor/ecu/exampleLPC55S16BareMetal/simpleExampleBareMetal/drivers" -I"/media/olivier/DATADISK/GAW-R/04-Projets/11-serialDataMonitor/ecu/exampleLPC55S16BareMetal/simpleExampleBareMetal/LPC55S16/drivers" -I"/media/olivier/DATADISK/GAW-R/04-Projets/11-serialDataMonitor/ecu/exampleLPC55S16BareMetal/simpleExampleBareMetal/device" -I"/media/olivier/DATADISK/GAW-R/04-Projets/11-serialDataMonitor/ecu/exampleLPC55S16BareMetal/simpleExampleBareMetal/component/uart" -I"/media/olivier/DATADISK/GAW-R/04-Projets/11-serialDataMonitor/ecu/exampleLPC55S16BareMetal/simpleExampleBareMetal/component/lists" -I"/media/olivier/DATADISK/GAW-R/04-Projets/11-serialDataMonitor/ecu/exampleLPC55S16BareMetal/simpleExampleBareMetal/CMSIS" -O0 -fno-common -g3 -mcpu=cortex-m33 -c -ffunction-sections -fdata-sections -ffreestanding -fno-builtin -fmerge-constants -fmacro-prefix-map="../drivers/"=. -mcpu=cortex-m33 -mfpu=fpv5-sp-d16 -mfloat-abi=hard -mthumb -D__REDLIB__ -fstack-usage -specs=redlib.specs -MMD -MP -MF"drivers/fsl_clock.d" -MT"drivers/fsl_clock.o" -MT"drivers/fsl_clock.d" -o "drivers/fsl_clock.o" "../drivers/fsl_clock.c"
Invoking: MCU C Compiler
arm-none-eabi-gcc -std=gnu99 -D__REDLIB__ -DCPU_LPC55S16JBD100 -DCPU_LPC55S16JBD100_cm33 -DMCUXPRESSO_SDK -DSDK_DEBUGCONSOLE=1 -DCR_INTEGER_PRINTF -DPRINTF_FLOAT_ENABLE=0 -D__MCUXPRESSO -D__USE_CMSIS -DDEBUG -I"/media/olivier/DATADISK/GAW-R/04-Projets/11-serialDataMonitor/ecu/exampleLPC55S16BareMetal/simpleExampleBareMetal/utilities" -I"/media/olivier/DATADISK/GAW-R/04-Projets/11-serialDataMonitor/ecu/exampleLPC55S16BareMetal/simpleExampleBareMetal/drivers" -I"/media/olivier/DATADISK/GAW-R/04-Projets/11-serialDataMonitor/ecu/exampleLPC55S16BareMetal/simpleExampleBareMetal/LPC55S16/drivers" -I"/media/olivier/DATADISK/GAW-R/04-Projets/11-serialDataMonitor/ecu/exampleLPC55S16BareMetal/simpleExampleBareMetal/component/uart" -I"/media/olivier/DATADISK/GAW-R/04-Projets/11-serialDataMonitor/ecu/exampleLPC55S16BareMetal/simpleExampleBareMetal/component/lists" -I"/media/olivier/DATADISK/GAW-R/04-Projets/11-serialDataMonitor/ecu/exampleLPC55S16BareMetal/simpleExampleBareMetal/device" -I"/media/olivier/DATADISK/GAW-R/04-Projets/11-serialDataMonitor/ecu/exampleLPC55S16BareMetal/simpleExampleBareMetal/CMSIS" -I"/media/olivier/DATADISK/GAW-R/04-Projets/11-serialDataMonitor/ecu/exampleLPC55S16BareMetal/simpleExampleBareMetal/board" -I"/media/olivier/DATADISK/GAW-R/04-Projets/11-serialDataMonitor/ecu/exampleLPC55S16BareMetal/simpleExampleBareMetal/inc" -I"/media/olivier/DATADISK/GAW-R/04-Projets/11-serialDataMonitor/ecu/exampleLPC55S16BareMetal/simpleExampleBareMetal/utilities" -I"/media/olivier/DATADISK/GAW-R/04-Projets/11-serialDataMonitor/ecu/exampleLPC55S16BareMetal/simpleExampleBareMetal/drivers" -I"/media/olivier/DATADISK/GAW-R/04-Projets/11-serialDataMonitor/ecu/exampleLPC55S16BareMetal/simpleExampleBareMetal/LPC55S16/drivers" -I"/media/olivier/DATADISK/GAW-R/04-Projets/11-serialDataMonitor/ecu/exampleLPC55S16BareMetal/simpleExampleBareMetal/device" -I"/media/olivier/DATADISK/GAW-R/04-Projets/11-serialDataMonitor/ecu/exampleLPC55S16BareMetal/simpleExampleBareMetal/component/uart" -I"/media/olivier/DATADISK/GAW-R/04-Projets/11-serialDataMonitor/ecu/exampleLPC55S16BareMetal/simpleExampleBareMetal/component/lists" -I"/media/olivier/DATADISK/GAW-R/04-Projets/11-serialDataMonitor/ecu/exampleLPC55S16BareMetal/simpleExampleBareMetal/CMSIS" -O0 -fno-common -g3 -mcpu=cortex-m33 -c -ffunction-sections -fdata-sections -ffreestanding -fno-builtin -fmerge-constants -fmacro-prefix-map="../drivers/"=. -mcpu=cortex-m33 -mfpu=fpv5-sp-d16 -mfloat-abi=hard -mthumb -D__REDLIB__ -fstack-usage -specs=redlib.specs -MMD -MP -MF"drivers/fsl_common.d" -MT"drivers/fsl_common.o" -MT"drivers/fsl_common.d" -o "drivers/fsl_common.o" "../drivers/fsl_common.c"
Finished building: ../startup/startup_lpc55s16.c
Finished building: ../src/monitoring.c
 
 
Building file: ../drivers/fsl_common_arm.c
Building file: ../drivers/fsl_ctimer.c
Invoking: MCU C Compiler
arm-none-eabi-gcc -std=gnu99 -D__REDLIB__ -DCPU_LPC55S16JBD100 -DCPU_LPC55S16JBD100_cm33 -DMCUXPRESSO_SDK -DSDK_DEBUGCONSOLE=1 -DCR_INTEGER_PRINTF -DPRINTF_FLOAT_ENABLE=0 -D__MCUXPRESSO -D__USE_CMSIS -DDEBUG -I"/media/olivier/DATADISK/GAW-R/04-Projets/11-serialDataMonitor/ecu/exampleLPC55S16BareMetal/simpleExampleBareMetal/utilities" -I"/media/olivier/DATADISK/GAW-R/04-Projets/11-serialDataMonitor/ecu/exampleLPC55S16BareMetal/simpleExampleBareMetal/drivers" -I"/media/olivier/DATADISK/GAW-R/04-Projets/11-serialDataMonitor/ecu/exampleLPC55S16BareMetal/simpleExampleBareMetal/LPC55S16/drivers" -I"/media/olivier/DATADISK/GAW-R/04-Projets/11-serialDataMonitor/ecu/exampleLPC55S16BareMetal/simpleExampleBareMetal/component/uart" -I"/media/olivier/DATADISK/GAW-R/04-Projets/11-serialDataMonitor/ecu/exampleLPC55S16BareMetal/simpleExampleBareMetal/component/lists" -I"/media/olivier/DATADISK/GAW-R/04-Projets/11-serialDataMonitor/ecu/exampleLPC55S16BareMetal/simpleExampleBareMetal/device" -I"/media/olivier/DATADISK/GAW-R/04-Projets/11-serialDataMonitor/ecu/exampleLPC55S16BareMetal/simpleExampleBareMetal/CMSIS" -I"/media/olivier/DATADISK/GAW-R/04-Projets/11-serialDataMonitor/ecu/exampleLPC55S16BareMetal/simpleExampleBareMetal/board" -I"/media/olivier/DATADISK/GAW-R/04-Projets/11-serialDataMonitor/ecu/exampleLPC55S16BareMetal/simpleExampleBareMetal/inc" -I"/media/olivier/DATADISK/GAW-R/04-Projets/11-serialDataMonitor/ecu/exampleLPC55S16BareMetal/simpleExampleBareMetal/utilities" -I"/media/olivier/DATADISK/GAW-R/04-Projets/11-serialDataMonitor/ecu/exampleLPC55S16BareMetal/simpleExampleBareMetal/drivers" -I"/media/olivier/DATADISK/GAW-R/04-Projets/11-serialDataMonitor/ecu/exampleLPC55S16BareMetal/simpleExampleBareMetal/LPC55S16/drivers" -I"/media/olivier/DATADISK/GAW-R/04-Projets/11-serialDataMonitor/ecu/exampleLPC55S16BareMetal/simpleExampleBareMetal/device" -I"/media/olivier/DATADISK/GAW-R/04-Projets/11-serialDataMonitor/ecu/exampleLPC55S16BareMetal/simpleExampleBareMetal/component/uart" -I"/media/olivier/DATADISK/GAW-R/04-Projets/11-serialDataMonitor/ecu/exampleLPC55S16BareMetal/simpleExampleBareMetal/component/lists" -I"/media/olivier/DATADISK/GAW-R/04-Projets/11-serialDataMonitor/ecu/exampleLPC55S16BareMetal/simpleExampleBareMetal/CMSIS" -O0 -fno-common -g3 -mcpu=cortex-m33 -c -ffunction-sections -fdata-sections -ffreestanding -fno-builtin -fmerge-constants -fmacro-prefix-map="../drivers/"=. -mcpu=cortex-m33 -mfpu=fpv5-sp-d16 -mfloat-abi=hard -mthumb -D__REDLIB__ -fstack-usage -specs=redlib.specs -MMD -MP -MF"drivers/fsl_common_arm.d" -MT"drivers/fsl_common_arm.o" -MT"drivers/fsl_common_arm.d" -o "drivers/fsl_common_arm.o" "../drivers/fsl_common_arm.c"
Invoking: MCU C Compiler
arm-none-eabi-gcc -std=gnu99 -D__REDLIB__ -DCPU_LPC55S16JBD100 -DCPU_LPC55S16JBD100_cm33 -DMCUXPRESSO_SDK -DSDK_DEBUGCONSOLE=1 -DCR_INTEGER_PRINTF -DPRINTF_FLOAT_ENABLE=0 -D__MCUXPRESSO -D__USE_CMSIS -DDEBUG -I"/media/olivier/DATADISK/GAW-R/04-Projets/11-serialDataMonitor/ecu/exampleLPC55S16BareMetal/simpleExampleBareMetal/utilities" -I"/media/olivier/DATADISK/GAW-R/04-Projets/11-serialDataMonitor/ecu/exampleLPC55S16BareMetal/simpleExampleBareMetal/drivers" -I"/media/olivier/DATADISK/GAW-R/04-Projets/11-serialDataMonitor/ecu/exampleLPC55S16BareMetal/simpleExampleBareMetal/LPC55S16/drivers" -I"/media/olivier/DATADISK/GAW-R/04-Projets/11-serialDataMonitor/ecu/exampleLPC55S16BareMetal/simpleExampleBareMetal/component/uart" -I"/media/olivier/DATADISK/GAW-R/04-Projets/11-serialDataMonitor/ecu/exampleLPC55S16BareMetal/simpleExampleBareMetal/component/lists" -I"/media/olivier/DATADISK/GAW-R/04-Projets/11-serialDataMonitor/ecu/exampleLPC55S16BareMetal/simpleExampleBareMetal/device" -I"/media/olivier/DATADISK/GAW-R/04-Projets/11-serialDataMonitor/ecu/exampleLPC55S16BareMetal/simpleExampleBareMetal/CMSIS" -I"/media/olivier/DATADISK/GAW-R/04-Projets/11-serialDataMonitor/ecu/exampleLPC55S16BareMetal/simpleExampleBareMetal/board" -I"/media/olivier/DATADISK/GAW-R/04-Projets/11-serialDataMonitor/ecu/exampleLPC55S16BareMetal/simpleExampleBareMetal/inc" -I"/media/olivier/DATADISK/GAW-R/04-Projets/11-serialDataMonitor/ecu/exampleLPC55S16BareMetal/simpleExampleBareMetal/utilities" -I"/media/olivier/DATADISK/GAW-R/04-Projets/11-serialDataMonitor/ecu/exampleLPC55S16BareMetal/simpleExampleBareMetal/drivers" -I"/media/olivier/DATADISK/GAW-R/04-Projets/11-serialDataMonitor/ecu/exampleLPC55S16BareMetal/simpleExampleBareMetal/LPC55S16/drivers" -I"/media/olivier/DATADISK/GAW-R/04-Projets/11-serialDataMonitor/ecu/exampleLPC55S16BareMetal/simpleExampleBareMetal/device" -I"/media/olivier/DATADISK/GAW-R/04-Projets/11-serialDataMonitor/ecu/exampleLPC55S16BareMetal/simpleExampleBareMetal/component/uart" -I"/media/olivier/DATADISK/GAW-R/04-Projets/11-serialDataMonitor/ecu/exampleLPC55S16BareMetal/simpleExampleBareMetal/component/lists" -I"/media/olivier/DATADISK/GAW-R/04-Projets/11-serialDataMonitor/ecu/exampleLPC55S16BareMetal/simpleExampleBareMetal/CMSIS" -O0 -fno-common -g3 -mcpu=cortex-m33 -c -ffunction-sections -fdata-sections -ffreestanding -fno-builtin -fmerge-constants -fmacro-prefix-map="../drivers/"=. -mcpu=cortex-m33 -mfpu=fpv5-sp-d16 -mfloat-abi=hard -mthumb -D__REDLIB__ -fstack-usage -specs=redlib.specs -MMD -MP -MF"drivers/fsl_ctimer.d" -MT"drivers/fsl_ctimer.o" -MT"drivers/fsl_ctimer.d" -o "drivers/fsl_ctimer.o" "../drivers/fsl_ctimer.c"
Finished building: ../utilities/fsl_debug_console.c
 
Building file: ../drivers/fsl_flexcomm.c
Finished building: ../src/uart.c
Invoking: MCU C Compiler
arm-none-eabi-gcc -std=gnu99 -D__REDLIB__ -DCPU_LPC55S16JBD100 -DCPU_LPC55S16JBD100_cm33 -DMCUXPRESSO_SDK -DSDK_DEBUGCONSOLE=1 -DCR_INTEGER_PRINTF -DPRINTF_FLOAT_ENABLE=0 -D__MCUXPRESSO -D__USE_CMSIS -DDEBUG -I"/media/olivier/DATADISK/GAW-R/04-Projets/11-serialDataMonitor/ecu/exampleLPC55S16BareMetal/simpleExampleBareMetal/utilities" -I"/media/olivier/DATADISK/GAW-R/04-Projets/11-serialDataMonitor/ecu/exampleLPC55S16BareMetal/simpleExampleBareMetal/drivers" -I"/media/olivier/DATADISK/GAW-R/04-Projets/11-serialDataMonitor/ecu/exampleLPC55S16BareMetal/simpleExampleBareMetal/LPC55S16/drivers" -I"/media/olivier/DATADISK/GAW-R/04-Projets/11-serialDataMonitor/ecu/exampleLPC55S16BareMetal/simpleExampleBareMetal/component/uart" -I"/media/olivier/DATADISK/GAW-R/04-Projets/11-serialDataMonitor/ecu/exampleLPC55S16BareMetal/simpleExampleBareMetal/component/lists" -I"/media/olivier/DATADISK/GAW-R/04-Projets/11-serialDataMonitor/ecu/exampleLPC55S16BareMetal/simpleExampleBareMetal/device" -I"/media/olivier/DATADISK/GAW-R/04-Projets/11-serialDataMonitor/ecu/exampleLPC55S16BareMetal/simpleExampleBareMetal/CMSIS" -I"/media/olivier/DATADISK/GAW-R/04-Projets/11-serialDataMonitor/ecu/exampleLPC55S16BareMetal/simpleExampleBareMetal/board" -I"/media/olivier/DATADISK/GAW-R/04-Projets/11-serialDataMonitor/ecu/exampleLPC55S16BareMetal/simpleExampleBareMetal/inc" -I"/media/olivier/DATADISK/GAW-R/04-Projets/11-serialDataMonitor/ecu/exampleLPC55S16BareMetal/simpleExampleBareMetal/utilities" -I"/media/olivier/DATADISK/GAW-R/04-Projets/11-serialDataMonitor/ecu/exampleLPC55S16BareMetal/simpleExampleBareMetal/drivers" -I"/media/olivier/DATADISK/GAW-R/04-Projets/11-serialDataMonitor/ecu/exampleLPC55S16BareMetal/simpleExampleBareMetal/LPC55S16/drivers" -I"/media/olivier/DATADISK/GAW-R/04-Projets/11-serialDataMonitor/ecu/exampleLPC55S16BareMetal/simpleExampleBareMetal/device" -I"/media/olivier/DATADISK/GAW-R/04-Projets/11-serialDataMonitor/ecu/exampleLPC55S16BareMetal/simpleExampleBareMetal/component/uart" -I"/media/olivier/DATADISK/GAW-R/04-Projets/11-serialDataMonitor/ecu/exampleLPC55S16BareMetal/simpleExampleBareMetal/component/lists" -I"/media/olivier/DATADISK/GAW-R/04-Projets/11-serialDataMonitor/ecu/exampleLPC55S16BareMetal/simpleExampleBareMetal/CMSIS" -O0 -fno-common -g3 -mcpu=cortex-m33 -c -ffunction-sections -fdata-sections -ffreestanding -fno-builtin -fmerge-constants -fmacro-prefix-map="../drivers/"=. -mcpu=cortex-m33 -mfpu=fpv5-sp-d16 -mfloat-abi=hard -mthumb -D__REDLIB__ -fstack-usage -specs=redlib.specs -MMD -MP -MF"drivers/fsl_flexcomm.d" -MT"drivers/fsl_flexcomm.o" -MT"drivers/fsl_flexcomm.d" -o "drivers/fsl_flexcomm.o" "../drivers/fsl_flexcomm.c"
 
Finished building: ../src/main.c
Building file: ../drivers/fsl_gpio.c
 
Invoking: MCU C Compiler
Building file: ../drivers/fsl_inputmux.c
arm-none-eabi-gcc -std=gnu99 -D__REDLIB__ -DCPU_LPC55S16JBD100 -DCPU_LPC55S16JBD100_cm33 -DMCUXPRESSO_SDK -DSDK_DEBUGCONSOLE=1 -DCR_INTEGER_PRINTF -DPRINTF_FLOAT_ENABLE=0 -D__MCUXPRESSO -D__USE_CMSIS -DDEBUG -I"/media/olivier/DATADISK/GAW-R/04-Projets/11-serialDataMonitor/ecu/exampleLPC55S16BareMetal/simpleExampleBareMetal/utilities" -I"/media/olivier/DATADISK/GAW-R/04-Projets/11-serialDataMonitor/ecu/exampleLPC55S16BareMetal/simpleExampleBareMetal/drivers" -I"/media/olivier/DATADISK/GAW-R/04-Projets/11-serialDataMonitor/ecu/exampleLPC55S16BareMetal/simpleExampleBareMetal/LPC55S16/drivers" -I"/media/olivier/DATADISK/GAW-R/04-Projets/11-serialDataMonitor/ecu/exampleLPC55S16BareMetal/simpleExampleBareMetal/component/uart" -I"/media/olivier/DATADISK/GAW-R/04-Projets/11-serialDataMonitor/ecu/exampleLPC55S16BareMetal/simpleExampleBareMetal/component/lists" -I"/media/olivier/DATADISK/GAW-R/04-Projets/11-serialDataMonitor/ecu/exampleLPC55S16BareMetal/simpleExampleBareMetal/device" -I"/media/olivier/DATADISK/GAW-R/04-Projets/11-serialDataMonitor/ecu/exampleLPC55S16BareMetal/simpleExampleBareMetal/CMSIS" -I"/media/olivier/DATADISK/GAW-R/04-Projets/11-serialDataMonitor/ecu/exampleLPC55S16BareMetal/simpleExampleBareMetal/board" -I"/media/olivier/DATADISK/GAW-R/04-Projets/11-serialDataMonitor/ecu/exampleLPC55S16BareMetal/simpleExampleBareMetal/inc" -I"/media/olivier/DATADISK/GAW-R/04-Projets/11-serialDataMonitor/ecu/exampleLPC55S16BareMetal/simpleExampleBareMetal/utilities" -I"/media/olivier/DATADISK/GAW-R/04-Projets/11-serialDataMonitor/ecu/exampleLPC55S16BareMetal/simpleExampleBareMetal/drivers" -I"/media/olivier/DATADISK/GAW-R/04-Projets/11-serialDataMonitor/ecu/exampleLPC55S16BareMetal/simpleExampleBareMetal/LPC55S16/drivers" -I"/media/olivier/DATADISK/GAW-R/04-Projets/11-serialDataMonitor/ecu/exampleLPC55S16BareMetal/simpleExampleBareMetal/device" -I"/media/olivier/DATADISK/GAW-R/04-Projets/11-serialDataMonitor/ecu/exampleLPC55S16BareMetal/simpleExampleBareMetal/component/uart" -I"/media/olivier/DATADISK/GAW-R/04-Projets/11-serialDataMonitor/ecu/exampleLPC55S16BareMetal/simpleExampleBareMetal/component/lists" -I"/media/olivier/DATADISK/GAW-R/04-Projets/11-serialDataMonitor/ecu/exampleLPC55S16BareMetal/simpleExampleBareMetal/CMSIS" -O0 -fno-common -g3 -mcpu=cortex-m33 -c -ffunction-sections -fdata-sections -ffreestanding -fno-builtin -fmerge-constants -fmacro-prefix-map="../drivers/"=. -mcpu=cortex-m33 -mfpu=fpv5-sp-d16 -mfloat-abi=hard -mthumb -D__REDLIB__ -fstack-usage -specs=redlib.specs -MMD -MP -MF"drivers/fsl_gpio.d" -MT"drivers/fsl_gpio.o" -MT"drivers/fsl_gpio.d" -o "drivers/fsl_gpio.o" "../drivers/fsl_gpio.c"
Finished building: ../utilities/fsl_assert.c
Finished building: ../drivers/fsl_common.c
Invoking: MCU C Compiler
 
arm-none-eabi-gcc -std=gnu99 -D__REDLIB__ -DCPU_LPC55S16JBD100 -DCPU_LPC55S16JBD100_cm33 -DMCUXPRESSO_SDK -DSDK_DEBUGCONSOLE=1 -DCR_INTEGER_PRINTF -DPRINTF_FLOAT_ENABLE=0 -D__MCUXPRESSO -D__USE_CMSIS -DDEBUG -I"/media/olivier/DATADISK/GAW-R/04-Projets/11-serialDataMonitor/ecu/exampleLPC55S16BareMetal/simpleExampleBareMetal/utilities" -I"/media/olivier/DATADISK/GAW-R/04-Projets/11-serialDataMonitor/ecu/exampleLPC55S16BareMetal/simpleExampleBareMetal/drivers" -I"/media/olivier/DATADISK/GAW-R/04-Projets/11-serialDataMonitor/ecu/exampleLPC55S16BareMetal/simpleExampleBareMetal/LPC55S16/drivers" -I"/media/olivier/DATADISK/GAW-R/04-Projets/11-serialDataMonitor/ecu/exampleLPC55S16BareMetal/simpleExampleBareMetal/component/uart" -I"/media/olivier/DATADISK/GAW-R/04-Projets/11-serialDataMonitor/ecu/exampleLPC55S16BareMetal/simpleExampleBareMetal/component/lists" -I"/media/olivier/DATADISK/GAW-R/04-Projets/11-serialDataMonitor/ecu/exampleLPC55S16BareMetal/simpleExampleBareMetal/device" -I"/media/olivier/DATADISK/GAW-R/04-Projets/11-serialDataMonitor/ecu/exampleLPC55S16BareMetal/simpleExampleBareMetal/CMSIS" -I"/media/olivier/DATADISK/GAW-R/04-Projets/11-serialDataMonitor/ecu/exampleLPC55S16BareMetal/simpleExampleBareMetal/board" -I"/media/olivier/DATADISK/GAW-R/04-Projets/11-serialDataMonitor/ecu/exampleLPC55S16BareMetal/simpleExampleBareMetal/inc" -I"/media/olivier/DATADISK/GAW-R/04-Projets/11-serialDataMonitor/ecu/exampleLPC55S16BareMetal/simpleExampleBareMetal/utilities" -I"/media/olivier/DATADISK/GAW-R/04-Projets/11-serialDataMonitor/ecu/exampleLPC55S16BareMetal/simpleExampleBareMetal/drivers" -I"/media/olivier/DATADISK/GAW-R/04-Projets/11-serialDataMonitor/ecu/exampleLPC55S16BareMetal/simpleExampleBareMetal/LPC55S16/drivers" -I"/media/olivier/DATADISK/GAW-R/04-Projets/11-serialDataMonitor/ecu/exampleLPC55S16BareMetal/simpleExampleBareMetal/device" -I"/media/olivier/DATADISK/GAW-R/04-Projets/11-serialDataMonitor/ecu/exampleLPC55S16BareMetal/simpleExampleBareMetal/component/uart" -I"/media/olivier/DATADISK/GAW-R/04-Projets/11-serialDataMonitor/ecu/exampleLPC55S16BareMetal/simpleExampleBareMetal/component/lists" -I"/media/olivier/DATADISK/GAW-R/04-Projets/11-serialDataMonitor/ecu/exampleLPC55S16BareMetal/simpleExampleBareMetal/CMSIS" -O0 -fno-common -g3 -mcpu=cortex-m33 -c -ffunction-sections -fdata-sections -ffreestanding -fno-builtin -fmerge-constants -fmacro-prefix-map="../drivers/"=. -mcpu=cortex-m33 -mfpu=fpv5-sp-d16 -mfloat-abi=hard -mthumb -D__REDLIB__ -fstack-usage -specs=redlib.specs -MMD -MP -MF"drivers/fsl_inputmux.d" -MT"drivers/fsl_inputmux.o" -MT"drivers/fsl_inputmux.d" -o "drivers/fsl_inputmux.o" "../drivers/fsl_inputmux.c"
 
Building file: ../drivers/fsl_reset.c
Finished building: ../drivers/fsl_clock.c
Invoking: MCU C Compiler
[...]
Finished building: ../drivers/fsl_ctimer.c
 
Building file: ../component/uart/fsl_adapter_usart.c
Building file: ../component/lists/fsl_component_generic_list.c
Invoking: MCU C Compiler
arm-none-eabi-gcc -std=gnu99 -D__REDLIB__ -DCPU_LPC55S16JBD100 -DCPU_LPC55S16JBD100_cm33 -DMCUXPRESSO_SDK -DSDK_DEBUGCONSOLE=1 -DCR_INTEGER_PRINTF -DPRINTF_FLOAT_ENABLE=0 -D__MCUXPRESSO -D__USE_CMSIS -DDEBUG -I"/media/olivier/DATADISK/GAW-R/04-Projets/11-serialDataMonitor/ecu/exampleLPC55S16BareMetal/simpleExampleBareMetal/utilities" -I"/media/olivier/DATADISK/GAW-R/04-Projets/11-serialDataMonitor/ecu/exampleLPC55S16BareMetal/simpleExampleBareMetal/drivers" -I"/media/olivier/DATADISK/GAW-R/04-Projets/11-serialDataMonitor/ecu/exampleLPC55S16BareMetal/simpleExampleBareMetal/LPC55S16/drivers" -I"/media/olivier/DATADISK/GAW-R/04-Projets/11-serialDataMonitor/ecu/exampleLPC55S16BareMetal/simpleExampleBareMetal/component/uart" -I"/media/olivier/DATADISK/GAW-R/04-Projets/11-serialDataMonitor/ecu/exampleLPC55S16BareMetal/simpleExampleBareMetal/component/lists" -I"/media/olivier/DATADISK/GAW-R/04-Projets/11-serialDataMonitor/ecu/exampleLPC55S16BareMetal/simpleExampleBareMetal/device" -I"/media/olivier/DATADISK/GAW-R/04-Projets/11-serialDataMonitor/ecu/exampleLPC55S16BareMetal/simpleExampleBareMetal/CMSIS" -I"/media/olivier/DATADISK/GAW-R/04-Projets/11-serialDataMonitor/ecu/exampleLPC55S16BareMetal/simpleExampleBareMetal/board" -I"/media/olivier/DATADISK/GAW-R/04-Projets/11-serialDataMonitor/ecu/exampleLPC55S16BareMetal/simpleExampleBareMetal/inc" -I"/media/olivier/DATADISK/GAW-R/04-Projets/11-serialDataMonitor/ecu/exampleLPC55S16BareMetal/simpleExampleBareMetal/utilities" -I"/media/olivier/DATADISK/GAW-R/04-Projets/11-serialDataMonitor/ecu/exampleLPC55S16BareMetal/simpleExampleBareMetal/drivers" -I"/media/olivier/DATADISK/GAW-R/04-Projets/11-serialDataMonitor/ecu/exampleLPC55S16BareMetal/simpleExampleBareMetal/LPC55S16/drivers" -I"/media/olivier/DATADISK/GAW-R/04-Projets/11-serialDataMonitor/ecu/exampleLPC55S16BareMetal/simpleExampleBareMetal/device" -I"/media/olivier/DATADISK/GAW-R/04-Projets/11-serialDataMonitor/ecu/exampleLPC55S16BareMetal/simpleExampleBareMetal/component/uart" -I"/media/olivier/DATADISK/GAW-R/04-Projets/11-serialDataMonitor/ecu/exampleLPC55S16BareMetal/simpleExampleBareMetal/component/lists" -I"/media/olivier/DATADISK/GAW-R/04-Projets/11-serialDataMonitor/ecu/exampleLPC55S16BareMetal/simpleExampleBareMetal/CMSIS" -O0 -fno-common -g3 -mcpu=cortex-m33 -c -ffunction-sections -fdata-sections -ffreestanding -fno-builtin -fmerge-constants -fmacro-prefix-map="../component/uart/"=. -mcpu=cortex-m33 -mfpu=fpv5-sp-d16 -mfloat-abi=hard -mthumb -D__REDLIB__ -fstack-usage -specs=redlib.specs -MMD -MP -MF"component/uart/fsl_adapter_usart.d" -MT"component/uart/fsl_adapter_usart.o" -MT"component/uart/fsl_adapter_usart.d" -o "component/uart/fsl_adapter_usart.o" "../component/uart/fsl_adapter_usart.c"
Invoking: MCU C Compiler
arm-none-eabi-gcc -std=gnu99 -D__REDLIB__ -DCPU_LPC55S16JBD100 -DCPU_LPC55S16JBD100_cm33 -DMCUXPRESSO_SDK -DSDK_DEBUGCONSOLE=1 -DCR_INTEGER_PRINTF -DPRINTF_FLOAT_ENABLE=0 -D__MCUXPRESSO -D__USE_CMSIS -DDEBUG -I"/media/olivier/DATADISK/GAW-R/04-Projets/11-serialDataMonitor/ecu/exampleLPC55S16BareMetal/simpleExampleBareMetal/utilities" -I"/media/olivier/DATADISK/GAW-R/04-Projets/11-serialDataMonitor/ecu/exampleLPC55S16BareMetal/simpleExampleBareMetal/drivers" -I"/media/olivier/DATADISK/GAW-R/04-Projets/11-serialDataMonitor/ecu/exampleLPC55S16BareMetal/simpleExampleBareMetal/LPC55S16/drivers" -I"/media/olivier/DATADISK/GAW-R/04-Projets/11-serialDataMonitor/ecu/exampleLPC55S16BareMetal/simpleExampleBareMetal/component/uart" -I"/media/olivier/DATADISK/GAW-R/04-Projets/11-serialDataMonitor/ecu/exampleLPC55S16BareMetal/simpleExampleBareMetal/component/lists" -I"/media/olivier/DATADISK/GAW-R/04-Projets/11-serialDataMonitor/ecu/exampleLPC55S16BareMetal/simpleExampleBareMetal/device" -I"/media/olivier/DATADISK/GAW-R/04-Projets/11-serialDataMonitor/ecu/exampleLPC55S16BareMetal/simpleExampleBareMetal/CMSIS" -I"/media/olivier/DATADISK/GAW-R/04-Projets/11-serialDataMonitor/ecu/exampleLPC55S16BareMetal/simpleExampleBareMetal/board" -I"/media/olivier/DATADISK/GAW-R/04-Projets/11-serialDataMonitor/ecu/exampleLPC55S16BareMetal/simpleExampleBareMetal/inc" -I"/media/olivier/DATADISK/GAW-R/04-Projets/11-serialDataMonitor/ecu/exampleLPC55S16BareMetal/simpleExampleBareMetal/utilities" -I"/media/olivier/DATADISK/GAW-R/04-Projets/11-serialDataMonitor/ecu/exampleLPC55S16BareMetal/simpleExampleBareMetal/drivers" -I"/media/olivier/DATADISK/GAW-R/04-Projets/11-serialDataMonitor/ecu/exampleLPC55S16BareMetal/simpleExampleBareMetal/LPC55S16/drivers" -I"/media/olivier/DATADISK/GAW-R/04-Projets/11-serialDataMonitor/ecu/exampleLPC55S16BareMetal/simpleExampleBareMetal/device" -I"/media/olivier/DATADISK/GAW-R/04-Projets/11-serialDataMonitor/ecu/exampleLPC55S16BareMetal/simpleExampleBareMetal/component/uart" -I"/media/olivier/DATADISK/GAW-R/04-Projets/11-serialDataMonitor/ecu/exampleLPC55S16BareMetal/simpleExampleBareMetal/component/lists" -I"/media/olivier/DATADISK/GAW-R/04-Projets/11-serialDataMonitor/ecu/exampleLPC55S16BareMetal/simpleExampleBareMetal/CMSIS" -O0 -fno-common -g3 -mcpu=cortex-m33 -c -ffunction-sections -fdata-sections -ffreestanding -fno-builtin -fmerge-constants -fmacro-prefix-map="../component/lists/"=. -mcpu=cortex-m33 -mfpu=fpv5-sp-d16 -mfloat-abi=hard -mthumb -D__REDLIB__ -fstack-usage -specs=redlib.specs -MMD -MP -MF"component/lists/fsl_component_generic_list.d" -MT"component/lists/fsl_component_generic_list.o" -MT"component/lists/fsl_component_generic_list.d" -o "component/lists/fsl_component_generic_list.o" "../component/lists/fsl_component_generic_list.c"
Finished building: ../drivers/fsl_flexcomm.c
 
Building file: ../board/clock_config.c
Invoking: MCU C Compiler
arm-none-eabi-gcc -std=gnu99 -D__REDLIB__ -DCPU_LPC55S16JBD100 -DCPU_LPC55S16JBD100_cm33 -DMCUXPRESSO_SDK -DSDK_DEBUGCONSOLE=1 -DCR_INTEGER_PRINTF -DPRINTF_FLOAT_ENABLE=0 -D__MCUXPRESSO -D__USE_CMSIS -DDEBUG -I"/media/olivier/DATADISK/GAW-R/04-Projets/11-serialDataMonitor/ecu/exampleLPC55S16BareMetal/simpleExampleBareMetal/utilities" -I"/media/olivier/DATADISK/GAW-R/04-Projets/11-serialDataMonitor/ecu/exampleLPC55S16BareMetal/simpleExampleBareMetal/drivers" -I"/media/olivier/DATADISK/GAW-R/04-Projets/11-serialDataMonitor/ecu/exampleLPC55S16BareMetal/simpleExampleBareMetal/LPC55S16/drivers" -I"/media/olivier/DATADISK/GAW-R/04-Projets/11-serialDataMonitor/ecu/exampleLPC55S16BareMetal/simpleExampleBareMetal/component/uart" -I"/media/olivier/DATADISK/GAW-R/04-Projets/11-serialDataMonitor/ecu/exampleLPC55S16BareMetal/simpleExampleBareMetal/component/lists" -I"/media/olivier/DATADISK/GAW-R/04-Projets/11-serialDataMonitor/ecu/exampleLPC55S16BareMetal/simpleExampleBareMetal/device" -I"/media/olivier/DATADISK/GAW-R/04-Projets/11-serialDataMonitor/ecu/exampleLPC55S16BareMetal/simpleExampleBareMetal/CMSIS" -I"/media/olivier/DATADISK/GAW-R/04-Projets/11-serialDataMonitor/ecu/exampleLPC55S16BareMetal/simpleExampleBareMetal/board" -I"/media/olivier/DATADISK/GAW-R/04-Projets/11-serialDataMonitor/ecu/exampleLPC55S16BareMetal/simpleExampleBareMetal/inc" -I"/media/olivier/DATADISK/GAW-R/04-Projets/11-serialDataMonitor/ecu/exampleLPC55S16BareMetal/simpleExampleBareMetal/utilities" -I"/media/olivier/DATADISK/GAW-R/04-Projets/11-serialDataMonitor/ecu/exampleLPC55S16BareMetal/simpleExampleBareMetal/drivers" -I"/media/olivier/DATADISK/GAW-R/04-Projets/11-serialDataMonitor/ecu/exampleLPC55S16BareMetal/simpleExampleBareMetal/LPC55S16/drivers" -I"/media/olivier/DATADISK/GAW-R/04-Projets/11-serialDataMonitor/ecu/exampleLPC55S16BareMetal/simpleExampleBareMetal/device" -I"/media/olivier/DATADISK/GAW-R/04-Projets/11-serialDataMonitor/ecu/exampleLPC55S16BareMetal/simpleExampleBareMetal/component/uart" -I"/media/olivier/DATADISK/GAW-R/04-Projets/11-serialDataMonitor/ecu/exampleLPC55S16BareMetal/simpleExampleBareMetal/component/lists" -I"/media/olivier/DATADISK/GAW-R/04-Projets/11-serialDataMonitor/ecu/exampleLPC55S16BareMetal/simpleExampleBareMetal/CMSIS" -O0 -fno-common -g3 -mcpu=cortex-m33 -c -ffunction-sections -fdata-sections -ffreestanding -fno-builtin -fmerge-constants -fmacro-prefix-map="../board/"=. -mcpu=cortex-m33 -mfpu=fpv5-sp-d16 -mfloat-abi=hard -mthumb -D__REDLIB__ -fstack-usage -specs=redlib.specs -MMD -MP -MF"board/clock_config.d" -MT"board/clock_config.o" -MT"board/clock_config.d" -o "board/clock_config.o" "../board/clock_config.c"
Finished building: ../drivers/fsl_gpio.c
 
Building file: ../board/peripherals.c
Invoking: MCU C Compiler
arm-none-eabi-gcc -std=gnu99 -D__REDLIB__ -DCPU_LPC55S16JBD100 -DCPU_LPC55S16JBD100_cm33 -DMCUXPRESSO_SDK -DSDK_DEBUGCONSOLE=1 -DCR_INTEGER_PRINTF -DPRINTF_FLOAT_ENABLE=0 -D__MCUXPRESSO -D__USE_CMSIS -DDEBUG -I"/media/olivier/DATADISK/GAW-R/04-Projets/11-serialDataMonitor/ecu/exampleLPC55S16BareMetal/simpleExampleBareMetal/utilities" -I"/media/olivier/DATADISK/GAW-R/04-Projets/11-serialDataMonitor/ecu/exampleLPC55S16BareMetal/simpleExampleBareMetal/drivers" -I"/media/olivier/DATADISK/GAW-R/04-Projets/11-serialDataMonitor/ecu/exampleLPC55S16BareMetal/simpleExampleBareMetal/LPC55S16/drivers" -I"/media/olivier/DATADISK/GAW-R/04-Projets/11-serialDataMonitor/ecu/exampleLPC55S16BareMetal/simpleExampleBareMetal/component/uart" -I"/media/olivier/DATADISK/GAW-R/04-Projets/11-serialDataMonitor/ecu/exampleLPC55S16BareMetal/simpleExampleBareMetal/component/lists" -I"/media/olivier/DATADISK/GAW-R/04-Projets/11-serialDataMonitor/ecu/exampleLPC55S16BareMetal/simpleExampleBareMetal/device" -I"/media/olivier/DATADISK/GAW-R/04-Projets/11-serialDataMonitor/ecu/exampleLPC55S16BareMetal/simpleExampleBareMetal/CMSIS" -I"/media/olivier/DATADISK/GAW-R/04-Projets/11-serialDataMonitor/ecu/exampleLPC55S16BareMetal/simpleExampleBareMetal/board" -I"/media/olivier/DATADISK/GAW-R/04-Projets/11-serialDataMonitor/ecu/exampleLPC55S16BareMetal/simpleExampleBareMetal/inc" -I"/media/olivier/DATADISK/GAW-R/04-Projets/11-serialDataMonitor/ecu/exampleLPC55S16BareMetal/simpleExampleBareMetal/utilities" -I"/media/olivier/DATADISK/GAW-R/04-Projets/11-serialDataMonitor/ecu/exampleLPC55S16BareMetal/simpleExampleBareMetal/drivers" -I"/media/olivier/DATADISK/GAW-R/04-Projets/11-serialDataMonitor/ecu/exampleLPC55S16BareMetal/simpleExampleBareMetal/LPC55S16/drivers" -I"/media/olivier/DATADISK/GAW-R/04-Projets/11-serialDataMonitor/ecu/exampleLPC55S16BareMetal/simpleExampleBareMetal/device" -I"/media/olivier/DATADISK/GAW-R/04-Projets/11-serialDataMonitor/ecu/exampleLPC55S16BareMetal/simpleExampleBareMetal/component/uart" -I"/media/olivier/DATADISK/GAW-R/04-Projets/11-serialDataMonitor/ecu/exampleLPC55S16BareMetal/simpleExampleBareMetal/component/lists" -I"/media/olivier/DATADISK/GAW-R/04-Projets/11-serialDataMonitor/ecu/exampleLPC55S16BareMetal/simpleExampleBareMetal/CMSIS" -O0 -fno-common -g3 -mcpu=cortex-m33 -c -ffunction-sections -fdata-sections -ffreestanding -fno-builtin -fmerge-constants -fmacro-prefix-map="../board/"=. -mcpu=cortex-m33 -mfpu=fpv5-sp-d16 -mfloat-abi=hard -mthumb -D__REDLIB__ -fstack-usage -specs=redlib.specs -MMD -MP -MF"board/peripherals.d" -MT"board/peripherals.o" -MT"board/peripherals.d" -o "board/peripherals.o" "../board/peripherals.c"
Finished building: ../drivers/fsl_inputmux.c
 
Building file: ../board/pin_mux.c
Finished building: ../drivers/fsl_reset.c
Invoking: MCU C Compiler
arm-none-eabi-gcc -std=gnu99 -D__REDLIB__ -DCPU_LPC55S16JBD100 -DCPU_LPC55S16JBD100_cm33 -DMCUXPRESSO_SDK -DSDK_DEBUGCONSOLE=1 -DCR_INTEGER_PRINTF -DPRINTF_FLOAT_ENABLE=0 -D__MCUXPRESSO -D__USE_CMSIS -DDEBUG -I"/media/olivier/DATADISK/GAW-R/04-Projets/11-serialDataMonitor/ecu/exampleLPC55S16BareMetal/simpleExampleBareMetal/utilities" -I"/media/olivier/DATADISK/GAW-R/04-Projets/11-serialDataMonitor/ecu/exampleLPC55S16BareMetal/simpleExampleBareMetal/drivers" -I"/media/olivier/DATADISK/GAW-R/04-Projets/11-serialDataMonitor/ecu/exampleLPC55S16BareMetal/simpleExampleBareMetal/LPC55S16/drivers" -I"/media/olivier/DATADISK/GAW-R/04-Projets/11-serialDataMonitor/ecu/exampleLPC55S16BareMetal/simpleExampleBareMetal/component/uart" -I"/media/olivier/DATADISK/GAW-R/04-Projets/11-serialDataMonitor/ecu/exampleLPC55S16BareMetal/simpleExampleBareMetal/component/lists" -I"/media/olivier/DATADISK/GAW-R/04-Projets/11-serialDataMonitor/ecu/exampleLPC55S16BareMetal/simpleExampleBareMetal/device" -I"/media/olivier/DATADISK/GAW-R/04-Projets/11-serialDataMonitor/ecu/exampleLPC55S16BareMetal/simpleExampleBareMetal/CMSIS" -I"/media/olivier/DATADISK/GAW-R/04-Projets/11-serialDataMonitor/ecu/exampleLPC55S16BareMetal/simpleExampleBareMetal/board" -I"/media/olivier/DATADISK/GAW-R/04-Projets/11-serialDataMonitor/ecu/exampleLPC55S16BareMetal/simpleExampleBareMetal/inc" -I"/media/olivier/DATADISK/GAW-R/04-Projets/11-serialDataMonitor/ecu/exampleLPC55S16BareMetal/simpleExampleBareMetal/utilities" -I"/media/olivier/DATADISK/GAW-R/04-Projets/11-serialDataMonitor/ecu/exampleLPC55S16BareMetal/simpleExampleBareMetal/drivers" -I"/media/olivier/DATADISK/GAW-R/04-Projets/11-serialDataMonitor/ecu/exampleLPC55S16BareMetal/simpleExampleBareMetal/LPC55S16/drivers" -I"/media/olivier/DATADISK/GAW-R/04-Projets/11-serialDataMonitor/ecu/exampleLPC55S16BareMetal/simpleExampleBareMetal/device" -I"/media/olivier/DATADISK/GAW-R/04-Projets/11-serialDataMonitor/ecu/exampleLPC55S16BareMetal/simpleExampleBareMetal/component/uart" -I"/media/olivier/DATADISK/GAW-R/04-Projets/11-serialDataMonitor/ecu/exampleLPC55S16BareMetal/simpleExampleBareMetal/component/lists" -I"/media/olivier/DATADISK/GAW-R/04-Projets/11-serialDataMonitor/ecu/exampleLPC55S16BareMetal/simpleExampleBareMetal/CMSIS" -O0 -fno-common -g3 -mcpu=cortex-m33 -c -ffunction-sections -fdata-sections -ffreestanding -fno-builtin -fmerge-constants -fmacro-prefix-map="../board/"=. -mcpu=cortex-m33 -mfpu=fpv5-sp-d16 -mfloat-abi=hard -mthumb -D__REDLIB__ -fstack-usage -specs=redlib.specs -MMD -MP -MF"board/pin_mux.d" -MT"board/pin_mux.o" -MT"board/pin_mux.d" -o "board/pin_mux.o" "../board/pin_mux.c"
 
Finished building: ../device/system_LPC55S16.c
Building file: ../LPC55S16/drivers/fsl_power.c
 
Invoking: MCU C Compiler
arm-none-eabi-gcc -std=gnu99 -D__REDLIB__ -DCPU_LPC55S16JBD100 -DCPU_LPC55S16JBD100_cm33 -DMCUXPRESSO_SDK -DSDK_DEBUGCONSOLE=1 -DCR_INTEGER_PRINTF -DPRINTF_FLOAT_ENABLE=0 -D__MCUXPRESSO -D__USE_CMSIS -DDEBUG -I"/media/olivier/DATADISK/GAW-R/04-Projets/11-serialDataMonitor/ecu/exampleLPC55S16BareMetal/simpleExampleBareMetal/utilities" -I"/media/olivier/DATADISK/GAW-R/04-Projets/11-serialDataMonitor/ecu/exampleLPC55S16BareMetal/simpleExampleBareMetal/drivers" -I"/media/olivier/DATADISK/GAW-R/04-Projets/11-serialDataMonitor/ecu/exampleLPC55S16BareMetal/simpleExampleBareMetal/LPC55S16/drivers" -I"/media/olivier/DATADISK/GAW-R/04-Projets/11-serialDataMonitor/ecu/exampleLPC55S16BareMetal/simpleExampleBareMetal/component/uart" -I"/media/olivier/DATADISK/GAW-R/04-Projets/11-serialDataMonitor/ecu/exampleLPC55S16BareMetal/simpleExampleBareMetal/component/lists" -I"/media/olivier/DATADISK/GAW-R/04-Projets/11-serialDataMonitor/ecu/exampleLPC55S16BareMetal/simpleExampleBareMetal/device" -I"/media/olivier/DATADISK/GAW-R/04-Projets/11-serialDataMonitor/ecu/exampleLPC55S16BareMetal/simpleExampleBareMetal/CMSIS" -I"/media/olivier/DATADISK/GAW-R/04-Projets/11-serialDataMonitor/ecu/exampleLPC55S16BareMetal/simpleExampleBareMetal/board" -I"/media/olivier/DATADISK/GAW-R/04-Projets/11-serialDataMonitor/ecu/exampleLPC55S16BareMetal/simpleExampleBareMetal/inc" -I"/media/olivier/DATADISK/GAW-R/04-Projets/11-serialDataMonitor/ecu/exampleLPC55S16BareMetal/simpleExampleBareMetal/utilities" -I"/media/olivier/DATADISK/GAW-R/04-Projets/11-serialDataMonitor/ecu/exampleLPC55S16BareMetal/simpleExampleBareMetal/drivers" -I"/media/olivier/DATADISK/GAW-R/04-Projets/11-serialDataMonitor/ecu/exampleLPC55S16BareMetal/simpleExampleBareMetal/LPC55S16/drivers" -I"/media/olivier/DATADISK/GAW-R/04-Projets/11-serialDataMonitor/ecu/exampleLPC55S16BareMetal/simpleExampleBareMetal/device" -I"/media/olivier/DATADISK/GAW-R/04-Projets/11-serialDataMonitor/ecu/exampleLPC55S16BareMetal/simpleExampleBareMetal/component/uart" -I"/media/olivier/DATADISK/GAW-R/04-Projets/11-serialDataMonitor/ecu/exampleLPC55S16BareMetal/simpleExampleBareMetal/component/lists" -I"/media/olivier/DATADISK/GAW-R/04-Projets/11-serialDataMonitor/ecu/exampleLPC55S16BareMetal/simpleExampleBareMetal/CMSIS" -O0 -fno-common -g3 -mcpu=cortex-m33 -c -ffunction-sections -fdata-sections -ffreestanding -fno-builtin -fmerge-constants -fmacro-prefix-map="../LPC55S16/drivers/"=. -mcpu=cortex-m33 -mfpu=fpv5-sp-d16 -mfloat-abi=hard -mthumb -D__REDLIB__ -fstack-usage -specs=redlib.specs -MMD -MP -MF"LPC55S16/drivers/fsl_power.d" -MT"LPC55S16/drivers/fsl_power.o" -MT"LPC55S16/drivers/fsl_power.d" -o "LPC55S16/drivers/fsl_power.o" "../LPC55S16/drivers/fsl_power.c"
Finished building: ../drivers/fsl_usart.c
 
Finished building: ../component/uart/fsl_adapter_usart.c
 
Finished building: ../board/clock_config.c
 
Finished building: ../component/lists/fsl_component_generic_list.c
 
Finished building: ../board/peripherals.c
 
Finished building: ../LPC55S16/drivers/fsl_power.c
 
Finished building: ../board/pin_mux.c
 
Building target: simpleExampleBareMetal.axf
Invoking: MCU Linker
arm-none-eabi-gcc -nostdlib -L"/media/olivier/DATADISK/GAW-R/04-Projets/11-serialDataMonitor/ecu/exampleLPC55S16BareMetal/simpleExampleBareMetal/LPC55S16/mcuxpresso" -Xlinker -Map="simpleExampleBareMetal.map" -Xlinker --gc-sections -Xlinker -print-memory-usage -Xlinker --sort-section=alignment -Xlinker --cref -mcpu=cortex-m33 -mfpu=fpv5-sp-d16 -mfloat-abi=hard -mthumb -T "simpleExampleBareMetal_Debug.ld" -o "simpleExampleBareMetal.axf"  ./utilities/fsl_assert.o ./utilities/fsl_debug_console.o  ./startup/startup_lpc55s16.o  ./src/main.o ./src/monitoring.o ./src/uart.o  ./drivers/fsl_clock.o ./drivers/fsl_common.o ./drivers/fsl_common_arm.o ./drivers/fsl_ctimer.o ./drivers/fsl_flexcomm.o ./drivers/fsl_gpio.o ./drivers/fsl_inputmux.o ./drivers/fsl_reset.o ./drivers/fsl_usart.o  ./device/system_LPC55S16.o  ./component/uart/fsl_adapter_usart.o  ./component/lists/fsl_component_generic_list.o  ./board/clock_config.o ./board/peripherals.o ./board/pin_mux.o  ./LPC55S16/drivers/fsl_power.o   -lpower_hardabi
Memory region         Used Size  Region Size  %age Used
   PROGRAM_FLASH:       22288 B       224 KB      9.72%
            SRAM:        9336 B        64 KB     14.25%
         USB_RAM:          0 GB        16 KB      0.00%
           SRAMX:          0 GB        16 KB      0.00%
Finished building target: simpleExampleBareMetal.axf
 
make --no-print-directory post-build
Performing post-build steps
arm-none-eabi-size "simpleExampleBareMetal.axf"; # arm-none-eabi-objcopy -v -O binary "simpleExampleBareMetal.axf" "simpleExampleBareMetal.bin" ; # checksum -p LPC55S16 -d "simpleExampleBareMetal.bin";
   text	   data	    bss	    dec	    hex	filename
  21772	    516	   8820	  31108	   7984	simpleExampleBareMetal.axf
 
16:24:23 **** Incremental Build of configuration Debug for project simpleExampleBareMetal ****
make -r -j8 all 
make: rien à faire pour « all ».
