../drivers/fsl_clock.h:987:20:CLOCK_EnableClock	24	static
../drivers/fsl_clock.h:997:20:CLOCK_DisableClock	24	static
../drivers/fsl_clock.h:1240:22:CLOCK_IsPLL0Locked	4	static
../drivers/fsl_clock.h:1248:22:CLOCK_IsPLL1Locked	4	static
/media/olivier/DATADISK/GAW-R/04-Projets/11-serialDataMonitor/ecu/exampleLPC55S16BareMetal/simpleExampleBareMetal/LPC55S16/drivers/fsl_power.h:363:20:POWER_EnablePD	16	static
/media/olivier/DATADISK/GAW-R/04-Projets/11-serialDataMonitor/ecu/exampleLPC55S16BareMetal/simpleExampleBareMetal/LPC55S16/drivers/fsl_power.h:375:20:POWER_DisablePD	16	static
../drivers/fsl_clock.c:110:6:CLOCK_AttachClk	32	static
../drivers/fsl_clock.c:160:19:CLOCK_GetClockAttachId	48	static
../drivers/fsl_clock.c:214:6:CLOCK_SetClkDiv	24	static
../drivers/fsl_clock.c:248:6:CLOCK_SetRtc1khzClkDiv	16	static
../drivers/fsl_clock.c:260:6:CLOCK_SetRtc1hzClkDiv	16	static
../drivers/fsl_clock.c:281:10:CLOCK_SetupFROClocking	16	static
../drivers/fsl_clock.c:328:6:CLOCK_SetFLASHAccessCyclesForFreq	24	static
../drivers/fsl_clock.c:367:10:CLOCK_SetupExtClocking	16	static
../drivers/fsl_clock.c:389:10:CLOCK_SetupI2SMClkClocking	16	static
../drivers/fsl_clock.c:401:10:CLOCK_SetupPLUClkInClocking	16	static
../drivers/fsl_clock.c:411:10:CLOCK_GetClockOutClkFreq	16	static
../drivers/fsl_clock.c:460:10:CLOCK_GetMCanClkFreq	16	static
../drivers/fsl_clock.c:491:10:CLOCK_GetAdcClkFreq	16	static
../drivers/fsl_clock.c:522:10:CLOCK_GetUsb0ClkFreq	16	static
../drivers/fsl_clock.c:556:10:CLOCK_GetUsb1ClkFreq	4	static
../drivers/fsl_clock.c:565:10:CLOCK_GetMclkClkFreq	16	static
../drivers/fsl_clock.c:593:10:CLOCK_GetSctClkFreq	16	static
../drivers/fsl_clock.c:630:10:CLOCK_GetFro12MFreq	4	static
../drivers/fsl_clock.c:639:10:CLOCK_GetFro1MFreq	4	static
../drivers/fsl_clock.c:648:10:CLOCK_GetExtClkFreq	4	static
../drivers/fsl_clock.c:657:10:CLOCK_GetWdtClkFreq	8	static
../drivers/fsl_clock.c:666:10:CLOCK_GetFroHfFreq	4	static
../drivers/fsl_clock.c:675:10:CLOCK_GetPll0OutFreq	4	static
../drivers/fsl_clock.c:684:10:CLOCK_GetPll1OutFreq	4	static
../drivers/fsl_clock.c:693:10:CLOCK_GetOsc32KFreq	4	static
../drivers/fsl_clock.c:708:10:CLOCK_GetCoreSysClkFreq	16	static
../drivers/fsl_clock.c:759:10:CLOCK_GetI2SMClkFreq	4	static
../drivers/fsl_clock.c:768:10:CLOCK_GetPLUClkInFreq	4	static
../drivers/fsl_clock.c:778:10:CLOCK_GetFlexCommInputClock	24	static
../drivers/fsl_clock.c:818:10:CLOCK_GetFlexCommClkFreq	24	static
../drivers/fsl_clock.c:828:10:CLOCK_GetHsLspiClkFreq	16	static
../drivers/fsl_clock.c:868:10:CLOCK_GetCTimerClkFreq	24	static
../drivers/fsl_clock.c:908:10:CLOCK_GetSystickClkFreq	24	static
../drivers/fsl_clock.c:945:10:CLOCK_SetFlexCommClock	56	static
../drivers/fsl_clock.c:967:10:CLOCK_GetFreq	24	static
../drivers/fsl_clock.c:1013:13:pllFindSel	32	static
../drivers/fsl_clock.c:1057:17:findPll0PreDiv	16	static
../drivers/fsl_clock.c:1074:17:findPll1PreDiv	16	static
../drivers/fsl_clock.c:1091:17:findPll0PostDiv	16	static
../drivers/fsl_clock.c:1114:17:findPll1PostDiv	16	static
../drivers/fsl_clock.c:1138:14:findPll0MMult	24	static
../drivers/fsl_clock.c:1165:17:findPll1MMult	16	static
../drivers/fsl_clock.c:1180:17:FindGreatestCommonDivisor	24	static
../drivers/fsl_clock.c:1200:20:CLOCK_GetPll0ConfigInternal	128	static
../drivers/fsl_clock.c:1370:20:CLOCK_GetPll0Config	32	static
../drivers/fsl_clock.c:1418:13:CLOCK_GetPLL0OutFromSetupUpdate	16	static
../drivers/fsl_clock.c:1424:13:CLOCK_GetPLL1OutFromSetupUpdate	16	static
../drivers/fsl_clock.c:1433:10:CLOCK_GetPLL0InClockRate	16	static
../drivers/fsl_clock.c:1464:10:CLOCK_GetPLL1InClockRate	16	static
../drivers/fsl_clock.c:1499:10:CLOCK_GetPLL0OutFromSetup	40	static
../drivers/fsl_clock.c:1530:10:CLOCK_GetPLL1OutFromSetup	32	static
../drivers/fsl_clock.c:1560:6:CLOCK_SetStoredPLL0ClockRate	16	static
../drivers/fsl_clock.c:1573:10:CLOCK_GetPLL0OutClockRate	56	static
../drivers/fsl_clock.c:1601:10:CLOCK_GetPLL1OutClockRate	56	static
../drivers/fsl_clock.c:1628:13:CLOCK_SetupPLL0Data	24	static
../drivers/fsl_clock.c:1671:13:CLOCK_SetupPLL0Prec	32	static
../drivers/fsl_clock.c:1748:13:CLOCK_SetPLL0Freq	32	static
../drivers/fsl_clock.c:1816:13:CLOCK_SetPLL1Freq	32	static
../drivers/fsl_clock.c:1872:6:CLOCK_SetupPLL0Mult	48	static
../drivers/fsl_clock.c:1936:6:CLOCK_EnableUsbfs0DeviceClock	56	static
../drivers/fsl_clock.c:1998:6:CLOCK_EnableUsbfs0HostClock	56	static
../drivers/fsl_clock.c:2057:6:CLOCK_EnableUsbhs0PhyPllClock	32	static
../drivers/fsl_clock.c:2134:6:CLOCK_EnableUsbhs0DeviceClock	16	static
../drivers/fsl_clock.c:2146:6:CLOCK_EnableUsbhs0HostClock	16	static
