Archive member included to satisfy reference by file (symbol)

/media/olivier/DATADISK/GAW-R/04-Projets/11-serialDataMonitor/ecu/exampleLPC55S16BareMetal/simpleExampleBareMetal/LPC55S16/mcuxpresso/libpower_hardabi.a(fsl_power_lib.o)
                              ./drivers/fsl_clock.o (POWER_SetVoltageForFreq)
/usr/local/mcuxpressoide-11.4.0_6224/ide/plugins/com.nxp.mcuxpresso.tools.linux_11.4.0.202103011116/tools/bin/../lib/gcc/arm-none-eabi/10.2.1/../../../../arm-none-eabi/lib/thumb/v8-m.main+fp/hard/libcr_nohost_nf.a(_cr__main.o)
                              ./startup/startup_lpc55s16.o (__main)
/usr/local/mcuxpressoide-11.4.0_6224/ide/plugins/com.nxp.mcuxpresso.tools.linux_11.4.0.202103011116/tools/bin/../lib/gcc/arm-none-eabi/10.2.1/../../../../arm-none-eabi/lib/thumb/v8-m.main+fp/hard/libcr_c.a(sinf.o)
                              ./src/main.o (sinf)
/usr/local/mcuxpressoide-11.4.0_6224/ide/plugins/com.nxp.mcuxpresso.tools.linux_11.4.0.202103011116/tools/bin/../lib/gcc/arm-none-eabi/10.2.1/../../../../arm-none-eabi/lib/thumb/v8-m.main+fp/hard/libcr_c.a(memcpy.o)
                              ./src/monitoring.o (memcpy)
/usr/local/mcuxpressoide-11.4.0_6224/ide/plugins/com.nxp.mcuxpresso.tools.linux_11.4.0.202103011116/tools/bin/../lib/gcc/arm-none-eabi/10.2.1/../../../../arm-none-eabi/lib/thumb/v8-m.main+fp/hard/libcr_c.a(memset.o)
                              ./drivers/fsl_clock.o (memset)
/usr/local/mcuxpressoide-11.4.0_6224/ide/plugins/com.nxp.mcuxpresso.tools.linux_11.4.0.202103011116/tools/bin/../lib/gcc/arm-none-eabi/10.2.1/../../../../arm-none-eabi/lib/thumb/v8-m.main+fp/hard/libcr_c.a(alloc.o)
                              ./drivers/fsl_common.o (malloc)
/usr/local/mcuxpressoide-11.4.0_6224/ide/plugins/com.nxp.mcuxpresso.tools.linux_11.4.0.202103011116/tools/bin/../lib/gcc/arm-none-eabi/10.2.1/../../../../arm-none-eabi/lib/thumb/v8-m.main+fp/hard/libcr_c.a(initio.o)
                              /usr/local/mcuxpressoide-11.4.0_6224/ide/plugins/com.nxp.mcuxpresso.tools.linux_11.4.0.202103011116/tools/bin/../lib/gcc/arm-none-eabi/10.2.1/../../../../arm-none-eabi/lib/thumb/v8-m.main+fp/hard/libcr_nohost_nf.a(_cr__main.o) (_initio)
/usr/local/mcuxpressoide-11.4.0_6224/ide/plugins/com.nxp.mcuxpresso.tools.linux_11.4.0.202103011116/tools/bin/../lib/gcc/arm-none-eabi/10.2.1/../../../../arm-none-eabi/lib/thumb/v8-m.main+fp/hard/libcr_c.a(printf.o)
                              ./src/monitoring.o (_sprintf)
/usr/local/mcuxpressoide-11.4.0_6224/ide/plugins/com.nxp.mcuxpresso.tools.linux_11.4.0.202103011116/tools/bin/../lib/gcc/arm-none-eabi/10.2.1/../../../../arm-none-eabi/lib/thumb/v8-m.main+fp/hard/libcr_c.a(setvbuf.o)
                              /usr/local/mcuxpressoide-11.4.0_6224/ide/plugins/com.nxp.mcuxpresso.tools.linux_11.4.0.202103011116/tools/bin/../lib/gcc/arm-none-eabi/10.2.1/../../../../arm-none-eabi/lib/thumb/v8-m.main+fp/hard/libcr_c.a(initio.o) (setvbuf)
/usr/local/mcuxpressoide-11.4.0_6224/ide/plugins/com.nxp.mcuxpresso.tools.linux_11.4.0.202103011116/tools/bin/../lib/gcc/arm-none-eabi/10.2.1/../../../../arm-none-eabi/lib/thumb/v8-m.main+fp/hard/libcr_c.a(stdlib.o)
                              ./src/main.o (rand)
/usr/local/mcuxpressoide-11.4.0_6224/ide/plugins/com.nxp.mcuxpresso.tools.linux_11.4.0.202103011116/tools/bin/../lib/gcc/arm-none-eabi/10.2.1/../../../../arm-none-eabi/lib/thumb/v8-m.main+fp/hard/libcr_c.a(strcpy.o)
                              ./src/uart.o (strcpy)
/usr/local/mcuxpressoide-11.4.0_6224/ide/plugins/com.nxp.mcuxpresso.tools.linux_11.4.0.202103011116/tools/bin/../lib/gcc/arm-none-eabi/10.2.1/../../../../arm-none-eabi/lib/thumb/v8-m.main+fp/hard/libcr_c.a(strlen.o)
                              ./utilities/fsl_debug_console.o (strlen)
/usr/local/mcuxpressoide-11.4.0_6224/ide/plugins/com.nxp.mcuxpresso.tools.linux_11.4.0.202103011116/tools/bin/../lib/gcc/arm-none-eabi/10.2.1/../../../../arm-none-eabi/lib/thumb/v8-m.main+fp/hard/libcr_c.a(_sincosf.o)
                              /usr/local/mcuxpressoide-11.4.0_6224/ide/plugins/com.nxp.mcuxpresso.tools.linux_11.4.0.202103011116/tools/bin/../lib/gcc/arm-none-eabi/10.2.1/../../../../arm-none-eabi/lib/thumb/v8-m.main+fp/hard/libcr_c.a(sinf.o) (_sincosf)
/usr/local/mcuxpressoide-11.4.0_6224/ide/plugins/com.nxp.mcuxpresso.tools.linux_11.4.0.202103011116/tools/bin/../lib/gcc/arm-none-eabi/10.2.1/../../../../arm-none-eabi/lib/thumb/v8-m.main+fp/hard/libcr_c.a(fabsf.o)
                              /usr/local/mcuxpressoide-11.4.0_6224/ide/plugins/com.nxp.mcuxpresso.tools.linux_11.4.0.202103011116/tools/bin/../lib/gcc/arm-none-eabi/10.2.1/../../../../arm-none-eabi/lib/thumb/v8-m.main+fp/hard/libcr_c.a(_sincosf.o) (fabsf)
/usr/local/mcuxpressoide-11.4.0_6224/ide/plugins/com.nxp.mcuxpresso.tools.linux_11.4.0.202103011116/tools/bin/../lib/gcc/arm-none-eabi/10.2.1/../../../../arm-none-eabi/lib/thumb/v8-m.main+fp/hard/libcr_c.a(__init_alloc.o)
[...]
Memory Configuration

Name             Origin             Length             Attributes
PROGRAM_FLASH    0x0000000000000000 0x0000000000038000 xr
SRAM             0x0000000020000000 0x0000000000010000 xrw
USB_RAM          0x0000000020010000 0x0000000000004000 xrw
SRAMX            0x0000000004000000 0x0000000000004000 xrw
*default*        0x0000000000000000 0xffffffffffffffff

Linker script and memory map

LOAD ./utilities/fsl_assert.o
LOAD ./utilities/fsl_debug_console.o
LOAD ./startup/startup_lpc55s16.o
LOAD ./src/main.o
LOAD ./src/monitoring.o
LOAD ./src/uart.o
LOAD ./drivers/fsl_clock.o
LOAD ./drivers/fsl_common.o
LOAD ./drivers/fsl_common_arm.o
LOAD ./drivers/fsl_ctimer.o
LOAD ./drivers/fsl_flexcomm.o
LOAD ./drivers/fsl_gpio.o
LOAD ./drivers/fsl_inputmux.o
LOAD ./drivers/fsl_reset.o
LOAD ./drivers/fsl_usart.o
LOAD ./device/system_LPC55S16.o
LOAD ./component/uart/fsl_adapter_usart.o
LOAD ./component/lists/fsl_component_generic_list.o
LOAD ./board/clock_config.o
LOAD ./board/peripherals.o
LOAD ./board/pin_mux.o
LOAD ./LPC55S16/drivers/fsl_power.o
LOAD /media/olivier/DATADISK/GAW-R/04-Projets/11-serialDataMonitor/ecu/exampleLPC55S16BareMetal/simpleExampleBareMetal/LPC55S16/mcuxpresso/libpower_hardabi.a
START GROUP
LOAD /usr/local/mcuxpressoide-11.4.0_6224/ide/plugins/com.nxp.mcuxpresso.tools.linux_11.4.0.202103011116/tools/bin/../lib/gcc/arm-none-eabi/10.2.1/../../../../arm-none-eabi/lib/thumb/v8-m.main+fp/hard/libcr_nohost_nf.a
LOAD /usr/local/mcuxpressoide-11.4.0_6224/ide/plugins/com.nxp.mcuxpresso.tools.linux_11.4.0.202103011116/tools/bin/../lib/gcc/arm-none-eabi/10.2.1/../../../../arm-none-eabi/lib/thumb/v8-m.main+fp/hard/libcr_c.a
LOAD /usr/local/mcuxpressoide-11.4.0_6224/ide/plugins/com.nxp.mcuxpresso.tools.linux_11.4.0.202103011116/tools/bin/../lib/gcc/arm-none-eabi/10.2.1/thumb/v8-m.main+fp/hard/libcr_eabihelpers.a
LOAD /usr/local/mcuxpressoide-11.4.0_6224/ide/plugins/com.nxp.mcuxpresso.tools.linux_11.4.0.202103011116/tools/bin/../lib/gcc/arm-none-eabi/10.2.1/thumb/v8-m.main+fp/hard/libgcc.a
END GROUP
                0x0000000000000000                __base_PROGRAM_FLASH = 0x0
                0x0000000000000000                __base_Flash = 0x0
                0x0000000000038000                __top_PROGRAM_FLASH = 0x38000
                0x0000000000038000                __top_Flash = 0x38000
                0x0000000020000000                __base_SRAM = 0x20000000
                0x0000000020000000                __base_RAM = 0x20000000
                0x0000000020010000                __top_SRAM = 0x20010000
                0x0000000020010000                __top_RAM = 0x20010000
                0x0000000020010000                __base_USB_RAM = 0x20010000
                0x0000000020010000                __base_RAM2 = 0x20010000
                0x0000000020014000                __top_USB_RAM = 0x20014000
                0x0000000020014000                __top_RAM2 = 0x20014000
                0x0000000004000000                __base_SRAMX = 0x4000000
                0x0000000004000000                __base_RAM3 = 0x4000000
                0x0000000004004000                __top_SRAMX = 0x4004000
                0x0000000004004000                __top_RAM3 = 0x4004000

.text           0x0000000000000000     0x550c
 FILL mask 0xff
                0x0000000000000000                __vectors_start__ = ABSOLUTE (.)
 *(SORT_BY_ALIGNMENT(.isr_vector))
 .isr_vector    0x0000000000000000      0x134 ./startup/startup_lpc55s16.o
                0x0000000000000000                __Vectors
                0x0000000000000000                g_pfnVectors
                0x0000000000000134                . = ALIGN (0x4)
                0x0000000000000134                __section_table_start = .
                0x0000000000000134                __data_section_table = .
                0x0000000000000134        0x4 LONG 0x550c LOADADDR (.data)
                0x0000000000000138        0x4 LONG 0x20000000 ADDR (.data)
                0x000000000000013c        0x4 LONG 0x204 SIZEOF (.data)
                0x0000000000000140        0x4 LONG 0x550c LOADADDR (.data_RAM2)
                0x0000000000000144        0x4 LONG 0x20010000 ADDR (.data_RAM2)
                0x0000000000000148        0x4 LONG 0x0 SIZEOF (.data_RAM2)
                0x000000000000014c        0x4 LONG 0x550c LOADADDR (.data_RAM3)
                0x0000000000000150        0x4 LONG 0x4000000 ADDR (.data_RAM3)
                0x0000000000000154        0x4 LONG 0x0 SIZEOF (.data_RAM3)
                0x0000000000000158                __data_section_table_end = .
                0x0000000000000158                __bss_section_table = .
                0x0000000000000158        0x4 LONG 0x20000204 ADDR (.bss)
                0x000000000000015c        0x4 LONG 0x274 SIZEOF (.bss)
                0x0000000000000160        0x4 LONG 0x20010000 ADDR (.bss_RAM2)
                0x0000000000000164        0x4 LONG 0x0 SIZEOF (.bss_RAM2)
                0x0000000000000168        0x4 LONG 0x4000000 ADDR (.bss_RAM3)
                0x000000000000016c        0x4 LONG 0x0 SIZEOF (.bss_RAM3)
                0x0000000000000170                __bss_section_table_end = .
                0x0000000000000170                __section_table_end = .
 *(SORT_BY_ALIGNMENT(.after_vectors*))
 .after_vectors.reset
                0x0000000000000170       0x68 ./startup/startup_lpc55s16.o
                0x0000000000000170                ResetISR
 .after_vectors.init_data
                0x00000000000001d8       0x1e ./startup/startup_lpc55s16.o
                0x00000000000001d8                data_init
 .after_vectors.init_bss
                0x00000000000001f6       0x12 ./startup/startup_lpc55s16.o
                0x00000000000001f6                bss_init
 .after_vectors
                0x0000000000000208       0x16 ./startup/startup_lpc55s16.o
                0x0000000000000208                NMI_Handler
                0x000000000000020a                HardFault_Handler
                0x000000000000020c                MemManage_Handler
                0x000000000000020e                BusFault_Handler
                0x0000000000000210                UsageFault_Handler
                0x0000000000000212                SecureFault_Handler
                0x0000000000000214                SVC_Handler
                0x0000000000000216                DebugMon_Handler
                0x0000000000000218                PendSV_Handler
                0x000000000000021a                SysTick_Handler
                0x000000000000021c                Reserved39_DriverIRQHandler
                0x000000000000021c                DMA0_DriverIRQHandler
                0x000000000000021c                Reserved42_DriverIRQHandler
                0x000000000000021c                SEC_VIO_DriverIRQHandler
                0x000000000000021c                CAN0_IRQ0_DriverIRQHandler
                0x000000000000021c                Reserved73_DriverIRQHandler
                0x000000000000021c                PIN_INT3_DriverIRQHandler
                0x000000000000021c                PIN_INT2_DriverIRQHandler
                0x000000000000021c                Reserved56_DriverIRQHandler
                0x000000000000021c                PIN_INT0_DriverIRQHandler
                0x000000000000021c                IntDefaultHandler
                0x000000000000021c                USB0_DriverIRQHandler
                0x000000000000021c                CASER_DriverIRQHandler
                0x000000000000021c                MRT0_DriverIRQHandler
                0x000000000000021c                UTICK0_DriverIRQHandler
                0x000000000000021c                Reserved41_DriverIRQHandler
                0x000000000000021c                PIN_INT4_DriverIRQHandler
                0x000000000000021c                PIN_INT5_DriverIRQHandler
                0x000000000000021c                SEC_GPIO_INT0_IRQ0_DriverIRQHandler
                0x000000000000021c                Reserved47_DriverIRQHandler
                0x000000000000021c                GINT1_DriverIRQHandler
                0x000000000000021c                PIN_INT7_DriverIRQHandler
                0x000000000000021c                Reserved55_DriverIRQHandler
                0x000000000000021c                HASHCRYPT_DriverIRQHandler
                0x000000000000021c                CAN0_IRQ1_DriverIRQHandler
                0x000000000000021c                USB0_NEEDCLK_DriverIRQHandler
                0x000000000000021c                PIN_INT6_DriverIRQHandler
                0x000000000000021c                PIN_INT1_DriverIRQHandler
                0x000000000000021c                Reserved61_DriverIRQHandler
                0x000000000000021c                SEC_GPIO_INT0_IRQ1_DriverIRQHandler
                0x000000000000021c                PUF_DriverIRQHandler
                0x000000000000021c                RTC_DriverIRQHandler
                0x000000000000021c                CDOG_DriverIRQHandler
                0x000000000000021c                USB1_DriverIRQHandler
                0x000000000000021c                DMA1_DriverIRQHandler
                0x000000000000021c                ADC0_DriverIRQHandler
                0x000000000000021c                USB1_NEEDCLK_DriverIRQHandler
                0x000000000000021c                GINT0_DriverIRQHandler
                0x000000000000021c                USB1_PHY_DriverIRQHandler
                0x000000000000021c                ACMP_DriverIRQHandler
                0x000000000000021c                Reserved58_DriverIRQHandler
                0x000000000000021c                Reserved57_DriverIRQHandler
                0x000000000000021c                Reserved46_DriverIRQHandler
                0x000000000000021c                WDT_BOD_DriverIRQHandler
                0x000000000000021c                SCT0_DriverIRQHandler
                0x000000000000021c                PLU_DriverIRQHandler
                0x000000000000021c                OS_EVENT_DriverIRQHandler
                0x000000000000021c                SEC_HYPERVISOR_CALL_DriverIRQHandler
 *(SORT_BY_ALIGNMENT(.text*))
 *fill*         0x000000000000021e        0x2 ff
 .text.setVariables
                0x0000000000000220      0x57c ./src/main.o
                0x0000000000000220                setVariables
 *fill*         0x000000000000079c        0x4 ff
 .text._sincosf
                0x00000000000007a0      0x138 /usr/local/mcuxpressoide-11.4.0_6224/ide/plugins/com.nxp.mcuxpresso.tools.linux_11.4.0.202103011116/tools/bin/../lib/gcc/arm-none-eabi/10.2.1/../../../../arm-none-eabi/lib/thumb/v8-m.main+fp/hard/libcr_c.a(_sincosf.o)
                0x00000000000007a0                _sincosf
 .text.__assertion_failed
                0x00000000000008d8       0x18 ./utilities/fsl_assert.o
                0x00000000000008d8                __assertion_failed
 .text.DbgConsole_Printf
                0x00000000000008f0       0x40 ./utilities/fsl_debug_console.o
                0x00000000000008f0                DbgConsole_Printf
 .text.DbgConsole_Putchar
                0x0000000000000930       0x30 ./utilities/fsl_debug_console.o
                0x0000000000000930                DbgConsole_Putchar
 .text.DbgConsole_PrintfFormattedData
                0x0000000000000960      0x3bc ./utilities/fsl_debug_console.o
 .text.main     0x0000000000000d1c       0x1c ./src/main.o
                0x0000000000000d1c                main
 .text.cmdSetReportingAllOff
                0x0000000000000d38       0x44 ./src/monitoring.o
 .text.variablesSetReporting
                0x0000000000000d7c       0x9c ./src/monitoring.o
 .text.getValueFromHex
                0x0000000000000e18      0x244 ./src/monitoring.o
 .text.variablesSetVariable
                0x000000000000105c       0xac ./src/monitoring.o
 .text.variablesSend
                0x0000000000001108      0x228 ./src/monitoring.o
 .text.variablesSendNext
                0x0000000000001330       0x84 ./src/monitoring.o
 .text.timer_CB
                0x00000000000013b4      0x1b4 ./src/monitoring.o
                0x00000000000013b4                timer_CB
 .text.FLEXCOMM0_IRQHandler
                0x0000000000001568       0x74 ./src/uart.o
                0x0000000000001568                FLEXCOMM0_IRQHandler
 .text.sendDataHost
                0x00000000000015dc       0x40 ./src/uart.o
                0x00000000000015dc                sendDataHost
 .text.POWER_EnablePD
                0x000000000000161c       0x20 ./drivers/fsl_clock.o
 .text.POWER_DisablePD
                0x000000000000163c       0x20 ./drivers/fsl_clock.o
 .text.CLOCK_AttachClk
                0x000000000000165c       0xc0 ./drivers/fsl_clock.o
                0x000000000000165c                CLOCK_AttachClk
 .text.CLOCK_SetClkDiv
                0x000000000000171c       0x80 ./drivers/fsl_clock.o
                0x000000000000171c                CLOCK_SetClkDiv
 .text.CLOCK_SetupFROClocking
                0x000000000000179c       0x74 ./drivers/fsl_clock.o
                0x000000000000179c                CLOCK_SetupFROClocking
 .text.CLOCK_SetFLASHAccessCyclesForFreq
                0x0000000000001810       0xa0 ./drivers/fsl_clock.o
                0x0000000000001810                CLOCK_SetFLASHAccessCyclesForFreq
 .text.CLOCK_SetupExtClocking
                0x00000000000018b0       0x50 ./drivers/fsl_clock.o
                0x00000000000018b0                CLOCK_SetupExtClocking
 .text.CLOCK_GetFro1MFreq
                0x0000000000001900       0x28 ./drivers/fsl_clock.o
                0x0000000000001900                CLOCK_GetFro1MFreq
 .text.CLOCK_GetExtClkFreq
                0x0000000000001928       0x2c ./drivers/fsl_clock.o
                0x0000000000001928                CLOCK_GetExtClkFreq
 .text.CLOCK_GetOsc32KFreq
                0x0000000000001954       0x58 ./drivers/fsl_clock.o
                0x0000000000001954                CLOCK_GetOsc32KFreq
 .text.CLOCK_GetPLL0InClockRate
                0x00000000000019ac       0x64 ./drivers/fsl_clock.o
                0x00000000000019ac                CLOCK_GetPLL0InClockRate
 .text.CLOCK_SetPLL0Freq
                0x0000000000001a10      0x12c ./drivers/fsl_clock.o
                0x0000000000001a10                CLOCK_SetPLL0Freq
 .text.SDK_DelayAtLeastUs
                0x0000000000001b3c       0x8c ./drivers/fsl_common_arm.o
                0x0000000000001b3c                SDK_DelayAtLeastUs
 .text.__NVIC_EnableIRQ
                0x0000000000001bc8       0x3c ./drivers/fsl_ctimer.o
 .text.CTIMER_GetInstance
                0x0000000000001c04       0x54 ./drivers/fsl_ctimer.o
 .text.CTIMER_Init
                0x0000000000001c58       0x74 ./drivers/fsl_ctimer.o
                0x0000000000001c58                CTIMER_Init
 .text.CTIMER_SetupMatch
                0x0000000000001ccc      0x11c ./drivers/fsl_ctimer.o
                0x0000000000001ccc                CTIMER_SetupMatch
 .text.CTIMER_RegisterCallBack
                0x0000000000001de8       0x3c ./drivers/fsl_ctimer.o
                0x0000000000001de8                CTIMER_RegisterCallBack
 .text.CTIMER_GenericIRQHandler
                0x0000000000001e24       0xb4 ./drivers/fsl_ctimer.o
 .text.FLEXCOMM_GetInstance
                0x0000000000001ed8       0x50 ./drivers/fsl_flexcomm.o
                0x0000000000001ed8                FLEXCOMM_GetInstance
 .text.FLEXCOMM_Init
                0x0000000000001f28       0x50 ./drivers/fsl_flexcomm.o
                0x0000000000001f28                FLEXCOMM_Init
 .text.FLEXCOMM1_DriverIRQHandler
                0x0000000000001f78       0x5c ./drivers/fsl_flexcomm.o
                0x0000000000001f78                FLEXCOMM1_DriverIRQHandler
 .text.FLEXCOMM2_DriverIRQHandler
                0x0000000000001fd4       0x5c ./drivers/fsl_flexcomm.o
                0x0000000000001fd4                FLEXCOMM2_DriverIRQHandler
 .text.FLEXCOMM3_DriverIRQHandler
                0x0000000000002030       0x5c ./drivers/fsl_flexcomm.o
                0x0000000000002030                FLEXCOMM3_DriverIRQHandler
 .text.FLEXCOMM4_DriverIRQHandler
                0x000000000000208c       0x5c ./drivers/fsl_flexcomm.o
                0x000000000000208c                FLEXCOMM4_DriverIRQHandler
 .text.FLEXCOMM5_DriverIRQHandler
                0x00000000000020e8       0x5c ./drivers/fsl_flexcomm.o
                0x00000000000020e8                FLEXCOMM5_DriverIRQHandler
 .text.FLEXCOMM6_DriverIRQHandler
                0x0000000000002144       0x5c ./drivers/fsl_flexcomm.o
                0x0000000000002144                FLEXCOMM6_DriverIRQHandler
 .text.FLEXCOMM7_DriverIRQHandler
                0x00000000000021a0       0x5c ./drivers/fsl_flexcomm.o
                0x00000000000021a0                FLEXCOMM7_DriverIRQHandler
 .text.FLEXCOMM8_DriverIRQHandler
                0x00000000000021fc       0x5c ./drivers/fsl_flexcomm.o
                0x00000000000021fc                FLEXCOMM8_DriverIRQHandler
 .text.RESET_SetPeripheralReset
                0x0000000000002258       0x5c ./drivers/fsl_reset.o
                0x0000000000002258                RESET_SetPeripheralReset
 .text.RESET_ClearPeripheralReset
                0x00000000000022b4       0x60 ./drivers/fsl_reset.o
                0x00000000000022b4                RESET_ClearPeripheralReset
 .text.USART_Init
                0x0000000000002314      0x1cc ./drivers/fsl_usart.o
                0x0000000000002314                USART_Init
 .text.USART_SetBaudRate
                0x00000000000024e0      0x174 ./drivers/fsl_usart.o
                0x00000000000024e0                USART_SetBaudRate
 .text.SystemInit
                0x0000000000002654       0xac ./device/system_LPC55S16.o
                0x0000000000002654                SystemInit
 .text.POWER_DisablePD
                0x0000000000002700       0x20 ./board/clock_config.o
 .text.BOARD_BootClockPLL150M
                0x0000000000002720      0x110 ./board/clock_config.o
                0x0000000000002720                BOARD_BootClockPLL150M
 .text.__NVIC_EnableIRQ
                0x0000000000002830       0x3c ./board/peripherals.o
 .text.FLEXCOMM0_init
                0x000000000000286c       0x38 ./board/peripherals.o
 .text.CTIMER0_init
                0x00000000000028a4       0x34 ./board/peripherals.o
 .text.BOARD_InitPins
                0x00000000000028d8       0x3c ./board/pin_mux.o
                0x00000000000028d8                BOARD_InitPins
 .text.lowpower_set_system_voltage
                0x0000000000002914       0xa0 /media/olivier/DATADISK/GAW-R/04-Projets/11-serialDataMonitor/ecu/exampleLPC55S16BareMetal/simpleExampleBareMetal/LPC55S16/mcuxpresso/libpower_hardabi.a(fsl_power_lib.o)
 .text.lowpower_set_voltage_for_process
                0x00000000000029b4       0x84 /media/olivier/DATADISK/GAW-R/04-Projets/11-serialDataMonitor/ecu/exampleLPC55S16BareMetal/simpleExampleBareMetal/LPC55S16/mcuxpresso/libpower_hardabi.a(fsl_power_lib.o)
 .text.POWER_SetVoltageForFreq
                0x0000000000002a38       0x84 /media/olivier/DATADISK/GAW-R/04-Projets/11-serialDataMonitor/ecu/exampleLPC55S16BareMetal/simpleExampleBareMetal/LPC55S16/mcuxpresso/libpower_hardabi.a(fsl_power_lib.o)
                0x0000000000002a38                POWER_SetVoltageForFreq
 .text.malloc   0x0000000000002abc       0xc8 /usr/local/mcuxpressoide-11.4.0_6224/ide/plugins/com.nxp.mcuxpresso.tools.linux_11.4.0.202103011116/tools/bin/../lib/gcc/arm-none-eabi/10.2.1/../../../../arm-none-eabi/lib/thumb/v8-m.main+fp/hard/libcr_c.a(alloc.o)
                0x0000000000002abc                malloc
 .text._Csys_alloc
                0x0000000000002b84       0x20 /usr/local/mcuxpressoide-11.4.0_6224/ide/plugins/com.nxp.mcuxpresso.tools.linux_11.4.0.202103011116/tools/bin/../lib/gcc/arm-none-eabi/10.2.1/../../../../arm-none-eabi/lib/thumb/v8-m.main+fp/hard/libcr_c.a(alloc.o)
                0x0000000000002b84                _Csys_alloc
 .text._initio  0x0000000000002ba4       0x78 /usr/local/mcuxpressoide-11.4.0_6224/ide/plugins/com.nxp.mcuxpresso.tools.linux_11.4.0.202103011116/tools/bin/../lib/gcc/arm-none-eabi/10.2.1/../../../../arm-none-eabi/lib/thumb/v8-m.main+fp/hard/libcr_c.a(initio.o)
                0x0000000000002ba4                _initio
 .text.__vfprintf
                0x0000000000002c1c      0xbec /usr/local/mcuxpressoide-11.4.0_6224/ide/plugins/com.nxp.mcuxpresso.tools.linux_11.4.0.202103011116/tools/bin/../lib/gcc/arm-none-eabi/10.2.1/../../../../arm-none-eabi/lib/thumb/v8-m.main+fp/hard/libcr_c.a(printf.o)
                0x0000000000002c1c                __vfprintf
 .text._sprintf
                0x0000000000003808       0x6c /usr/local/mcuxpressoide-11.4.0_6224/ide/plugins/com.nxp.mcuxpresso.tools.linux_11.4.0.202103011116/tools/bin/../lib/gcc/arm-none-eabi/10.2.1/../../../../arm-none-eabi/lib/thumb/v8-m.main+fp/hard/libcr_c.a(printf.o)
                0x0000000000003808                _sprintf
 .text.rand     0x0000000000003874       0x48 /usr/local/mcuxpressoide-11.4.0_6224/ide/plugins/com.nxp.mcuxpresso.tools.linux_11.4.0.202103011116/tools/bin/../lib/gcc/arm-none-eabi/10.2.1/../../../../arm-none-eabi/lib/thumb/v8-m.main+fp/hard/libcr_c.a(stdlib.o)
                0x0000000000003874                rand
 .text._sbrk    0x00000000000038bc       0x3c /usr/local/mcuxpressoide-11.4.0_6224/ide/plugins/com.nxp.mcuxpresso.tools.linux_11.4.0.202103011116/tools/bin/../lib/gcc/arm-none-eabi/10.2.1/../../../../arm-none-eabi/lib/thumb/v8-m.main+fp/hard/libcr_c.a(_cr_sbrk.o)
                0x00000000000038bc                _sbrk
 .text._Cwritebuf
                0x00000000000038f8       0x6c /usr/local/mcuxpressoide-11.4.0_6224/ide/plugins/com.nxp.mcuxpresso.tools.linux_11.4.0.202103011116/tools/bin/../lib/gcc/arm-none-eabi/10.2.1/../../../../arm-none-eabi/lib/thumb/v8-m.main+fp/hard/libcr_c.a(_writebuf.o)
                0x00000000000038f8                _Cwritebuf
 .text.fflush   0x0000000000003964       0x3c /usr/local/mcuxpressoide-11.4.0_6224/ide/plugins/com.nxp.mcuxpresso.tools.linux_11.4.0.202103011116/tools/bin/../lib/gcc/arm-none-eabi/10.2.1/../../../../arm-none-eabi/lib/thumb/v8-m.main+fp/hard/libcr_c.a(fflush.o)
                0x0000000000003964                fflush
 .text.fseek    0x00000000000039a0      0x100 /usr/local/mcuxpressoide-11.4.0_6224/ide/plugins/com.nxp.mcuxpresso.tools.linux_11.4.0.202103011116/tools/bin/../lib/gcc/arm-none-eabi/10.2.1/../../../../arm-none-eabi/lib/thumb/v8-m.main+fp/hard/libcr_c.a(fseek.o)
                0x00000000000039a0                fseek
 .text.ftell    0x0000000000003aa0       0x44 /usr/local/mcuxpressoide-11.4.0_6224/ide/plugins/com.nxp.mcuxpresso.tools.linux_11.4.0.202103011116/tools/bin/../lib/gcc/arm-none-eabi/10.2.1/../../../../arm-none-eabi/lib/thumb/v8-m.main+fp/hard/libcr_c.a(ftell.o)
                0x0000000000003aa0                ftell
 .text.__check_heap_overflow
                0x0000000000003ae4       0x18 /usr/local/mcuxpressoide-11.4.0_6224/ide/plugins/com.nxp.mcuxpresso.tools.linux_11.4.0.202103011116/tools/bin/../lib/gcc/arm-none-eabi/10.2.1/../../../../arm-none-eabi/lib/thumb/v8-m.main+fp/hard/libcr_c.a(_cr_check_heap.o)
                0x0000000000003ae4                __check_heap_overflow
 .text.__aeabi_dmul
                0x0000000000003afc       0xfc /usr/local/mcuxpressoide-11.4.0_6224/ide/plugins/com.nxp.mcuxpresso.tools.linux_11.4.0.202103011116/tools/bin/../lib/gcc/arm-none-eabi/10.2.1/thumb/v8-m.main+fp/hard/libcr_eabihelpers.a(double.o)
                0x0000000000003afc                __aeabi_dmul
 .text.__aeabi_ddiv
                0x0000000000003bf8      0x13c /usr/local/mcuxpressoide-11.4.0_6224/ide/plugins/com.nxp.mcuxpresso.tools.linux_11.4.0.202103011116/tools/bin/../lib/gcc/arm-none-eabi/10.2.1/thumb/v8-m.main+fp/hard/libcr_eabihelpers.a(double.o)
                0x0000000000003bf8                __aeabi_ddiv
 .text.__aeabi_dsub
                0x0000000000003d34      0x1ac /usr/local/mcuxpressoide-11.4.0_6224/ide/plugins/com.nxp.mcuxpresso.tools.linux_11.4.0.202103011116/tools/bin/../lib/gcc/arm-none-eabi/10.2.1/thumb/v8-m.main+fp/hard/libcr_eabihelpers.a(double.o)
                0x0000000000003d34                __aeabi_dsub
 .text.__aeabi_dadd
                0x0000000000003ee0      0x118 /usr/local/mcuxpressoide-11.4.0_6224/ide/plugins/com.nxp.mcuxpresso.tools.linux_11.4.0.202103011116/tools/bin/../lib/gcc/arm-none-eabi/10.2.1/thumb/v8-m.main+fp/hard/libcr_eabihelpers.a(double.o)
                0x0000000000003ee0                __aeabi_dadd
 .text.__aeabi_d2f
                0x0000000000003ff8       0x58 /usr/local/mcuxpressoide-11.4.0_6224/ide/plugins/com.nxp.mcuxpresso.tools.linux_11.4.0.202103011116/tools/bin/../lib/gcc/arm-none-eabi/10.2.1/thumb/v8-m.main+fp/hard/libcr_eabihelpers.a(double.o)
                0x0000000000003ff8                __aeabi_d2f
 .text.__aeabi_f2d
                0x0000000000004050       0x38 /usr/local/mcuxpressoide-11.4.0_6224/ide/plugins/com.nxp.mcuxpresso.tools.linux_11.4.0.202103011116/tools/bin/../lib/gcc/arm-none-eabi/10.2.1/thumb/v8-m.main+fp/hard/libcr_eabihelpers.a(float.o)
                0x0000000000004050                __aeabi_f2d
 .text.DbgConsole_PrintfPaddingCharacter
                0x0000000000004088       0x40 ./utilities/fsl_debug_console.o
 .text.DbgConsole_ConvertRadixNumToString
                0x00000000000040c8      0x114 ./utilities/fsl_debug_console.o
 .text.WDT_BOD_IRQHandler
                0x00000000000041dc        0x8 ./startup/startup_lpc55s16.o
                0x00000000000041dc                WDT_BOD_IRQHandler
 .text.DMA0_IRQHandler
                0x00000000000041e4        0x8 ./startup/startup_lpc55s16.o
                0x00000000000041e4                DMA0_IRQHandler
 .text.GINT0_IRQHandler
                0x00000000000041ec        0x8 ./startup/startup_lpc55s16.o
                0x00000000000041ec                GINT0_IRQHandler
 .text.GINT1_IRQHandler
                0x00000000000041f4        0x8 ./startup/startup_lpc55s16.o
                0x00000000000041f4                GINT1_IRQHandler
 .text.PIN_INT0_IRQHandler
                0x00000000000041fc        0x8 ./startup/startup_lpc55s16.o
                0x00000000000041fc                PIN_INT0_IRQHandler
 .text.PIN_INT1_IRQHandler
                0x0000000000004204        0x8 ./startup/startup_lpc55s16.o
                0x0000000000004204                PIN_INT1_IRQHandler
 .text.PIN_INT2_IRQHandler
                0x000000000000420c        0x8 ./startup/startup_lpc55s16.o
                0x000000000000420c                PIN_INT2_IRQHandler
 .text.PIN_INT3_IRQHandler
                0x0000000000004214        0x8 ./startup/startup_lpc55s16.o
                0x0000000000004214                PIN_INT3_IRQHandler
 .text.UTICK0_IRQHandler
                0x000000000000421c        0x8 ./startup/startup_lpc55s16.o
                0x000000000000421c                UTICK0_IRQHandler
 .text.MRT0_IRQHandler
                0x0000000000004224        0x8 ./startup/startup_lpc55s16.o
                0x0000000000004224                MRT0_IRQHandler
 .text.CTIMER0_IRQHandler
                0x000000000000422c        0x8 ./startup/startup_lpc55s16.o
                0x000000000000422c                CTIMER0_IRQHandler
 .text.CTIMER1_IRQHandler
                0x0000000000004234        0x8 ./startup/startup_lpc55s16.o
                0x0000000000004234                CTIMER1_IRQHandler
 .text.SCT0_IRQHandler
                0x000000000000423c        0x8 ./startup/startup_lpc55s16.o
                0x000000000000423c                SCT0_IRQHandler
 .text.CTIMER3_IRQHandler
                0x0000000000004244        0x8 ./startup/startup_lpc55s16.o
                0x0000000000004244                CTIMER3_IRQHandler
 .text.FLEXCOMM1_IRQHandler
                0x000000000000424c        0x8 ./startup/startup_lpc55s16.o
                0x000000000000424c                FLEXCOMM1_IRQHandler
 .text.FLEXCOMM2_IRQHandler
                0x0000000000004254        0x8 ./startup/startup_lpc55s16.o
                0x0000000000004254                FLEXCOMM2_IRQHandler
 .text.FLEXCOMM3_IRQHandler
                0x000000000000425c        0x8 ./startup/startup_lpc55s16.o
                0x000000000000425c                FLEXCOMM3_IRQHandler
 .text.FLEXCOMM4_IRQHandler
                0x0000000000004264        0x8 ./startup/startup_lpc55s16.o
                0x0000000000004264                FLEXCOMM4_IRQHandler
 .text.FLEXCOMM5_IRQHandler
                0x000000000000426c        0x8 ./startup/startup_lpc55s16.o
                0x000000000000426c                FLEXCOMM5_IRQHandler
 .text.FLEXCOMM6_IRQHandler
                0x0000000000004274        0x8 ./startup/startup_lpc55s16.o
                0x0000000000004274                FLEXCOMM6_IRQHandler
 .text.FLEXCOMM7_IRQHandler
                0x000000000000427c        0x8 ./startup/startup_lpc55s16.o
                0x000000000000427c                FLEXCOMM7_IRQHandler
 .text.ADC0_IRQHandler
                0x0000000000004284        0x8 ./startup/startup_lpc55s16.o
                0x0000000000004284                ADC0_IRQHandler
 .text.Reserved39_IRQHandler
                0x000000000000428c        0x8 ./startup/startup_lpc55s16.o
                0x000000000000428c                Reserved39_IRQHandler
 .text.ACMP_IRQHandler
                0x0000000000004294        0x8 ./startup/startup_lpc55s16.o
                0x0000000000004294                ACMP_IRQHandler
 .text.Reserved41_IRQHandler
                0x000000000000429c        0x8 ./startup/startup_lpc55s16.o
                0x000000000000429c                Reserved41_IRQHandler
 .text.Reserved42_IRQHandler
                0x00000000000042a4        0x8 ./startup/startup_lpc55s16.o
                0x00000000000042a4                Reserved42_IRQHandler
 .text.USB0_NEEDCLK_IRQHandler
                0x00000000000042ac        0x8 ./startup/startup_lpc55s16.o
                0x00000000000042ac                USB0_NEEDCLK_IRQHandler
 .text.USB0_IRQHandler
                0x00000000000042b4        0x8 ./startup/startup_lpc55s16.o
                0x00000000000042b4                USB0_IRQHandler
 .text.RTC_IRQHandler
                0x00000000000042bc        0x8 ./startup/startup_lpc55s16.o
                0x00000000000042bc                RTC_IRQHandler
 .text.Reserved46_IRQHandler
                0x00000000000042c4        0x8 ./startup/startup_lpc55s16.o
                0x00000000000042c4                Reserved46_IRQHandler
 .text.Reserved47_IRQHandler
                0x00000000000042cc        0x8 ./startup/startup_lpc55s16.o
                0x00000000000042cc                Reserved47_IRQHandler
 .text.PIN_INT4_IRQHandler
                0x00000000000042d4        0x8 ./startup/startup_lpc55s16.o
                0x00000000000042d4                PIN_INT4_IRQHandler
 .text.PIN_INT5_IRQHandler
                0x00000000000042dc        0x8 ./startup/startup_lpc55s16.o
                0x00000000000042dc                PIN_INT5_IRQHandler
 .text.PIN_INT6_IRQHandler
                0x00000000000042e4        0x8 ./startup/startup_lpc55s16.o
                0x00000000000042e4                PIN_INT6_IRQHandler
 .text.PIN_INT7_IRQHandler
                0x00000000000042ec        0x8 ./startup/startup_lpc55s16.o
                0x00000000000042ec                PIN_INT7_IRQHandler
 .text.CTIMER2_IRQHandler
                0x00000000000042f4        0x8 ./startup/startup_lpc55s16.o
                0x00000000000042f4                CTIMER2_IRQHandler
 .text.CTIMER4_IRQHandler
                0x00000000000042fc        0x8 ./startup/startup_lpc55s16.o
                0x00000000000042fc                CTIMER4_IRQHandler
 .text.OS_EVENT_IRQHandler
                0x0000000000004304        0x8 ./startup/startup_lpc55s16.o
                0x0000000000004304                OS_EVENT_IRQHandler
 .text.Reserved55_IRQHandler
                0x000000000000430c        0x8 ./startup/startup_lpc55s16.o
                0x000000000000430c                Reserved55_IRQHandler
 .text.Reserved56_IRQHandler
                0x0000000000004314        0x8 ./startup/startup_lpc55s16.o
                0x0000000000004314                Reserved56_IRQHandler
 .text.Reserved57_IRQHandler
                0x000000000000431c        0x8 ./startup/startup_lpc55s16.o
                0x000000000000431c                Reserved57_IRQHandler
 .text.Reserved58_IRQHandler
                0x0000000000004324        0x8 ./startup/startup_lpc55s16.o
                0x0000000000004324                Reserved58_IRQHandler
 .text.CAN0_IRQ0_IRQHandler
                0x000000000000432c        0x8 ./startup/startup_lpc55s16.o
                0x000000000000432c                CAN0_IRQ0_IRQHandler
 .text.CAN0_IRQ1_IRQHandler
                0x0000000000004334        0x8 ./startup/startup_lpc55s16.o
                0x0000000000004334                CAN0_IRQ1_IRQHandler
 .text.Reserved61_IRQHandler
                0x000000000000433c        0x8 ./startup/startup_lpc55s16.o
                0x000000000000433c                Reserved61_IRQHandler
 .text.USB1_PHY_IRQHandler
                0x0000000000004344        0x8 ./startup/startup_lpc55s16.o
                0x0000000000004344                USB1_PHY_IRQHandler
 .text.USB1_IRQHandler
                0x000000000000434c        0x8 ./startup/startup_lpc55s16.o
                0x000000000000434c                USB1_IRQHandler
 .text.USB1_NEEDCLK_IRQHandler
                0x0000000000004354        0x8 ./startup/startup_lpc55s16.o
                0x0000000000004354                USB1_NEEDCLK_IRQHandler
 .text.SEC_HYPERVISOR_CALL_IRQHandler
                0x000000000000435c        0x8 ./startup/startup_lpc55s16.o
                0x000000000000435c                SEC_HYPERVISOR_CALL_IRQHandler
 .text.SEC_GPIO_INT0_IRQ0_IRQHandler
                0x0000000000004364        0x8 ./startup/startup_lpc55s16.o
                0x0000000000004364                SEC_GPIO_INT0_IRQ0_IRQHandler
 .text.SEC_GPIO_INT0_IRQ1_IRQHandler
                0x000000000000436c        0x8 ./startup/startup_lpc55s16.o
                0x000000000000436c                SEC_GPIO_INT0_IRQ1_IRQHandler
 .text.PLU_IRQHandler
                0x0000000000004374        0x8 ./startup/startup_lpc55s16.o
                0x0000000000004374                PLU_IRQHandler
 .text.SEC_VIO_IRQHandler
                0x000000000000437c        0x8 ./startup/startup_lpc55s16.o
                0x000000000000437c                SEC_VIO_IRQHandler
 .text.HASHCRYPT_IRQHandler
                0x0000000000004384        0x8 ./startup/startup_lpc55s16.o
                0x0000000000004384                HASHCRYPT_IRQHandler
 .text.CASER_IRQHandler
                0x000000000000438c        0x8 ./startup/startup_lpc55s16.o
                0x000000000000438c                CASER_IRQHandler
 .text.PUF_IRQHandler
                0x0000000000004394        0x8 ./startup/startup_lpc55s16.o
                0x0000000000004394                PUF_IRQHandler
 .text.Reserved73_IRQHandler
                0x000000000000439c        0x8 ./startup/startup_lpc55s16.o
                0x000000000000439c                Reserved73_IRQHandler
 .text.DMA1_IRQHandler
                0x00000000000043a4        0x8 ./startup/startup_lpc55s16.o
                0x00000000000043a4                DMA1_IRQHandler
 .text.FLEXCOMM8_IRQHandler
                0x00000000000043ac        0x8 ./startup/startup_lpc55s16.o
                0x00000000000043ac                FLEXCOMM8_IRQHandler
 .text.CDOG_IRQHandler
                0x00000000000043b4        0x8 ./startup/startup_lpc55s16.o
                0x00000000000043b4                CDOG_IRQHandler
 .text.CTIMER_StartTimer
                0x00000000000043bc       0x20 ./src/main.o
 .text.onUpdateChannelsEnabled
                0x00000000000043dc       0x16 ./src/monitoring.o
                0x00000000000043dc                onUpdateChannelsEnabled
 .text.onUpdateMyInt16
                0x00000000000043f2       0x16 ./src/monitoring.o
                0x00000000000043f2                onUpdateMyInt16
 .text.cmdSaveParamToFlash
                0x0000000000004408       0x14 ./src/monitoring.o
 .text.cmdSetMyUInt8Data
                0x000000000000441c       0x1a ./src/monitoring.o
 .text.USART_GetStatusFlags
                0x0000000000004436       0x1a ./src/uart.o
 .text.USART_WriteByte
                0x0000000000004450       0x20 ./src/uart.o
 .text.USART_ReadByte
                0x0000000000004470       0x1c ./src/uart.o
 .text.CLOCK_IsPLL0Locked
                0x000000000000448c       0x24 ./drivers/fsl_clock.o
 .text.findPll0PreDiv
                0x00000000000044b0       0x3e ./drivers/fsl_clock.o
 .text.DelayLoop
                0x00000000000044ee       0x20 ./drivers/fsl_common_arm.o
 .text.CLOCK_EnableClock
                0x000000000000450e       0x30 ./drivers/fsl_ctimer.o
 .text.EnableIRQ
                0x000000000000453e       0x32 ./drivers/fsl_ctimer.o
 .text.CTIMER_GetStatusFlags
                0x0000000000004570       0x18 ./drivers/fsl_ctimer.o
 .text.CTIMER_ClearStatusFlags
                0x0000000000004588       0x1c ./drivers/fsl_ctimer.o
 .text.CTIMER0_DriverIRQHandler
                0x00000000000045a4        0xe ./drivers/fsl_ctimer.o
                0x00000000000045a4                CTIMER0_DriverIRQHandler
 .text.CTIMER1_DriverIRQHandler
                0x00000000000045b2        0xe ./drivers/fsl_ctimer.o
                0x00000000000045b2                CTIMER1_DriverIRQHandler
 .text.CTIMER2_DriverIRQHandler
                0x00000000000045c0        0xe ./drivers/fsl_ctimer.o
                0x00000000000045c0                CTIMER2_DriverIRQHandler
 .text.CTIMER3_DriverIRQHandler
                0x00000000000045ce        0xe ./drivers/fsl_ctimer.o
                0x00000000000045ce                CTIMER3_DriverIRQHandler
 .text.CTIMER4_DriverIRQHandler
                0x00000000000045dc        0xe ./drivers/fsl_ctimer.o
                0x00000000000045dc                CTIMER4_DriverIRQHandler
 .text.CLOCK_EnableClock
                0x00000000000045ea       0x30 ./drivers/fsl_flexcomm.o
 .text.FLEXCOMM_PeripheralIsPresent
                0x000000000000461a       0x64 ./drivers/fsl_flexcomm.o
 .text.FLEXCOMM_SetPeriph
                0x000000000000467e       0x74 ./drivers/fsl_flexcomm.o
 .text.RESET_PeripheralReset
                0x00000000000046f2       0x1c ./drivers/fsl_reset.o
                0x00000000000046f2                RESET_PeripheralReset
 .text.USART_EnableContinuousSCLK
                0x000000000000470e       0x38 ./drivers/fsl_usart.o
 .text.SystemInitHook
                0x0000000000004746        0xe ./device/system_LPC55S16.o
                0x0000000000004746                SystemInitHook
 .text.BOARD_InitBootClocks
                0x0000000000004754        0xc ./board/clock_config.o
                0x0000000000004754                BOARD_InitBootClocks
 .text.EnableIRQ
                0x0000000000004760       0x32 ./board/peripherals.o
 .text.USART_EnableInterrupts
                0x0000000000004792       0x22 ./board/peripherals.o
 .text.BOARD_InitPeripherals
                0x00000000000047b4       0x10 ./board/peripherals.o
                0x00000000000047b4                BOARD_InitPeripherals
 .text.BOARD_InitBootPeripherals
                0x00000000000047c4        0xc ./board/peripherals.o
                0x00000000000047c4                BOARD_InitBootPeripherals
 .text.CLOCK_EnableClock
                0x00000000000047d0       0x30 ./board/pin_mux.o
 .text.IOCON_PinMuxSet
                0x0000000000004800       0x2e ./board/pin_mux.o
 .text.BOARD_InitBootPins
                0x000000000000482e        0xc ./board/pin_mux.o
                0x000000000000482e                BOARD_InitBootPins
 .text.__main   0x000000000000483a        0xe /usr/local/mcuxpressoide-11.4.0_6224/ide/plugins/com.nxp.mcuxpresso.tools.linux_11.4.0.202103011116/tools/bin/../lib/gcc/arm-none-eabi/10.2.1/../../../../arm-none-eabi/lib/thumb/v8-m.main+fp/hard/libcr_nohost_nf.a(_cr__main.o)
                0x000000000000483a                __main
 .text.sinf     0x0000000000004848       0x26 /usr/local/mcuxpressoide-11.4.0_6224/ide/plugins/com.nxp.mcuxpresso.tools.linux_11.4.0.202103011116/tools/bin/../lib/gcc/arm-none-eabi/10.2.1/../../../../arm-none-eabi/lib/thumb/v8-m.main+fp/hard/libcr_c.a(sinf.o)
                0x0000000000004848                sinf
 .text.memcpy   0x000000000000486e        0x4 /usr/local/mcuxpressoide-11.4.0_6224/ide/plugins/com.nxp.mcuxpresso.tools.linux_11.4.0.202103011116/tools/bin/../lib/gcc/arm-none-eabi/10.2.1/../../../../arm-none-eabi/lib/thumb/v8-m.main+fp/hard/libcr_c.a(memcpy.o)
                0x000000000000486e                memcpy
 .text.memset   0x0000000000004872        0x4 /usr/local/mcuxpressoide-11.4.0_6224/ide/plugins/com.nxp.mcuxpresso.tools.linux_11.4.0.202103011116/tools/bin/../lib/gcc/arm-none-eabi/10.2.1/../../../../arm-none-eabi/lib/thumb/v8-m.main+fp/hard/libcr_c.a(memset.o)
                0x0000000000004872                memset
 .text.free     0x0000000000004876       0x30 /usr/local/mcuxpressoide-11.4.0_6224/ide/plugins/com.nxp.mcuxpresso.tools.linux_11.4.0.202103011116/tools/bin/../lib/gcc/arm-none-eabi/10.2.1/../../../../arm-none-eabi/lib/thumb/v8-m.main+fp/hard/libcr_c.a(alloc.o)
                0x0000000000004876                free
 .text.no_fp_display
                0x00000000000048a6        0x4 /usr/local/mcuxpressoide-11.4.0_6224/ide/plugins/com.nxp.mcuxpresso.tools.linux_11.4.0.202103011116/tools/bin/../lib/gcc/arm-none-eabi/10.2.1/../../../../arm-none-eabi/lib/thumb/v8-m.main+fp/hard/libcr_c.a(printf.o)
 .text.setvbuf  0x00000000000048aa       0x3e /usr/local/mcuxpressoide-11.4.0_6224/ide/plugins/com.nxp.mcuxpresso.tools.linux_11.4.0.202103011116/tools/bin/../lib/gcc/arm-none-eabi/10.2.1/../../../../arm-none-eabi/lib/thumb/v8-m.main+fp/hard/libcr_c.a(setvbuf.o)
                0x00000000000048aa                setvbuf
 .text.strcpy   0x00000000000048e8       0x42 /usr/local/mcuxpressoide-11.4.0_6224/ide/plugins/com.nxp.mcuxpresso.tools.linux_11.4.0.202103011116/tools/bin/../lib/gcc/arm-none-eabi/10.2.1/../../../../arm-none-eabi/lib/thumb/v8-m.main+fp/hard/libcr_c.a(strcpy.o)
                0x00000000000048e8                strcpy
 .text.strlen   0x000000000000492a       0x48 /usr/local/mcuxpressoide-11.4.0_6224/ide/plugins/com.nxp.mcuxpresso.tools.linux_11.4.0.202103011116/tools/bin/../lib/gcc/arm-none-eabi/10.2.1/../../../../arm-none-eabi/lib/thumb/v8-m.main+fp/hard/libcr_c.a(strlen.o)
                0x000000000000492a                strlen
 .text.fabsf    0x0000000000004972       0x10 /usr/local/mcuxpressoide-11.4.0_6224/ide/plugins/com.nxp.mcuxpresso.tools.linux_11.4.0.202103011116/tools/bin/../lib/gcc/arm-none-eabi/10.2.1/../../../../arm-none-eabi/lib/thumb/v8-m.main+fp/hard/libcr_c.a(fabsf.o)
                0x0000000000004972                fabsf
 .text._deferredlazyseek
                0x0000000000004982       0x40 /usr/local/mcuxpressoide-11.4.0_6224/ide/plugins/com.nxp.mcuxpresso.tools.linux_11.4.0.202103011116/tools/bin/../lib/gcc/arm-none-eabi/10.2.1/../../../../arm-none-eabi/lib/thumb/v8-m.main+fp/hard/libcr_c.a(_deferredlazyseek.o)
                0x0000000000004982                _deferredlazyseek
 .text.__flsbuf
                0x00000000000049c2      0x140 /usr/local/mcuxpressoide-11.4.0_6224/ide/plugins/com.nxp.mcuxpresso.tools.linux_11.4.0.202103011116/tools/bin/../lib/gcc/arm-none-eabi/10.2.1/../../../../arm-none-eabi/lib/thumb/v8-m.main+fp/hard/libcr_c.a(_deferredlazyseek.o)
                0x00000000000049c2                __flsbuf
 .text._fdopen  0x0000000000004b02       0x68 /usr/local/mcuxpressoide-11.4.0_6224/ide/plugins/com.nxp.mcuxpresso.tools.linux_11.4.0.202103011116/tools/bin/../lib/gcc/arm-none-eabi/10.2.1/../../../../arm-none-eabi/lib/thumb/v8-m.main+fp/hard/libcr_c.a(_fdopen.o)
                0x0000000000004b02                _fdopen
 .text._fflush  0x0000000000004b6a       0x52 /usr/local/mcuxpressoide-11.4.0_6224/ide/plugins/com.nxp.mcuxpresso.tools.linux_11.4.0.202103011116/tools/bin/../lib/gcc/arm-none-eabi/10.2.1/../../../../arm-none-eabi/lib/thumb/v8-m.main+fp/hard/libcr_c.a(_fflush.o)
                0x0000000000004b6a                _fflush
 .text.fclose   0x0000000000004bbc       0x58 /usr/local/mcuxpressoide-11.4.0_6224/ide/plugins/com.nxp.mcuxpresso.tools.linux_11.4.0.202103011116/tools/bin/../lib/gcc/arm-none-eabi/10.2.1/../../../../arm-none-eabi/lib/thumb/v8-m.main+fp/hard/libcr_c.a(fclose.o)
                0x0000000000004bbc                fclose
 .text.remove   0x0000000000004c14       0x14 /usr/local/mcuxpressoide-11.4.0_6224/ide/plugins/com.nxp.mcuxpresso.tools.linux_11.4.0.202103011116/tools/bin/../lib/gcc/arm-none-eabi/10.2.1/../../../../arm-none-eabi/lib/thumb/v8-m.main+fp/hard/libcr_c.a(remove.o)
                0x0000000000004c14                remove
 .text._do_fflush
                0x0000000000004c28       0x40 /usr/local/mcuxpressoide-11.4.0_6224/ide/plugins/com.nxp.mcuxpresso.tools.linux_11.4.0.202103011116/tools/bin/../lib/gcc/arm-none-eabi/10.2.1/../../../../arm-none-eabi/lib/thumb/v8-m.main+fp/hard/libcr_c.a(_do_fflush.o)
                0x0000000000004c28                _do_fflush
 .text.__aeabi_division_uldivmod
                0x0000000000004c68      0x174 /usr/local/mcuxpressoide-11.4.0_6224/ide/plugins/com.nxp.mcuxpresso.tools.linux_11.4.0.202103011116/tools/bin/../lib/gcc/arm-none-eabi/10.2.1/thumb/v8-m.main+fp/hard/libcr_eabihelpers.a(division_64.o)
                0x0000000000004c68                __aeabi_uldivmod
                0x0000000000004c6c                __bhs_ldivmod1
 .text.__aeabi_division_idiv0
                0x0000000000004ddc        0x2 /usr/local/mcuxpressoide-11.4.0_6224/ide/plugins/com.nxp.mcuxpresso.tools.linux_11.4.0.202103011116/tools/bin/../lib/gcc/arm-none-eabi/10.2.1/thumb/v8-m.main+fp/hard/libcr_eabihelpers.a(division_idiv0.o)
                0x0000000000004ddc                __aeabi_idiv0
 .text.__bhs_ui2d
                0x0000000000004dde       0x46 /usr/local/mcuxpressoide-11.4.0_6224/ide/plugins/com.nxp.mcuxpresso.tools.linux_11.4.0.202103011116/tools/bin/../lib/gcc/arm-none-eabi/10.2.1/thumb/v8-m.main+fp/hard/libcr_eabihelpers.a(double.o)
                0x0000000000004dde                __bhs_ui2d
 .text.__aeabi_i2d
                0x0000000000004e24       0x12 /usr/local/mcuxpressoide-11.4.0_6224/ide/plugins/com.nxp.mcuxpresso.tools.linux_11.4.0.202103011116/tools/bin/../lib/gcc/arm-none-eabi/10.2.1/thumb/v8-m.main+fp/hard/libcr_eabihelpers.a(double.o)
                0x0000000000004e24                __aeabi_i2d
 .text.__aeabi_ui2d
                0x0000000000004e36        0x8 /usr/local/mcuxpressoide-11.4.0_6224/ide/plugins/com.nxp.mcuxpresso.tools.linux_11.4.0.202103011116/tools/bin/../lib/gcc/arm-none-eabi/10.2.1/thumb/v8-m.main+fp/hard/libcr_eabihelpers.a(double.o)
                0x0000000000004e36                __aeabi_ui2d
 .text.__aeabi_memcpy
                0x0000000000004e3e       0x34 /usr/local/mcuxpressoide-11.4.0_6224/ide/plugins/com.nxp.mcuxpresso.tools.linux_11.4.0.202103011116/tools/bin/../lib/gcc/arm-none-eabi/10.2.1/thumb/v8-m.main+fp/hard/libcr_eabihelpers.a(memcpy.o)
                0x0000000000004e3e                __aeabi_memcpy
                0x0000000000004e48                __aeabi_memcpy4
                0x0000000000004e48                __aeabi_memcpy8
 .text.__aeabi_memset_lowlevel
                0x0000000000004e72       0x32 /usr/local/mcuxpressoide-11.4.0_6224/ide/plugins/com.nxp.mcuxpresso.tools.linux_11.4.0.202103011116/tools/bin/../lib/gcc/arm-none-eabi/10.2.1/thumb/v8-m.main+fp/hard/libcr_eabihelpers.a(memcpy.o)
                0x0000000000004e72                __aeabi_lowlevel_memset
 .text.__sys_appexit
                0x0000000000004ea4        0x2 /usr/local/mcuxpressoide-11.4.0_6224/ide/plugins/com.nxp.mcuxpresso.tools.linux_11.4.0.202103011116/tools/bin/../lib/gcc/arm-none-eabi/10.2.1/../../../../arm-none-eabi/lib/thumb/v8-m.main+fp/hard/libcr_nohost_nf.a(__sys_appexit.o)
                0x0000000000004ea4                __exit
                0x0000000000004ea4                __sys_appexit
 .text.__sys_close
                0x0000000000004ea6        0x6 /usr/local/mcuxpressoide-11.4.0_6224/ide/plugins/com.nxp.mcuxpresso.tools.linux_11.4.0.202103011116/tools/bin/../lib/gcc/arm-none-eabi/10.2.1/../../../../arm-none-eabi/lib/thumb/v8-m.main+fp/hard/libcr_nohost_nf.a(__sys_close.o)
                0x0000000000004ea6                __sys_close
 .text.__sys_flen
                0x0000000000004eac        0x6 /usr/local/mcuxpressoide-11.4.0_6224/ide/plugins/com.nxp.mcuxpresso.tools.linux_11.4.0.202103011116/tools/bin/../lib/gcc/arm-none-eabi/10.2.1/../../../../arm-none-eabi/lib/thumb/v8-m.main+fp/hard/libcr_nohost_nf.a(__sys_flen.o)
                0x0000000000004eac                __sys_flen
 .text.__sys_istty
                0x0000000000004eb2        0x6 /usr/local/mcuxpressoide-11.4.0_6224/ide/plugins/com.nxp.mcuxpresso.tools.linux_11.4.0.202103011116/tools/bin/../lib/gcc/arm-none-eabi/10.2.1/../../../../arm-none-eabi/lib/thumb/v8-m.main+fp/hard/libcr_nohost_nf.a(__sys_istty.o)
                0x0000000000004eb2                __sys_istty
 .text.__sys_remove
                0x0000000000004eb8        0x6 /usr/local/mcuxpressoide-11.4.0_6224/ide/plugins/com.nxp.mcuxpresso.tools.linux_11.4.0.202103011116/tools/bin/../lib/gcc/arm-none-eabi/10.2.1/../../../../arm-none-eabi/lib/thumb/v8-m.main+fp/hard/libcr_nohost_nf.a(__sys_remove.o)
                0x0000000000004eb8                __sys_remove
 .text.__sys_seek
                0x0000000000004ebe        0x6 /usr/local/mcuxpressoide-11.4.0_6224/ide/plugins/com.nxp.mcuxpresso.tools.linux_11.4.0.202103011116/tools/bin/../lib/gcc/arm-none-eabi/10.2.1/../../../../arm-none-eabi/lib/thumb/v8-m.main+fp/hard/libcr_nohost_nf.a(__sys_seek.o)
                0x0000000000004ebe                __sys_seek
 .text.__sys_tmpnam
                0x0000000000004ec4        0x6 /usr/local/mcuxpressoide-11.4.0_6224/ide/plugins/com.nxp.mcuxpresso.tools.linux_11.4.0.202103011116/tools/bin/../lib/gcc/arm-none-eabi/10.2.1/../../../../arm-none-eabi/lib/thumb/v8-m.main+fp/hard/libcr_nohost_nf.a(__sys_tmpnam.o)
                0x0000000000004ec4                __sys_tmpnam
 .text.__sys_write
                0x0000000000004eca        0x4 /usr/local/mcuxpressoide-11.4.0_6224/ide/plugins/com.nxp.mcuxpresso.tools.linux_11.4.0.202103011116/tools/bin/../lib/gcc/arm-none-eabi/10.2.1/../../../../arm-none-eabi/lib/thumb/v8-m.main+fp/hard/libcr_nohost_nf.a(__sys_write.o)
                0x0000000000004eca                __sys_write
 *(SORT_BY_ALIGNMENT(.rodata) SORT_BY_ALIGNMENT(.rodata.*) SORT_BY_ALIGNMENT(.constdata) SORT_BY_ALIGNMENT(.constdata.*))
 *fill*         0x0000000000004ece        0x2 ff
 .rodata.__assertion_failed.str1.4
                0x0000000000004ed0       0x14 ./utilities/fsl_assert.o
 .rodata.hashmap
                0x0000000000004ee4      0x100 ./src/monitoring.o
 .rodata.variablesSend.str1.4
                0x0000000000004fe4        0x5 ./src/monitoring.o
 *fill*         0x0000000000004fe9        0x3 ff
 .rodata.IntervalList
                0x0000000000004fec       0x60 ./drivers/fsl_clock.o
 .rodata.SDK_DelayAtLeastUs.str1.4
                0x000000000000504c       0x2c ./drivers/fsl_common_arm.o
 .rodata.s_ctimerBases
                0x0000000000005078       0x14 ./drivers/fsl_ctimer.o
 .rodata.s_ctimerClocks
                0x000000000000508c        0xa ./drivers/fsl_ctimer.o
 *fill*         0x0000000000005096        0x2 ff
 .rodata.s_ctimerResets
                0x0000000000005098       0x14 ./drivers/fsl_ctimer.o
 .rodata.s_ctimerIRQ
                0x00000000000050ac        0x5 ./drivers/fsl_ctimer.o
 *fill*         0x00000000000050b1        0x3 ff
 .rodata.CTIMER_GetInstance.str1.4
                0x00000000000050b4       0x2f ./drivers/fsl_ctimer.o
 *fill*         0x00000000000050e3        0x1 ff
 .rodata.CTIMER_Init.str1.4
                0x00000000000050e4       0x23 ./drivers/fsl_ctimer.o
 *fill*         0x0000000000005107        0x1 ff
 .rodata.s_flexcommBaseAddrs
                0x0000000000005108       0x24 ./drivers/fsl_flexcomm.o
 .rodata.s_flexcommClocks
                0x000000000000512c       0x12 ./drivers/fsl_flexcomm.o
 *fill*         0x000000000000513e        0x2 ff
 .rodata.s_flexcommResets
                0x0000000000005140       0x24 ./drivers/fsl_flexcomm.o
 .rodata.FLEXCOMM_GetInstance.str1.4
                0x0000000000005164       0x43 ./drivers/fsl_flexcomm.o
 *fill*         0x00000000000051a7        0x1 ff
 .rodata.FLEXCOMM1_DriverIRQHandler.str1.4
                0x00000000000051a8       0x3d ./drivers/fsl_flexcomm.o
 *fill*         0x00000000000051e5        0x3 ff
 .rodata.FLEXCOMM2_DriverIRQHandler.str1.4
                0x00000000000051e8       0x3d ./drivers/fsl_flexcomm.o
 *fill*         0x0000000000005225        0x3 ff
 .rodata.FLEXCOMM3_DriverIRQHandler.str1.4
                0x0000000000005228       0x3d ./drivers/fsl_flexcomm.o
 *fill*         0x0000000000005265        0x3 ff
 .rodata.FLEXCOMM4_DriverIRQHandler.str1.4
                0x0000000000005268       0x3d ./drivers/fsl_flexcomm.o
 *fill*         0x00000000000052a5        0x3 ff
 .rodata.FLEXCOMM5_DriverIRQHandler.str1.4
                0x00000000000052a8       0x3d ./drivers/fsl_flexcomm.o
 *fill*         0x00000000000052e5        0x3 ff
 .rodata.FLEXCOMM6_DriverIRQHandler.str1.4
                0x00000000000052e8       0x3d ./drivers/fsl_flexcomm.o
 *fill*         0x0000000000005325        0x3 ff
 .rodata.FLEXCOMM7_DriverIRQHandler.str1.4
                0x0000000000005328       0x3d ./drivers/fsl_flexcomm.o
 *fill*         0x0000000000005365        0x3 ff
 .rodata.FLEXCOMM8_DriverIRQHandler.str1.4
                0x0000000000005368       0x3d ./drivers/fsl_flexcomm.o
 *fill*         0x00000000000053a5        0x3 ff
 .rodata.RESET_SetPeripheralReset.str1.4
                0x00000000000053a8       0x1f ./drivers/fsl_reset.o
 *fill*         0x00000000000053c7        0x1 ff
 .rodata.RESET_ClearPeripheralReset.str1.4
                0x00000000000053c8       0x1f ./drivers/fsl_reset.o
 *fill*         0x00000000000053e7        0x1 ff
 .rodata.USART_Init.str1.4
                0x00000000000053e8       0x50 ./drivers/fsl_usart.o
 .rodata.USART_SetBaudRate.str1.4
                0x0000000000005438       0x54 ./drivers/fsl_usart.o
 .rodata.FLEXCOMM0_config
                0x000000000000548c       0x14 ./board/peripherals.o
                0x000000000000548c                FLEXCOMM0_config
 .rodata.CTIMER0_config
                0x00000000000054a0        0x8 ./board/peripherals.o
                0x00000000000054a0                CTIMER0_config
 .rodata.CTIMER0_Match_0_config
                0x00000000000054a8        0xc ./board/peripherals.o
                0x00000000000054a8                CTIMER0_Match_0_config
 .rodata.__num_Ciob_streams
                0x00000000000054b4        0x4 /usr/local/mcuxpressoide-11.4.0_6224/ide/plugins/com.nxp.mcuxpresso.tools.linux_11.4.0.202103011116/tools/bin/../lib/gcc/arm-none-eabi/10.2.1/../../../../arm-none-eabi/lib/thumb/v8-m.main+fp/hard/libcr_nohost_nf.a(__ciob.o)
                0x00000000000054b4                __num_Ciob_streams
 .rodata._Csys_alloc.str1.1
                0x00000000000054b8       0x18 /usr/local/mcuxpressoide-11.4.0_6224/ide/plugins/com.nxp.mcuxpresso.tools.linux_11.4.0.202103011116/tools/bin/../lib/gcc/arm-none-eabi/10.2.1/../../../../arm-none-eabi/lib/thumb/v8-m.main+fp/hard/libcr_c.a(alloc.o)
 .rodata._initio.str1.1
                0x00000000000054d0        0x4 /usr/local/mcuxpressoide-11.4.0_6224/ide/plugins/com.nxp.mcuxpresso.tools.linux_11.4.0.202103011116/tools/bin/../lib/gcc/arm-none-eabi/10.2.1/../../../../arm-none-eabi/lib/thumb/v8-m.main+fp/hard/libcr_c.a(initio.o)
 .rodata.__vfprintf.str1.1
                0x00000000000054d4       0x37 /usr/local/mcuxpressoide-11.4.0_6224/ide/plugins/com.nxp.mcuxpresso.tools.linux_11.4.0.202103011116/tools/bin/../lib/gcc/arm-none-eabi/10.2.1/../../../../arm-none-eabi/lib/thumb/v8-m.main+fp/hard/libcr_c.a(printf.o)
                                         0x38 (size before relaxing)
                0x000000000000550c                . = ALIGN (0x4)
 *fill*         0x000000000000550b        0x1 ff

.glue_7         0x000000000000550c        0x0
 .glue_7        0x000000000000550c        0x0 linker stubs

.glue_7t        0x000000000000550c        0x0
 .glue_7t       0x000000000000550c        0x0 linker stubs

.vfp11_veneer   0x000000000000550c        0x0
 .vfp11_veneer  0x000000000000550c        0x0 linker stubs

.v4_bx          0x000000000000550c        0x0
 .v4_bx         0x000000000000550c        0x0 linker stubs

.iplt           0x000000000000550c        0x0
 .iplt          0x000000000000550c        0x0 ./utilities/fsl_assert.o

.rel.dyn        0x000000000000550c        0x0
 .rel.iplt      0x000000000000550c        0x0 ./utilities/fsl_assert.o

.ARM.extab
 *(SORT_BY_ALIGNMENT(.ARM.extab*) SORT_BY_ALIGNMENT(.gnu.linkonce.armextab.*))

.ARM.exidx      0x000000000000550c        0x0
                0x000000000000550c                __exidx_start = .
 *(SORT_BY_ALIGNMENT(.ARM.exidx*) SORT_BY_ALIGNMENT(.gnu.linkonce.armexidx.*))
                0x000000000000550c                __exidx_end = .
                0x000000000000550c                _etext = .

.m_usb_data
 *(SORT_BY_ALIGNMENT(m_usb_global))

.data_RAM2      0x0000000020010000        0x0 load address 0x000000000000550c
 FILL mask 0xff
                [!provide]                        PROVIDE (__start_data_RAM2 = .)
                [!provide]                        PROVIDE (__start_data_USB_RAM = .)
 *(SORT_BY_ALIGNMENT(.ramfunc.$RAM2))
 *(SORT_BY_ALIGNMENT(.ramfunc.$USB_RAM))
 *(SORT_BY_ALIGNMENT(.data.$RAM2))
 *(SORT_BY_ALIGNMENT(.data.$USB_RAM))
 *(SORT_BY_ALIGNMENT(.data.$RAM2.*))
 *(SORT_BY_ALIGNMENT(.data.$USB_RAM.*))
                0x0000000020010000                . = ALIGN (0x4)
                [!provide]                        PROVIDE (__end_data_RAM2 = .)
                [!provide]                        PROVIDE (__end_data_USB_RAM = .)

.data_RAM3      0x0000000004000000        0x0 load address 0x000000000000550c
 FILL mask 0xff
                [!provide]                        PROVIDE (__start_data_RAM3 = .)
                [!provide]                        PROVIDE (__start_data_SRAMX = .)
 *(SORT_BY_ALIGNMENT(.ramfunc.$RAM3))
 *(SORT_BY_ALIGNMENT(.ramfunc.$SRAMX))
 *(SORT_BY_ALIGNMENT(.data.$RAM3))
 *(SORT_BY_ALIGNMENT(.data.$SRAMX))
 *(SORT_BY_ALIGNMENT(.data.$RAM3.*))
 *(SORT_BY_ALIGNMENT(.data.$SRAMX.*))
                0x0000000004000000                . = ALIGN (0x4)
                [!provide]                        PROVIDE (__end_data_RAM3 = .)
                [!provide]                        PROVIDE (__end_data_SRAMX = .)

.uninit_RESERVED
                0x0000000020000000        0x0
                0x0000000020000000                _start_uninit_RESERVED = .
 *(SORT_BY_ALIGNMENT(.bss.$RESERVED*))
                0x0000000020000000                . = ALIGN (0x4)
                0x0000000020000000                _end_uninit_RESERVED = .

.data           0x0000000020000000      0x204 load address 0x000000000000550c
 FILL mask 0xff
                0x0000000020000000                _data = .
                [!provide]                        PROVIDE (__start_data_RAM = .)
                [!provide]                        PROVIDE (__start_data_SRAM = .)
 *(SORT_BY_ALIGNMENT(vtable))
 *(SORT_BY_ALIGNMENT(.ramfunc*))
 *(SORT_BY_ALIGNMENT(CodeQuickAccess))
 *(SORT_BY_ALIGNMENT(DataQuickAccess))
 *(SORT_BY_ALIGNMENT(RamFunction))
 *(SORT_BY_ALIGNMENT(.data*))
 .data.variables
                0x0000000020000000       0xfc ./src/monitoring.o
                0x0000000020000000                variables
 .data.commands
                0x00000000200000fc       0x18 ./src/monitoring.o
                0x00000000200000fc                commands
 .data.s_Ext_Clk_Freq
                0x0000000020000114        0x4 ./drivers/fsl_clock.o
 .data.SystemCoreClock
                0x0000000020000118        0x4 ./device/system_LPC55S16.o
                0x0000000020000118                SystemCoreClock
 .data.CTIMER0_callback
                0x000000002000011c        0x4 ./board/peripherals.o
                0x000000002000011c                CTIMER0_callback
 .data._random_j
                0x0000000020000120        0x4 /usr/local/mcuxpressoide-11.4.0_6224/ide/plugins/com.nxp.mcuxpresso.tools.linux_11.4.0.202103011116/tools/bin/../lib/gcc/arm-none-eabi/10.2.1/../../../../arm-none-eabi/lib/thumb/v8-m.main+fp/hard/libcr_c.a(stdlib.o)
 .data._random_k
                0x0000000020000124        0x4 /usr/local/mcuxpressoide-11.4.0_6224/ide/plugins/com.nxp.mcuxpresso.tools.linux_11.4.0.202103011116/tools/bin/../lib/gcc/arm-none-eabi/10.2.1/../../../../arm-none-eabi/lib/thumb/v8-m.main+fp/hard/libcr_c.a(stdlib.o)
 .data._random_number_seed
                0x0000000020000128       0xdc /usr/local/mcuxpressoide-11.4.0_6224/ide/plugins/com.nxp.mcuxpresso.tools.linux_11.4.0.202103011116/tools/bin/../lib/gcc/arm-none-eabi/10.2.1/../../../../arm-none-eabi/lib/thumb/v8-m.main+fp/hard/libcr_c.a(stdlib.o)
                0x0000000020000204                . = ALIGN (0x4)
                0x0000000020000204                _edata = .
                [!provide]                        PROVIDE (__end_data_RAM = .)
                [!provide]                        PROVIDE (__end_data_SRAM = .)

.igot.plt       0x0000000020000204        0x0 load address 0x0000000000005710
 .igot.plt      0x0000000020000204        0x0 ./utilities/fsl_assert.o

.bss_RAM2       0x0000000020010000        0x0
                [!provide]                        PROVIDE (__start_bss_RAM2 = .)
                [!provide]                        PROVIDE (__start_bss_USB_RAM = .)
 *(SORT_BY_ALIGNMENT(.bss.$RAM2))
 *(SORT_BY_ALIGNMENT(.bss.$USB_RAM))
 *(SORT_BY_ALIGNMENT(.bss.$RAM2.*))
 *(SORT_BY_ALIGNMENT(.bss.$USB_RAM.*))
                0x0000000020010000                . = ALIGN ((. != 0x0)?0x4:0x1)
                [!provide]                        PROVIDE (__end_bss_RAM2 = .)
                [!provide]                        PROVIDE (__end_bss_USB_RAM = .)

.bss_RAM3       0x0000000004000000        0x0
                [!provide]                        PROVIDE (__start_bss_RAM3 = .)
                [!provide]                        PROVIDE (__start_bss_SRAMX = .)
 *(SORT_BY_ALIGNMENT(.bss.$RAM3))
 *(SORT_BY_ALIGNMENT(.bss.$SRAMX))
 *(SORT_BY_ALIGNMENT(.bss.$RAM3.*))
 *(SORT_BY_ALIGNMENT(.bss.$SRAMX.*))
                0x0000000004000000                . = ALIGN ((. != 0x0)?0x4:0x1)
                [!provide]                        PROVIDE (__end_bss_RAM3 = .)
                [!provide]                        PROVIDE (__end_bss_SRAMX = .)

.bss            0x0000000020000204      0x274
                0x0000000020000204                _bss = .
                [!provide]                        PROVIDE (__start_bss_RAM = .)
                [!provide]                        PROVIDE (__start_bss_SRAM = .)
 *(SORT_BY_ALIGNMENT(.bss*))
 .bss.s_debugConsole
                0x0000000020000204       0x14 ./utilities/fsl_debug_console.o
 .bss.GVP       0x0000000020000218       0x58 ./src/main.o
                0x0000000020000218                GVP
 .bss.counter.3
                0x0000000020000270        0x4 ./src/main.o
 .bss.sp.1      0x0000000020000274        0x4 ./src/main.o
 .bss.index.1   0x0000000020000278        0x4 ./src/monitoring.o
 .bss.lastIndex.0
                0x000000002000027c        0x4 ./src/monitoring.o
 .bss.msgFromHost
                0x0000000020000280       0x64 ./src/uart.o
                0x0000000020000280                msgFromHost
 .bss.rxCMDBuffer
                0x00000000200002e4       0x64 ./src/uart.o
 .bss.rxCMDIndex.0
                0x0000000020000348        0x4 ./src/uart.o
 .bss.s_Pll0_Freq
                0x000000002000034c        0x4 ./drivers/fsl_clock.o
 .bss.s_ctimerCallback
                0x0000000020000350       0x14 ./drivers/fsl_ctimer.o
 .bss.ctimerCallbackType
                0x0000000020000364        0x5 ./drivers/fsl_ctimer.o
 *fill*         0x0000000020000369        0x3 
 .bss.s_flexcommIrqHandler
                0x000000002000036c       0x24 ./drivers/fsl_flexcomm.o
 .bss.s_flexcommHandle
                0x0000000020000390       0x24 ./drivers/fsl_flexcomm.o
 .bss.__end_of_heap
                0x00000000200003b4        0x4 /usr/local/mcuxpressoide-11.4.0_6224/ide/plugins/com.nxp.mcuxpresso.tools.linux_11.4.0.202103011116/tools/bin/../lib/gcc/arm-none-eabi/10.2.1/../../../../arm-none-eabi/lib/thumb/v8-m.main+fp/hard/libcr_c.a(__init_alloc.o)
                0x00000000200003b4                __end_of_heap
 .bss.__heaps   0x00000000200003b8        0x4 /usr/local/mcuxpressoide-11.4.0_6224/ide/plugins/com.nxp.mcuxpresso.tools.linux_11.4.0.202103011116/tools/bin/../lib/gcc/arm-none-eabi/10.2.1/../../../../arm-none-eabi/lib/thumb/v8-m.main+fp/hard/libcr_c.a(__init_alloc.o)
                0x00000000200003b8                __heaps
 .bss.errno     0x00000000200003bc        0x4 /usr/local/mcuxpressoide-11.4.0_6224/ide/plugins/com.nxp.mcuxpresso.tools.linux_11.4.0.202103011116/tools/bin/../lib/gcc/arm-none-eabi/10.2.1/../../../../arm-none-eabi/lib/thumb/v8-m.main+fp/hard/libcr_c.a(errno.o)
                0x00000000200003bc                errno
 .bss.__Ciob    0x00000000200003c0       0xb4 /usr/local/mcuxpressoide-11.4.0_6224/ide/plugins/com.nxp.mcuxpresso.tools.linux_11.4.0.202103011116/tools/bin/../lib/gcc/arm-none-eabi/10.2.1/../../../../arm-none-eabi/lib/thumb/v8-m.main+fp/hard/libcr_nohost_nf.a(__ciob.o)
                0x00000000200003c0                __Ciob
 .bss.i.2       0x0000000020000474        0x1 ./src/main.o
 .bss.sp2.0     0x0000000020000475        0x1 ./src/main.o
 .bss.messagePending
                0x0000000020000476        0x1 ./src/uart.o
                0x0000000020000476                messagePending
 *(SORT_BY_ALIGNMENT(COMMON))
                0x0000000020000478                . = ALIGN (0x4)
 *fill*         0x0000000020000477        0x1 
                0x0000000020000478                _ebss = .
                [!provide]                        PROVIDE (__end_bss_RAM = .)
                [!provide]                        PROVIDE (__end_bss_SRAM = .)
                [!provide]                        PROVIDE (end = .)

.noinit_RAM2    0x0000000020010000        0x0
                [!provide]                        PROVIDE (__start_noinit_RAM2 = .)
                [!provide]                        PROVIDE (__start_noinit_USB_RAM = .)
 *(SORT_BY_ALIGNMENT(.noinit.$RAM2))
 *(SORT_BY_ALIGNMENT(.noinit.$USB_RAM))
 *(SORT_BY_ALIGNMENT(.noinit.$RAM2.*))
 *(SORT_BY_ALIGNMENT(.noinit.$USB_RAM.*))
                0x0000000020010000                . = ALIGN (0x4)
                [!provide]                        PROVIDE (__end_noinit_RAM2 = .)
                [!provide]                        PROVIDE (__end_noinit_USB_RAM = .)

.noinit_RAM3    0x0000000004000000        0x0
                [!provide]                        PROVIDE (__start_noinit_RAM3 = .)
                [!provide]                        PROVIDE (__start_noinit_SRAMX = .)
 *(SORT_BY_ALIGNMENT(.noinit.$RAM3))
 *(SORT_BY_ALIGNMENT(.noinit.$SRAMX))
 *(SORT_BY_ALIGNMENT(.noinit.$RAM3.*))
 *(SORT_BY_ALIGNMENT(.noinit.$SRAMX.*))
                0x0000000004000000                . = ALIGN (0x4)
                [!provide]                        PROVIDE (__end_noinit_RAM3 = .)
                [!provide]                        PROVIDE (__end_noinit_SRAMX = .)

.noinit         0x0000000020000478        0x0
                0x0000000020000478                _noinit = .
                [!provide]                        PROVIDE (__start_noinit_RAM = .)
                [!provide]                        PROVIDE (__start_noinit_SRAM = .)
 *(SORT_BY_ALIGNMENT(.noinit*))
                0x0000000020000478                . = ALIGN (0x4)
                0x0000000020000478                _end_noinit = .
                [!provide]                        PROVIDE (__end_noinit_RAM = .)
                [!provide]                        PROVIDE (__end_noinit_SRAM = .)
                0x0000000000001000                _HeapSize = 0x1000

.heap           0x0000000020000478     0x1000
                0x0000000020000478                _pvHeapStart = .
                0x0000000020001478                . = (. + _HeapSize)
 *fill*         0x0000000020000478     0x1000 
                0x0000000020001478                . = ALIGN (0x4)
                0x0000000020001478                _pvHeapLimit = .
                0x0000000000001000                _StackSize = 0x1000

.heap2stackfill
                0x0000000020001478     0x1000
                0x0000000020002478                . = (. + _StackSize)
 *fill*         0x0000000020001478     0x1000 

.stack          0x000000002000f000        0x0
                0x000000002000f000                _vStackBase = .
                0x000000002000f000                . = ALIGN (0x4)
                0x0000000020010000                _vStackTop = (. + _StackSize)
                [!provide]                        PROVIDE (__valid_user_code_checksum = (0x0 - ((((((_vStackTop + (ResetISR + 0x1)) + (NMI_Handler + 0x1)) + (HardFault_Handler + 0x1)) + (DEFINED (MemManage_Handler)?MemManage_Handler:0x0 + 0x1)) + (DEFINED (BusFault_Handler)?BusFault_Handler:0x0 + 0x1)) + (DEFINED (UsageFault_Handler)?UsageFault_Handler:0x0 + 0x1))))
                0x0000000000000000                _image_start = LOADADDR (.text)
                0x0000000000005710                _image_end = (LOADADDR (.data) + SIZEOF (.data))
                0x0000000000005710                _image_size = (_image_end - _image_start)
OUTPUT(simpleExampleBareMetal.axf elf32-littlearm)
LOAD linker stubs

.debug_info     0x0000000000000000    0x154da
 .debug_info    0x0000000000000000       0xaa ./utilities/fsl_assert.o
 .debug_info    0x00000000000000aa      0xc6d ./utilities/fsl_debug_console.o
 .debug_info    0x0000000000000d17      0x71a ./startup/startup_lpc55s16.o
 .debug_info    0x0000000000001431      0x82d ./src/main.o
 .debug_info    0x0000000000001c5e      0x972 ./src/monitoring.o
 .debug_info    0x00000000000025d0      0x6ff ./src/uart.o
 .debug_info    0x0000000000002ccf     0x3412 ./drivers/fsl_clock.o
 .debug_info    0x00000000000060e1       0xf5 ./drivers/fsl_common_arm.o
 .debug_info    0x00000000000061d6     0x22bc ./drivers/fsl_ctimer.o
 .debug_info    0x0000000000008492     0x1b4b ./drivers/fsl_flexcomm.o
 .debug_info    0x0000000000009fdd      0xf81 ./drivers/fsl_reset.o
 .debug_info    0x000000000000af5e     0x1767 ./drivers/fsl_usart.o
 .debug_info    0x000000000000c6c5     0x153d ./device/system_LPC55S16.o
 .debug_info    0x000000000000dc02     0x1681 ./board/clock_config.o
 .debug_info    0x000000000000f283     0x11e3 ./board/peripherals.o
 .debug_info    0x0000000000010466     0x1059 ./board/pin_mux.o
 .debug_info    0x00000000000114bf     0x401b /media/olivier/DATADISK/GAW-R/04-Projets/11-serialDataMonitor/ecu/exampleLPC55S16BareMetal/simpleExampleBareMetal/LPC55S16/mcuxpresso/libpower_hardabi.a(fsl_power_lib.o)

.debug_abbrev   0x0000000000000000     0x25c7
 .debug_abbrev  0x0000000000000000       0x66 ./utilities/fsl_assert.o
 .debug_abbrev  0x0000000000000066      0x239 ./utilities/fsl_debug_console.o
 .debug_abbrev  0x000000000000029f      0x165 ./startup/startup_lpc55s16.o
 .debug_abbrev  0x0000000000000404      0x21e ./src/main.o
 .debug_abbrev  0x0000000000000622      0x29d ./src/monitoring.o
 .debug_abbrev  0x00000000000008bf      0x1cf ./src/uart.o
 .debug_abbrev  0x0000000000000a8e      0x35a ./drivers/fsl_clock.o
 .debug_abbrev  0x0000000000000de8       0x92 ./drivers/fsl_common_arm.o
 .debug_abbrev  0x0000000000000e7a      0x382 ./drivers/fsl_ctimer.o
 .debug_abbrev  0x00000000000011fc      0x2c0 ./drivers/fsl_flexcomm.o
 .debug_abbrev  0x00000000000014bc      0x15a ./drivers/fsl_reset.o
 .debug_abbrev  0x0000000000001616      0x302 ./drivers/fsl_usart.o
 .debug_abbrev  0x0000000000001918      0x20b ./device/system_LPC55S16.o
 .debug_abbrev  0x0000000000001b23      0x1ea ./board/clock_config.o
 .debug_abbrev  0x0000000000001d0d      0x243 ./board/peripherals.o
 .debug_abbrev  0x0000000000001f50      0x1d9 ./board/pin_mux.o
 .debug_abbrev  0x0000000000002129      0x49e /media/olivier/DATADISK/GAW-R/04-Projets/11-serialDataMonitor/ecu/exampleLPC55S16BareMetal/simpleExampleBareMetal/LPC55S16/mcuxpresso/libpower_hardabi.a(fsl_power_lib.o)

.debug_aranges  0x0000000000000000      0xb10
 .debug_aranges
                0x0000000000000000       0x20 ./utilities/fsl_assert.o
 .debug_aranges
                0x0000000000000020       0x70 ./utilities/fsl_debug_console.o
 .debug_aranges
                0x0000000000000090      0x270 ./startup/startup_lpc55s16.o
 .debug_aranges
                0x0000000000000300       0x30 ./src/main.o
 .debug_aranges
                0x0000000000000330       0x90 ./src/monitoring.o
 .debug_aranges
                0x00000000000003c0       0x40 ./src/uart.o
 .debug_aranges
                0x0000000000000400      0x248 ./drivers/fsl_clock.o
 .debug_aranges
                0x0000000000000648       0x28 ./drivers/fsl_common_arm.o
 .debug_aranges
                0x0000000000000670       0xe0 ./drivers/fsl_ctimer.o
 .debug_aranges
                0x0000000000000750       0x90 ./drivers/fsl_flexcomm.o
 .debug_aranges
                0x00000000000007e0       0x30 ./drivers/fsl_reset.o
 .debug_aranges
                0x0000000000000810       0xf8 ./drivers/fsl_usart.o
 .debug_aranges
                0x0000000000000908       0x88 ./device/system_LPC55S16.o
 .debug_aranges
                0x0000000000000990       0x50 ./board/clock_config.o
 .debug_aranges
                0x00000000000009e0       0x50 ./board/peripherals.o
 .debug_aranges
                0x0000000000000a30       0x38 ./board/pin_mux.o
 .debug_aranges
                0x0000000000000a68       0xa8 /media/olivier/DATADISK/GAW-R/04-Projets/11-serialDataMonitor/ecu/exampleLPC55S16BareMetal/simpleExampleBareMetal/LPC55S16/mcuxpresso/libpower_hardabi.a(fsl_power_lib.o)

.debug_ranges   0x0000000000000000      0xb40
 .debug_ranges  0x0000000000000000       0x10 ./utilities/fsl_assert.o
 .debug_ranges  0x0000000000000010       0x60 ./utilities/fsl_debug_console.o
 .debug_ranges  0x0000000000000070      0x260 ./startup/startup_lpc55s16.o
 .debug_ranges  0x00000000000002d0       0x20 ./src/main.o
 .debug_ranges  0x00000000000002f0       0x80 ./src/monitoring.o
 .debug_ranges  0x0000000000000370       0x30 ./src/uart.o
 .debug_ranges  0x00000000000003a0      0x238 ./drivers/fsl_clock.o
 .debug_ranges  0x00000000000005d8       0x18 ./drivers/fsl_common_arm.o
 .debug_ranges  0x00000000000005f0       0xd0 ./drivers/fsl_ctimer.o
 .debug_ranges  0x00000000000006c0       0x80 ./drivers/fsl_flexcomm.o
 .debug_ranges  0x0000000000000740       0x20 ./drivers/fsl_reset.o
 .debug_ranges  0x0000000000000760       0xe8 ./drivers/fsl_usart.o
 .debug_ranges  0x0000000000000848       0x78 ./device/system_LPC55S16.o
 .debug_ranges  0x00000000000008c0       0x40 ./board/clock_config.o
 .debug_ranges  0x0000000000000900       0x40 ./board/peripherals.o
 .debug_ranges  0x0000000000000940       0x28 ./board/pin_mux.o
 .debug_ranges  0x0000000000000968      0x1d8 /media/olivier/DATADISK/GAW-R/04-Projets/11-serialDataMonitor/ecu/exampleLPC55S16BareMetal/simpleExampleBareMetal/LPC55S16/mcuxpresso/libpower_hardabi.a(fsl_power_lib.o)

.debug_macro    0x0000000000000000    0x17036
 .debug_macro   0x0000000000000000      0x13f ./utilities/fsl_assert.o
 .debug_macro   0x000000000000013f      0xaae ./utilities/fsl_assert.o
 .debug_macro   0x0000000000000bed       0x10 ./utilities/fsl_assert.o
 .debug_macro   0x0000000000000bfd       0x1c ./utilities/fsl_assert.o
 .debug_macro   0x0000000000000c19       0x22 ./utilities/fsl_assert.o
 .debug_macro   0x0000000000000c3b      0x12e ./utilities/fsl_assert.o
 .debug_macro   0x0000000000000d69      0x5b3 ./utilities/fsl_assert.o
 .debug_macro   0x000000000000131c       0x22 ./utilities/fsl_assert.o
 .debug_macro   0x000000000000133e       0x10 ./utilities/fsl_assert.o
 .debug_macro   0x000000000000134e       0x46 ./utilities/fsl_assert.o
 .debug_macro   0x0000000000001394       0x1c ./utilities/fsl_assert.o
 .debug_macro   0x00000000000013b0       0x29 ./utilities/fsl_assert.o
 .debug_macro   0x00000000000013d9       0xfb ./utilities/fsl_assert.o
 .debug_macro   0x00000000000014d4     0x1336 ./utilities/fsl_assert.o
 .debug_macro   0x000000000000280a       0x5e ./utilities/fsl_assert.o
 .debug_macro   0x0000000000002868       0x2e ./utilities/fsl_assert.o
 .debug_macro   0x0000000000002896    0x121a2 ./utilities/fsl_assert.o
 .debug_macro   0x0000000000014a38      0x3e8 ./utilities/fsl_assert.o
 .debug_macro   0x0000000000014e20       0x7a ./utilities/fsl_assert.o
 .debug_macro   0x0000000000014e9a       0xa1 ./utilities/fsl_assert.o
 .debug_macro   0x0000000000014f3b      0x2df ./utilities/fsl_assert.o
 .debug_macro   0x000000000001521a       0x16 ./utilities/fsl_assert.o
 .debug_macro   0x0000000000015230       0xba ./utilities/fsl_assert.o
 .debug_macro   0x00000000000152ea       0x46 ./utilities/fsl_assert.o
 .debug_macro   0x0000000000015330      0x165 ./utilities/fsl_debug_console.o
 .debug_macro   0x0000000000015495       0x16 ./utilities/fsl_debug_console.o
 .debug_macro   0x00000000000154ab       0x10 ./utilities/fsl_debug_console.o
 .debug_macro   0x00000000000154bb       0x28 ./utilities/fsl_debug_console.o
 .debug_macro   0x00000000000154e3       0xc4 ./utilities/fsl_debug_console.o
 .debug_macro   0x00000000000155a7       0x40 ./utilities/fsl_debug_console.o
 .debug_macro   0x00000000000155e7       0x40 ./utilities/fsl_debug_console.o
 .debug_macro   0x0000000000015627       0x29 ./startup/startup_lpc55s16.o
 .debug_macro   0x0000000000015650      0x193 ./src/main.o
 .debug_macro   0x00000000000157e3       0xc4 ./src/main.o
 .debug_macro   0x00000000000158a7       0x22 ./src/main.o
 .debug_macro   0x00000000000158c9       0x10 ./src/main.o
 .debug_macro   0x00000000000158d9       0x40 ./src/main.o
 .debug_macro   0x0000000000015919       0x2e ./src/main.o
 .debug_macro   0x0000000000015947       0x35 ./src/main.o
 .debug_macro   0x000000000001597c      0x2e8 ./src/main.o
 .debug_macro   0x0000000000015c64       0x83 ./src/monitoring.o
 .debug_macro   0x0000000000015ce7       0xd8 ./src/monitoring.o
 .debug_macro   0x0000000000015dbf      0x16f ./src/uart.o
 .debug_macro   0x0000000000015f2e       0x1c ./src/uart.o
 .debug_macro   0x0000000000015f4a      0x1e5 ./drivers/fsl_clock.o
 .debug_macro   0x000000000001612f      0x2e2 ./drivers/fsl_clock.o
 .debug_macro   0x0000000000016411      0x13c ./drivers/fsl_common_arm.o
 .debug_macro   0x000000000001654d      0x14c ./drivers/fsl_ctimer.o
 .debug_macro   0x0000000000016699      0x145 ./drivers/fsl_flexcomm.o
 .debug_macro   0x00000000000167de       0x10 ./drivers/fsl_flexcomm.o
 .debug_macro   0x00000000000167ee      0x13c ./drivers/fsl_reset.o
 .debug_macro   0x000000000001692a      0x154 ./drivers/fsl_usart.o
 .debug_macro   0x0000000000016a7e       0xc1 ./device/system_LPC55S16.o
 .debug_macro   0x0000000000016b3f      0x152 ./board/clock_config.o
 .debug_macro   0x0000000000016c91      0x15f ./board/peripherals.o
 .debug_macro   0x0000000000016df0      0x148 ./board/pin_mux.o
 .debug_macro   0x0000000000016f38       0xfe ./board/pin_mux.o

.debug_line     0x0000000000000000     0x967d
 .debug_line    0x0000000000000000      0x436 ./utilities/fsl_assert.o
 .debug_line    0x0000000000000436      0xd17 ./utilities/fsl_debug_console.o
 .debug_line    0x000000000000114d      0x6be ./startup/startup_lpc55s16.o
 .debug_line    0x000000000000180b      0x761 ./src/main.o
 .debug_line    0x0000000000001f6c      0x634 ./src/monitoring.o
 .debug_line    0x00000000000025a0      0x571 ./src/uart.o
 .debug_line    0x0000000000002b11     0x19d7 ./drivers/fsl_clock.o
 .debug_line    0x00000000000044e8      0x3d8 ./drivers/fsl_common_arm.o
 .debug_line    0x00000000000048c0      0x941 ./drivers/fsl_ctimer.o
 .debug_line    0x0000000000005201      0x67a ./drivers/fsl_flexcomm.o
 .debug_line    0x000000000000587b      0x431 ./drivers/fsl_reset.o
 .debug_line    0x0000000000005cac      0xf36 ./drivers/fsl_usart.o
 .debug_line    0x0000000000006be2      0x6b4 ./device/system_LPC55S16.o
 .debug_line    0x0000000000007296      0x5d3 ./board/clock_config.o
 .debug_line    0x0000000000007869      0x514 ./board/peripherals.o
 .debug_line    0x0000000000007d7d      0x49f ./board/pin_mux.o
 .debug_line    0x000000000000821c     0x1461 /media/olivier/DATADISK/GAW-R/04-Projets/11-serialDataMonitor/ecu/exampleLPC55S16BareMetal/simpleExampleBareMetal/LPC55S16/mcuxpresso/libpower_hardabi.a(fsl_power_lib.o)

.debug_str      0x0000000000000000    0xc3932
 .debug_str     0x0000000000000000    0xb88ad ./utilities/fsl_assert.o
                                      0xb893f (size before relaxing)
 .debug_str     0x00000000000b88ad     0x16c2 ./utilities/fsl_debug_console.o
                                      0xba056 (size before relaxing)
 .debug_str     0x00000000000b9f6f      0x6d1 ./startup/startup_lpc55s16.o
                                       0x34e7 (size before relaxing)
 .debug_str     0x00000000000ba640     0x17fa ./src/main.o
                                      0xbae7d (size before relaxing)
 .debug_str     0x00000000000bbe3a      0x5dc ./src/monitoring.o
                                       0x51f5 (size before relaxing)
 .debug_str     0x00000000000bc416      0x1c7 ./src/uart.o
                                      0xb9657 (size before relaxing)
 .debug_str     0x00000000000bc5dd     0x30df ./drivers/fsl_clock.o
                                      0xbd513 (size before relaxing)
 .debug_str     0x00000000000bf6bc       0x82 ./drivers/fsl_common_arm.o
                                      0xb8879 (size before relaxing)
 .debug_str     0x00000000000bf73e     0x1062 ./drivers/fsl_ctimer.o
                                      0xbb0d9 (size before relaxing)
 .debug_str     0x00000000000c07a0      0x345 ./drivers/fsl_flexcomm.o
                                      0xbac04 (size before relaxing)
 .debug_str     0x00000000000c0ae5       0xae ./drivers/fsl_reset.o
                                      0xb9606 (size before relaxing)
 .debug_str     0x00000000000c0b93      0xad6 ./drivers/fsl_usart.o
                                      0xba515 (size before relaxing)
 .debug_str     0x00000000000c1669      0x1fd ./device/system_LPC55S16.o
                                      0xb6d76 (size before relaxing)
 .debug_str     0x00000000000c1866       0xac ./board/clock_config.o
                                      0xbb52d (size before relaxing)
 .debug_str     0x00000000000c1912       0xab ./board/peripherals.o
                                      0xba7ac (size before relaxing)
 .debug_str     0x00000000000c19bd      0x5fd ./board/pin_mux.o
                                      0xb9c28 (size before relaxing)
 .debug_str     0x00000000000c1fba     0x1978 /media/olivier/DATADISK/GAW-R/04-Projets/11-serialDataMonitor/ecu/exampleLPC55S16BareMetal/simpleExampleBareMetal/LPC55S16/mcuxpresso/libpower_hardabi.a(fsl_power_lib.o)
                                       0x4921 (size before relaxing)

.comment        0x0000000000000000       0xc6
 .comment       0x0000000000000000       0x4d ./utilities/fsl_assert.o
                                         0x4e (size before relaxing)
 .comment       0x000000000000004d       0x4e ./utilities/fsl_debug_console.o
 .comment       0x000000000000004d       0x4e ./startup/startup_lpc55s16.o
 .comment       0x000000000000004d       0x4e ./src/main.o
 .comment       0x000000000000004d       0x4e ./src/monitoring.o
 .comment       0x000000000000004d       0x4e ./src/uart.o
 .comment       0x000000000000004d       0x4e ./drivers/fsl_clock.o
 .comment       0x000000000000004d       0x4e ./drivers/fsl_common_arm.o
 .comment       0x000000000000004d       0x4e ./drivers/fsl_ctimer.o
 .comment       0x000000000000004d       0x4e ./drivers/fsl_flexcomm.o
 .comment       0x000000000000004d       0x4e ./drivers/fsl_reset.o
 .comment       0x000000000000004d       0x4e ./drivers/fsl_usart.o
 .comment       0x000000000000004d       0x4e ./device/system_LPC55S16.o
 .comment       0x000000000000004d       0x4e ./board/clock_config.o
 .comment       0x000000000000004d       0x4e ./board/peripherals.o
 .comment       0x000000000000004d       0x4e ./board/pin_mux.o
 .comment       0x000000000000004d       0x79 /media/olivier/DATADISK/GAW-R/04-Projets/11-serialDataMonitor/ecu/exampleLPC55S16BareMetal/simpleExampleBareMetal/LPC55S16/mcuxpresso/libpower_hardabi.a(fsl_power_lib.o)
                                         0x7a (size before relaxing)
 .comment       0x00000000000000c6       0x4e /usr/local/mcuxpressoide-11.4.0_6224/ide/plugins/com.nxp.mcuxpresso.tools.linux_11.4.0.202103011116/tools/bin/../lib/gcc/arm-none-eabi/10.2.1/../../../../arm-none-eabi/lib/thumb/v8-m.main+fp/hard/libcr_nohost_nf.a(_cr__main.o)
 .comment       0x00000000000000c6       0x4e /usr/local/mcuxpressoide-11.4.0_6224/ide/plugins/com.nxp.mcuxpresso.tools.linux_11.4.0.202103011116/tools/bin/../lib/gcc/arm-none-eabi/10.2.1/../../../../arm-none-eabi/lib/thumb/v8-m.main+fp/hard/libcr_c.a(sinf.o)
 .comment       0x00000000000000c6       0x4e /usr/local/mcuxpressoide-11.4.0_6224/ide/plugins/com.nxp.mcuxpresso.tools.linux_11.4.0.202103011116/tools/bin/../lib/gcc/arm-none-eabi/10.2.1/../../../../arm-none-eabi/lib/thumb/v8-m.main+fp/hard/libcr_c.a(memcpy.o)
 .comment       0x00000000000000c6       0x4e /usr/local/mcuxpressoide-11.4.0_6224/ide/plugins/com.nxp.mcuxpresso.tools.linux_11.4.0.202103011116/tools/bin/../lib/gcc/arm-none-eabi/10.2.1/../../../../arm-none-eabi/lib/thumb/v8-m.main+fp/hard/libcr_c.a(memset.o)
 .comment       0x00000000000000c6       0x4e /usr/local/mcuxpressoide-11.4.0_6224/ide/plugins/com.nxp.mcuxpresso.tools.linux_11.4.0.202103011116/tools/bin/../lib/gcc/arm-none-eabi/10.2.1/../../../../arm-none-eabi/lib/thumb/v8-m.main+fp/hard/libcr_c.a(alloc.o)
 .comment       0x00000000000000c6       0x4e /usr/local/mcuxpressoide-11.4.0_6224/ide/plugins/com.nxp.mcuxpresso.tools.linux_11.4.0.202103011116/tools/bin/../lib/gcc/arm-none-eabi/10.2.1/../../../../arm-none-eabi/lib/thumb/v8-m.main+fp/hard/libcr_c.a(initio.o)
 .comment       0x00000000000000c6       0x4e /usr/local/mcuxpressoide-11.4.0_6224/ide/plugins/com.nxp.mcuxpresso.tools.linux_11.4.0.202103011116/tools/bin/../lib/gcc/arm-none-eabi/10.2.1/../../../../arm-none-eabi/lib/thumb/v8-m.main+fp/hard/libcr_c.a(printf.o)
 .comment       0x00000000000000c6       0x4e /usr/local/mcuxpressoide-11.4.0_6224/ide/plugins/com.nxp.mcuxpresso.tools.linux_11.4.0.202103011116/tools/bin/../lib/gcc/arm-none-eabi/10.2.1/../../../../arm-none-eabi/lib/thumb/v8-m.main+fp/hard/libcr_c.a(setvbuf.o)
 .comment       0x00000000000000c6       0x4e /usr/local/mcuxpressoide-11.4.0_6224/ide/plugins/com.nxp.mcuxpresso.tools.linux_11.4.0.202103011116/tools/bin/../lib/gcc/arm-none-eabi/10.2.1/../../../../arm-none-eabi/lib/thumb/v8-m.main+fp/hard/libcr_c.a(stdlib.o)
 .comment       0x00000000000000c6       0x4e /usr/local/mcuxpressoide-11.4.0_6224/ide/plugins/com.nxp.mcuxpresso.tools.linux_11.4.0.202103011116/tools/bin/../lib/gcc/arm-none-eabi/10.2.1/../../../../arm-none-eabi/lib/thumb/v8-m.main+fp/hard/libcr_c.a(strcpy.o)
 .comment       0x00000000000000c6       0x4e /usr/local/mcuxpressoide-11.4.0_6224/ide/plugins/com.nxp.mcuxpresso.tools.linux_11.4.0.202103011116/tools/bin/../lib/gcc/arm-none-eabi/10.2.1/../../../../arm-none-eabi/lib/thumb/v8-m.main+fp/hard/libcr_c.a(strlen.o)
 .comment       0x00000000000000c6       0x4e /usr/local/mcuxpressoide-11.4.0_6224/ide/plugins/com.nxp.mcuxpresso.tools.linux_11.4.0.202103011116/tools/bin/../lib/gcc/arm-none-eabi/10.2.1/../../../../arm-none-eabi/lib/thumb/v8-m.main+fp/hard/libcr_c.a(_sincosf.o)
 .comment       0x00000000000000c6       0x4e /usr/local/mcuxpressoide-11.4.0_6224/ide/plugins/com.nxp.mcuxpresso.tools.linux_11.4.0.202103011116/tools/bin/../lib/gcc/arm-none-eabi/10.2.1/../../../../arm-none-eabi/lib/thumb/v8-m.main+fp/hard/libcr_c.a(fabsf.o)
 .comment       0x00000000000000c6       0x4e /usr/local/mcuxpressoide-11.4.0_6224/ide/plugins/com.nxp.mcuxpresso.tools.linux_11.4.0.202103011116/tools/bin/../lib/gcc/arm-none-eabi/10.2.1/../../../../arm-none-eabi/lib/thumb/v8-m.main+fp/hard/libcr_c.a(__init_alloc.o)
 .comment       0x00000000000000c6       0x4e /usr/local/mcuxpressoide-11.4.0_6224/ide/plugins/com.nxp.mcuxpresso.tools.linux_11.4.0.202103011116/tools/bin/../lib/gcc/arm-none-eabi/10.2.1/../../../../arm-none-eabi/lib/thumb/v8-m.main+fp/hard/libcr_c.a(_cr_sbrk.o)
 .comment       0x00000000000000c6       0x4e /usr/local/mcuxpressoide-11.4.0_6224/ide/plugins/com.nxp.mcuxpresso.tools.linux_11.4.0.202103011116/tools/bin/../lib/gcc/arm-none-eabi/10.2.1/../../../../arm-none-eabi/lib/thumb/v8-m.main+fp/hard/libcr_c.a(_deferredlazyseek.o)
 .comment       0x00000000000000c6       0x4e /usr/local/mcuxpressoide-11.4.0_6224/ide/plugins/com.nxp.mcuxpresso.tools.linux_11.4.0.202103011116/tools/bin/../lib/gcc/arm-none-eabi/10.2.1/../../../../arm-none-eabi/lib/thumb/v8-m.main+fp/hard/libcr_c.a(_fdopen.o)
 .comment       0x00000000000000c6       0x4e /usr/local/mcuxpressoide-11.4.0_6224/ide/plugins/com.nxp.mcuxpresso.tools.linux_11.4.0.202103011116/tools/bin/../lib/gcc/arm-none-eabi/10.2.1/../../../../arm-none-eabi/lib/thumb/v8-m.main+fp/hard/libcr_c.a(_fflush.o)
 .comment       0x00000000000000c6       0x4e /usr/local/mcuxpressoide-11.4.0_6224/ide/plugins/com.nxp.mcuxpresso.tools.linux_11.4.0.202103011116/tools/bin/../lib/gcc/arm-none-eabi/10.2.1/../../../../arm-none-eabi/lib/thumb/v8-m.main+fp/hard/libcr_c.a(_writebuf.o)
 .comment       0x00000000000000c6       0x4e /usr/local/mcuxpressoide-11.4.0_6224/ide/plugins/com.nxp.mcuxpresso.tools.linux_11.4.0.202103011116/tools/bin/../lib/gcc/arm-none-eabi/10.2.1/../../../../arm-none-eabi/lib/thumb/v8-m.main+fp/hard/libcr_c.a(errno.o)
 .comment       0x00000000000000c6       0x4e /usr/local/mcuxpressoide-11.4.0_6224/ide/plugins/com.nxp.mcuxpresso.tools.linux_11.4.0.202103011116/tools/bin/../lib/gcc/arm-none-eabi/10.2.1/../../../../arm-none-eabi/lib/thumb/v8-m.main+fp/hard/libcr_c.a(fclose.o)
 .comment       0x00000000000000c6       0x4e /usr/local/mcuxpressoide-11.4.0_6224/ide/plugins/com.nxp.mcuxpresso.tools.linux_11.4.0.202103011116/tools/bin/../lib/gcc/arm-none-eabi/10.2.1/../../../../arm-none-eabi/lib/thumb/v8-m.main+fp/hard/libcr_c.a(fflush.o)
 .comment       0x00000000000000c6       0x4e /usr/local/mcuxpressoide-11.4.0_6224/ide/plugins/com.nxp.mcuxpresso.tools.linux_11.4.0.202103011116/tools/bin/../lib/gcc/arm-none-eabi/10.2.1/../../../../arm-none-eabi/lib/thumb/v8-m.main+fp/hard/libcr_c.a(fseek.o)
 .comment       0x00000000000000c6       0x4e /usr/local/mcuxpressoide-11.4.0_6224/ide/plugins/com.nxp.mcuxpresso.tools.linux_11.4.0.202103011116/tools/bin/../lib/gcc/arm-none-eabi/10.2.1/../../../../arm-none-eabi/lib/thumb/v8-m.main+fp/hard/libcr_c.a(ftell.o)
 .comment       0x00000000000000c6       0x4e /usr/local/mcuxpressoide-11.4.0_6224/ide/plugins/com.nxp.mcuxpresso.tools.linux_11.4.0.202103011116/tools/bin/../lib/gcc/arm-none-eabi/10.2.1/../../../../arm-none-eabi/lib/thumb/v8-m.main+fp/hard/libcr_c.a(remove.o)
 .comment       0x00000000000000c6       0x4e /usr/local/mcuxpressoide-11.4.0_6224/ide/plugins/com.nxp.mcuxpresso.tools.linux_11.4.0.202103011116/tools/bin/../lib/gcc/arm-none-eabi/10.2.1/../../../../arm-none-eabi/lib/thumb/v8-m.main+fp/hard/libcr_c.a(_cr_check_heap.o)
 .comment       0x00000000000000c6       0x4e /usr/local/mcuxpressoide-11.4.0_6224/ide/plugins/com.nxp.mcuxpresso.tools.linux_11.4.0.202103011116/tools/bin/../lib/gcc/arm-none-eabi/10.2.1/../../../../arm-none-eabi/lib/thumb/v8-m.main+fp/hard/libcr_c.a(_do_fflush.o)
 .comment       0x00000000000000c6       0x4e /usr/local/mcuxpressoide-11.4.0_6224/ide/plugins/com.nxp.mcuxpresso.tools.linux_11.4.0.202103011116/tools/bin/../lib/gcc/arm-none-eabi/10.2.1/thumb/v8-m.main+fp/hard/libcr_eabihelpers.a(double.o)
 .comment       0x00000000000000c6       0x4e /usr/local/mcuxpressoide-11.4.0_6224/ide/plugins/com.nxp.mcuxpresso.tools.linux_11.4.0.202103011116/tools/bin/../lib/gcc/arm-none-eabi/10.2.1/thumb/v8-m.main+fp/hard/libcr_eabihelpers.a(float.o)
 .comment       0x00000000000000c6       0x4e /usr/local/mcuxpressoide-11.4.0_6224/ide/plugins/com.nxp.mcuxpresso.tools.linux_11.4.0.202103011116/tools/bin/../lib/gcc/arm-none-eabi/10.2.1/../../../../arm-none-eabi/lib/thumb/v8-m.main+fp/hard/libcr_nohost_nf.a(__ciob.o)
 .comment       0x00000000000000c6       0x4e /usr/local/mcuxpressoide-11.4.0_6224/ide/plugins/com.nxp.mcuxpresso.tools.linux_11.4.0.202103011116/tools/bin/../lib/gcc/arm-none-eabi/10.2.1/../../../../arm-none-eabi/lib/thumb/v8-m.main+fp/hard/libcr_nohost_nf.a(__sys_appexit.o)
 .comment       0x00000000000000c6       0x4e /usr/local/mcuxpressoide-11.4.0_6224/ide/plugins/com.nxp.mcuxpresso.tools.linux_11.4.0.202103011116/tools/bin/../lib/gcc/arm-none-eabi/10.2.1/../../../../arm-none-eabi/lib/thumb/v8-m.main+fp/hard/libcr_nohost_nf.a(__sys_close.o)
 .comment       0x00000000000000c6       0x4e /usr/local/mcuxpressoide-11.4.0_6224/ide/plugins/com.nxp.mcuxpresso.tools.linux_11.4.0.202103011116/tools/bin/../lib/gcc/arm-none-eabi/10.2.1/../../../../arm-none-eabi/lib/thumb/v8-m.main+fp/hard/libcr_nohost_nf.a(__sys_flen.o)
 .comment       0x00000000000000c6       0x4e /usr/local/mcuxpressoide-11.4.0_6224/ide/plugins/com.nxp.mcuxpresso.tools.linux_11.4.0.202103011116/tools/bin/../lib/gcc/arm-none-eabi/10.2.1/../../../../arm-none-eabi/lib/thumb/v8-m.main+fp/hard/libcr_nohost_nf.a(__sys_istty.o)
 .comment       0x00000000000000c6       0x4e /usr/local/mcuxpressoide-11.4.0_6224/ide/plugins/com.nxp.mcuxpresso.tools.linux_11.4.0.202103011116/tools/bin/../lib/gcc/arm-none-eabi/10.2.1/../../../../arm-none-eabi/lib/thumb/v8-m.main+fp/hard/libcr_nohost_nf.a(__sys_remove.o)
 .comment       0x00000000000000c6       0x4e /usr/local/mcuxpressoide-11.4.0_6224/ide/plugins/com.nxp.mcuxpresso.tools.linux_11.4.0.202103011116/tools/bin/../lib/gcc/arm-none-eabi/10.2.1/../../../../arm-none-eabi/lib/thumb/v8-m.main+fp/hard/libcr_nohost_nf.a(__sys_seek.o)