../device/system_LPC55S16.c:60:17:findPll0PreDiv	16	static
../device/system_LPC55S16.c:77:17:findPll0PostDiv	16	static
../device/system_LPC55S16.c:100:14:findPll0MMult	24	static
../device/system_LPC55S16.c:127:17:findPll1PreDiv	16	static
../device/system_LPC55S16.c:144:17:findPll1PostDiv	16	static
../device/system_LPC55S16.c:167:17:findPll1MMult	16	static
../device/system_LPC55S16.c:184:17:GetFro12MFreq	4	static
../device/system_LPC55S16.c:193:17:GetFro1MFreq	4	static
../device/system_LPC55S16.c:202:17:GetExtClkFreq	4	static
../device/system_LPC55S16.c:211:17:GetFroHfFreq	4	static
../device/system_LPC55S16.c:220:17:GetOsc32KFreq	4	static
../device/system_LPC55S16.c:241:28:SystemInit	8	static
../device/system_LPC55S16.c:291:6:SystemCoreClockUpdate	96	static
../device/system_LPC55S16.c:398:28:SystemInitHook	4	static
